Component: ARM Compiler 5.06 update 7 (build 960) Tool: armlink [4d3601]

==============================================================================

Section Cross References

    api_eeprom.o(i.EEPROM_Device_Init) refers to log_system.o(i.Log_Message) for Log_Message
    api_eeprom.o(i.EEPROM_Device_Init) refers to api_eeprom.o(i.EEPROM_WriteByte) for EEPROM_WriteByte
    api_eeprom.o(i.EEPROM_Device_Init) refers to api_eeprom.o(i.EEPROM_ReadByte) for EEPROM_ReadByte
    api_eeprom.o(i.EEPROM_Device_Init) refers to api_eeprom.o(.conststring) for .conststring
    api_eeprom.o(i.EEPROM_ReadByte) refers to log_system.o(i.Log_Message) for Log_Message
    api_eeprom.o(i.EEPROM_ReadByte) refers to api_eeprom.o(i._EEPROM_GetAddressBytes) for _EEPROM_GetAddressBytes
    api_eeprom.o(i.EEPROM_ReadByte) refers to api_eeprom.o(.conststring) for .conststring
    api_eeprom.o(i.EEPROM_ReadByte) refers to i2c_driver.o(.constdata) for g_i2c_bus_ops
    api_eeprom.o(i.EEPROM_ReadBytes) refers to log_system.o(i.Log_Message) for Log_Message
    api_eeprom.o(i.EEPROM_ReadBytes) refers to api_eeprom.o(i._EEPROM_GetAddressBytes) for _EEPROM_GetAddressBytes
    api_eeprom.o(i.EEPROM_ReadBytes) refers to api_eeprom.o(.conststring) for .conststring
    api_eeprom.o(i.EEPROM_ReadBytes) refers to i2c_driver.o(.constdata) for g_i2c_bus_ops
    api_eeprom.o(i.EEPROM_WriteByte) refers to log_system.o(i.Log_Message) for Log_Message
    api_eeprom.o(i.EEPROM_WriteByte) refers to api_eeprom.o(i._EEPROM_GetAddressBytes) for _EEPROM_GetAddressBytes
    api_eeprom.o(i.EEPROM_WriteByte) refers to api_eeprom.o(.conststring) for .conststring
    api_eeprom.o(i.EEPROM_WriteByte) refers to i2c_driver.o(.constdata) for g_i2c_bus_ops
    api_eeprom.o(i.EEPROM_WriteByte) refers to rtos_abstraction.o(.data) for g_rtos_ops
    api_eeprom.o(i.EEPROM_WritePage) refers to log_system.o(i.Log_Message) for Log_Message
    api_eeprom.o(i.EEPROM_WritePage) refers to api_eeprom.o(i._EEPROM_GetAddressBytes) for _EEPROM_GetAddressBytes
    api_eeprom.o(i.EEPROM_WritePage) refers to memcpya.o(.text) for __aeabi_memcpy
    api_eeprom.o(i.EEPROM_WritePage) refers to api_eeprom.o(.conststring) for .conststring
    api_eeprom.o(i.EEPROM_WritePage) refers to i2c_driver.o(.constdata) for g_i2c_bus_ops
    api_eeprom.o(i.EEPROM_WritePage) refers to rtos_abstraction.o(.data) for g_rtos_ops
    api_wifi.o(i.ESP32_AT_ReceiveData) refers to log_system.o(i.Log_Message) for Log_Message
    api_wifi.o(i.ESP32_AT_ReceiveData) refers to ring_buffer.o(i.RingBuffer_Peek) for RingBuffer_Peek
    api_wifi.o(i.ESP32_AT_ReceiveData) refers to api_wifi.o(i.find_prefix) for find_prefix
    api_wifi.o(i.ESP32_AT_ReceiveData) refers to ring_buffer.o(i.RingBuffer_Drop) for RingBuffer_Drop
    api_wifi.o(i.ESP32_AT_ReceiveData) refers to atoi.o(.text) for atoi
    api_wifi.o(i.ESP32_AT_ReceiveData) refers to memseta.o(.text) for __aeabi_memclr4
    api_wifi.o(i.ESP32_AT_ReceiveData) refers to ring_buffer.o(i.RingBuffer_ReadMulti) for RingBuffer_ReadMulti
    api_wifi.o(i.ESP32_AT_ReceiveData) refers to strtoul.o(.text) for strtoul
    api_wifi.o(i.ESP32_AT_ReceiveData) refers to api_wifi.o(i.CRC16_Modbus) for CRC16_Modbus
    api_wifi.o(i.ESP32_AT_ReceiveData) refers to memcpya.o(.text) for __aeabi_memcpy
    api_wifi.o(i.ESP32_AT_ReceiveData) refers to rtos_abstraction.o(.data) for g_rtos_ops
    api_wifi.o(i.ESP32_AT_ReceiveData) refers to api_wifi.o(.constdata) for supported_prefixes
    api_wifi.o(i.ESP32_AT_SendATCommand) refers to log_system.o(i.Log_Message) for Log_Message
    api_wifi.o(i.ESP32_AT_SendATCommand) refers to api_wifi.o(i._ESP32_SendATCommand_Internal) for _ESP32_SendATCommand_Internal
    api_wifi.o(i.ESP32_AT_SendATCommand) refers to rtos_abstraction.o(.data) for g_rtos_ops
    api_wifi.o(i.ESP32_AT_SendData) refers to log_system.o(i.Log_Message) for Log_Message
    api_wifi.o(i.ESP32_AT_SendData) refers to printfa.o(i.__0snprintf) for __2snprintf
    api_wifi.o(i.ESP32_AT_SendData) refers to memcpya.o(.text) for __aeabi_memcpy4
    api_wifi.o(i.ESP32_AT_SendData) refers to api_wifi.o(i._ESP32_SendATCommand_Internal) for _ESP32_SendATCommand_Internal
    api_wifi.o(i.ESP32_AT_SendData) refers to serial_driver.o(i.Serial_Driver_SendData) for Serial_Driver_SendData
    api_wifi.o(i.ESP32_AT_SendData) refers to rtos_abstraction.o(.data) for g_rtos_ops
    api_wifi.o(i.ESP32_AT_SendData) refers to api_wifi.o(.constdata) for .constdata
    api_wifi.o(i.ESP32_AT_SendData) refers to api_wifi.o(.conststring) for .conststring
    api_wifi.o(i.ESP32_Hw_Init) refers to log_system.o(i.Log_Message) for Log_Message
    api_wifi.o(i.ESP32_Hw_Init) refers to common_driver.o(i.Common_GPIO_Init) for Common_GPIO_Init
    api_wifi.o(i.ESP32_Hw_Init) refers to stm32f4xx_gpio.o(i.GPIO_SetBits) for GPIO_SetBits
    api_wifi.o(i.ESP32_Hw_Init) refers to rtos_abstraction.o(.data) for g_rtos_ops
    api_wifi.o(i.ESP32_Hw_Reset) refers to log_system.o(i.Log_Message) for Log_Message
[...]
    _printf_lli                              0x00000000   Number         0  stubs.o ABSOLUTE
    _printf_llo                              0x00000000   Number         0  stubs.o ABSOLUTE
    _printf_llu                              0x00000000   Number         0  stubs.o ABSOLUTE
    _printf_llx                              0x00000000   Number         0  stubs.o ABSOLUTE
    _printf_longlong_dec                     0x00000000   Number         0  stubs.o ABSOLUTE
    _printf_longlong_hex                     0x00000000   Number         0  stubs.o ABSOLUTE
    _printf_longlong_oct                     0x00000000   Number         0  stubs.o ABSOLUTE
    _printf_ls                               0x00000000   Number         0  stubs.o ABSOLUTE
    _printf_mbtowc                           0x00000000   Number         0  stubs.o ABSOLUTE
    _printf_n                                0x00000000   Number         0  stubs.o ABSOLUTE
    _printf_o                                0x00000000   Number         0  stubs.o ABSOLUTE
    _printf_p                                0x00000000   Number         0  stubs.o ABSOLUTE
    _printf_percent                          0x00000000   Number         0  stubs.o ABSOLUTE
    _printf_pre_padding                      0x00000000   Number         0  stubs.o ABSOLUTE
    _printf_return_value                     0x00000000   Number         0  stubs.o ABSOLUTE
    _printf_s                                0x00000000   Number         0  stubs.o ABSOLUTE
    _printf_sizespec                         0x00000000   Number         0  stubs.o ABSOLUTE
    _printf_str                              0x00000000   Number         0  stubs.o ABSOLUTE
    _printf_truncate_signed                  0x00000000   Number         0  stubs.o ABSOLUTE
    _printf_truncate_unsigned                0x00000000   Number         0  stubs.o ABSOLUTE
    _printf_u                                0x00000000   Number         0  stubs.o ABSOLUTE
    _printf_wc                               0x00000000   Number         0  stubs.o ABSOLUTE
    _printf_wctomb                           0x00000000   Number         0  stubs.o ABSOLUTE
    _printf_widthprec                        0x00000000   Number         0  stubs.o ABSOLUTE
    _printf_x                                0x00000000   Number         0  stubs.o ABSOLUTE
    __arm_fini_                               - Undefined Weak Reference
    __cpp_initialize__aeabi_                  - Undefined Weak Reference
    __cxa_finalize                            - Undefined Weak Reference
    _clock_init                               - Undefined Weak Reference
    _microlib_exit                            - Undefined Weak Reference
    __Vectors_Size                           0x000001ac   Number         0  startup_stm32f429_439xx.o ABSOLUTE
    __Vectors                                0x08000000   Data           4  startup_stm32f429_439xx.o(RESET)
    __Vectors_End                            0x080001ac   Data           0  startup_stm32f429_439xx.o(RESET)
    __main                                   0x080001ad   Thumb Code     0  entry.o(.ARM.Collect$$$$00000000)
    _main_stk                                0x080001ad   Thumb Code     0  entry2.o(.ARM.Collect$$$$00000001)
    _main_scatterload                        0x080001b1   Thumb Code     0  entry5.o(.ARM.Collect$$$$00000004)
    __main_after_scatterload                 0x080001b5   Thumb Code     0  entry5.o(.ARM.Collect$$$$00000004)
    _main_clock                              0x080001b5   Thumb Code     0  entry7b.o(.ARM.Collect$$$$00000008)
    _main_cpp_init                           0x080001b5   Thumb Code     0  entry8b.o(.ARM.Collect$$$$0000000A)
    _main_init                               0x080001b5   Thumb Code     0  entry9a.o(.ARM.Collect$$$$0000000B)
    __rt_lib_shutdown_fini                   0x080001bd   Thumb Code     0  entry12b.o(.ARM.Collect$$$$0000000E)
    __rt_final_cpp                           0x080001c1   Thumb Code     0  entry10a.o(.ARM.Collect$$$$0000000F)
    __rt_final_exit                          0x080001c1   Thumb Code     0  entry11a.o(.ARM.Collect$$$$00000011)
    SVC_Handler                              0x080001c5   Thumb Code    28  port.o(.emb_text)
    __asm___6_port_c_39a90d8d__prvStartFirstTask 0x080001e5   Thumb Code    36  port.o(.emb_text)
    __asm___6_port_c_39a90d8d__prvEnableVFP  0x0800020d   Thumb Code    16  port.o(.emb_text)
    PendSV_Handler                           0x08000221   Thumb Code    88  port.o(.emb_text)
    vPortGetIPSR                             0x0800027d   Thumb Code     6  port.o(.emb_text)
    Reset_Handler                            0x08000285   Thumb Code     8  startup_stm32f429_439xx.o(.text)
    ADC_IRQHandler                           0x0800029f   Thumb Code     0  startup_stm32f429_439xx.o(.text)
    CAN1_RX1_IRQHandler                      0x0800029f   Thumb Code     0  startup_stm32f429_439xx.o(.text)
    CAN1_SCE_IRQHandler                      0x0800029f   Thumb Code     0  startup_stm32f429_439xx.o(.text)
    CAN1_TX_IRQHandler                       0x0800029f   Thumb Code     0  startup_stm32f429_439xx.o(.text)
    CAN2_RX0_IRQHandler                      0x0800029f   Thumb Code     0  startup_stm32f429_439xx.o(.text)
    CAN2_RX1_IRQHandler                      0x0800029f   Thumb Code     0  startup_stm32f429_439xx.o(.text)
    CAN2_SCE_IRQHandler                      0x0800029f   Thumb Code     0  startup_stm32f429_439xx.o(.text)
    CAN2_TX_IRQHandler                       0x0800029f   Thumb Code     0  startup_stm32f429_439xx.o(.text)
    CRYP_IRQHandler                          0x0800029f   Thumb Code     0  startup_stm32f429_439xx.o(.text)
    DCMI_IRQHandler                          0x0800029f   Thumb Code     0  startup_stm32f429_439xx.o(.text)
    DMA1_Stream0_IRQHandler                  0x0800029f   Thumb Code     0  startup_stm32f429_439xx.o(.text)
    DMA1_Stream1_IRQHandler                  0x0800029f   Thumb Code     0  startup_stm32f429_439xx.o(.text)
    DMA1_Stream2_IRQHandler                  0x0800029f   Thumb Code     0  startup_stm32f429_439xx.o(.text)
    DMA1_Stream3_IRQHandler                  0x0800029f   Thumb Code     0  startup_stm32f429_439xx.o(.text)
    DMA1_Stream4_IRQHandler                  0x0800029f   Thumb Code     0  startup_stm32f429_439xx.o(.text)
    DMA1_Stream5_IRQHandler                  0x0800029f   Thumb Code     0  startup_stm32f429_439xx.o(.text)
    DMA1_Stream6_IRQHandler                  0x0800029f   Thumb Code     0  startup_stm32f429_439xx.o(.text)
    DMA1_Stream7_IRQHandler                  0x0800029f   Thumb Code     0  startup_stm32f429_439xx.o(.text)
    DMA2D_IRQHandler                         0x0800029f   Thumb Code     0  startup_stm32f429_439xx.o(.text)
    DMA2_Stream0_IRQHandler                  0x0800029f   Thumb Code     0  startup_stm32f429_439xx.o(.text)
    DMA2_Stream1_IRQHandler                  0x0800029f   Thumb Code     0  startup_stm32f429_439xx.o(.text)
    DMA2_Stream2_IRQHandler                  0x0800029f   Thumb Code     0  startup_stm32f429_439xx.o(.text)
    DMA2_Stream3_IRQHandler                  0x0800029f   Thumb Code     0  startup_stm32f429_439xx.o(.text)
    DMA2_Stream4_IRQHandler                  0x0800029f   Thumb Code     0  startup_stm32f429_439xx.o(.text)
    DMA2_Stream5_IRQHandler                  0x0800029f   Thumb Code     0  startup_stm32f429_439xx.o(.text)
    DMA2_Stream6_IRQHandler                  0x0800029f   Thumb Code     0  startup_stm32f429_439xx.o(.text)
    DMA2_Stream7_IRQHandler                  0x0800029f   Thumb Code     0  startup_stm32f429_439xx.o(.text)
    ETH_IRQHandler                           0x0800029f   Thumb Code     0  startup_stm32f429_439xx.o(.text)
    ETH_WKUP_IRQHandler                      0x0800029f   Thumb Code     0  startup_stm32f429_439xx.o(.text)
    EXTI1_IRQHandler                         0x0800029f   Thumb Code     0  startup_stm32f429_439xx.o(.text)
    EXTI4_IRQHandler                         0x0800029f   Thumb Code     0  startup_stm32f429_439xx.o(.text)
    EXTI9_5_IRQHandler                       0x0800029f   Thumb Code     0  startup_stm32f429_439xx.o(.text)
    FLASH_IRQHandler                         0x0800029f   Thumb Code     0  startup_stm32f429_439xx.o(.text)
    FMC_IRQHandler                           0x0800029f   Thumb Code     0  startup_stm32f429_439xx.o(.text)
    FPU_IRQHandler                           0x0800029f   Thumb Code     0  startup_stm32f429_439xx.o(.text)
    HASH_RNG_IRQHandler                      0x0800029f   Thumb Code     0  startup_stm32f429_439xx.o(.text)
    I2C1_ER_IRQHandler                       0x0800029f   Thumb Code     0  startup_stm32f429_439xx.o(.text)
    I2C1_EV_IRQHandler                       0x0800029f   Thumb Code     0  startup_stm32f429_439xx.o(.text)
    I2C2_ER_IRQHandler                       0x0800029f   Thumb Code     0  startup_stm32f429_439xx.o(.text)
    I2C2_EV_IRQHandler                       0x0800029f   Thumb Code     0  startup_stm32f429_439xx.o(.text)
    I2C3_ER_IRQHandler                       0x0800029f   Thumb Code     0  startup_stm32f429_439xx.o(.text)
    I2C3_EV_IRQHandler                       0x0800029f   Thumb Code     0  startup_stm32f429_439xx.o(.text)
    LTDC_ER_IRQHandler                       0x0800029f   Thumb Code     0  startup_stm32f429_439xx.o(.text)
    LTDC_IRQHandler                          0x0800029f   Thumb Code     0  startup_stm32f429_439xx.o(.text)
    OTG_FS_IRQHandler                        0x0800029f   Thumb Code     0  startup_stm32f429_439xx.o(.text)
    OTG_FS_WKUP_IRQHandler                   0x0800029f   Thumb Code     0  startup_stm32f429_439xx.o(.text)
    OTG_HS_EP1_IN_IRQHandler                 0x0800029f   Thumb Code     0  startup_stm32f429_439xx.o(.text)
    OTG_HS_EP1_OUT_IRQHandler                0x0800029f   Thumb Code     0  startup_stm32f429_439xx.o(.text)
    OTG_HS_IRQHandler                        0x0800029f   Thumb Code     0  startup_stm32f429_439xx.o(.text)
    OTG_HS_WKUP_IRQHandler                   0x0800029f   Thumb Code     0  startup_stm32f429_439xx.o(.text)
    PVD_IRQHandler                           0x0800029f   Thumb Code     0  startup_stm32f429_439xx.o(.text)
    RCC_IRQHandler                           0x0800029f   Thumb Code     0  startup_stm32f429_439xx.o(.text)
    RTC_Alarm_IRQHandler                     0x0800029f   Thumb Code     0  startup_stm32f429_439xx.o(.text)
    RTC_WKUP_IRQHandler                      0x0800029f   Thumb Code     0  startup_stm32f429_439xx.o(.text)
    SAI1_IRQHandler                          0x0800029f   Thumb Code     0  startup_stm32f429_439xx.o(.text)
    SDIO_IRQHandler                          0x0800029f   Thumb Code     0  startup_stm32f429_439xx.o(.text)
    SPI1_IRQHandler                          0x0800029f   Thumb Code     0  startup_stm32f429_439xx.o(.text)
    SPI2_IRQHandler                          0x0800029f   Thumb Code     0  startup_stm32f429_439xx.o(.text)
    SPI3_IRQHandler                          0x0800029f   Thumb Code     0  startup_stm32f429_439xx.o(.text)
    SPI4_IRQHandler                          0x0800029f   Thumb Code     0  startup_stm32f429_439xx.o(.text)
    SPI5_IRQHandler                          0x0800029f   Thumb Code     0  startup_stm32f429_439xx.o(.text)
    SPI6_IRQHandler                          0x0800029f   Thumb Code     0  startup_stm32f429_439xx.o(.text)
    TAMP_STAMP_IRQHandler                    0x0800029f   Thumb Code     0  startup_stm32f429_439xx.o(.text)
    TIM1_BRK_TIM9_IRQHandler                 0x0800029f   Thumb Code     0  startup_stm32f429_439xx.o(.text)
    TIM1_CC_IRQHandler                       0x0800029f   Thumb Code     0  startup_stm32f429_439xx.o(.text)
    TIM1_TRG_COM_TIM11_IRQHandler            0x0800029f   Thumb Code     0  startup_stm32f429_439xx.o(.text)
    TIM1_UP_TIM10_IRQHandler                 0x0800029f   Thumb Code     0  startup_stm32f429_439xx.o(.text)
    TIM2_IRQHandler                          0x0800029f   Thumb Code     0  startup_stm32f429_439xx.o(.text)
    TIM3_IRQHandler                          0x0800029f   Thumb Code     0  startup_stm32f429_439xx.o(.text)
    TIM4_IRQHandler                          0x0800029f   Thumb Code     0  startup_stm32f429_439xx.o(.text)
    TIM5_IRQHandler                          0x0800029f   Thumb Code     0  startup_stm32f429_439xx.o(.text)
    TIM7_IRQHandler                          0x0800029f   Thumb Code     0  startup_stm32f429_439xx.o(.text)
    TIM8_BRK_TIM12_IRQHandler                0x0800029f   Thumb Code     0  startup_stm32f429_439xx.o(.text)
    TIM8_CC_IRQHandler                       0x0800029f   Thumb Code     0  startup_stm32f429_439xx.o(.text)
    TIM8_TRG_COM_TIM14_IRQHandler            0x0800029f   Thumb Code     0  startup_stm32f429_439xx.o(.text)
    TIM8_UP_TIM13_IRQHandler                 0x0800029f   Thumb Code     0  startup_stm32f429_439xx.o(.text)
    UART4_IRQHandler                         0x0800029f   Thumb Code     0  startup_stm32f429_439xx.o(.text)
    UART5_IRQHandler                         0x0800029f   Thumb Code     0  startup_stm32f429_439xx.o(.text)
    UART7_IRQHandler                         0x0800029f   Thumb Code     0  startup_stm32f429_439xx.o(.text)
    UART8_IRQHandler                         0x0800029f   Thumb Code     0  startup_stm32f429_439xx.o(.text)
    USART3_IRQHandler                        0x0800029f   Thumb Code     0  startup_stm32f429_439xx.o(.text)
    WWDG_IRQHandler                          0x0800029f   Thumb Code     0  startup_stm32f429_439xx.o(.text)
    __aeabi_memcpy                           0x080002b1   Thumb Code    36  memcpya.o(.text)
    __aeabi_memcpy4                          0x080002b1   Thumb Code     0  memcpya.o(.text)
    __aeabi_memcpy8                          0x080002b1   Thumb Code     0  memcpya.o(.text)
    __aeabi_memset                           0x080002d5   Thumb Code    14  memseta.o(.text)
    __aeabi_memset4                          0x080002d5   Thumb Code     0  memseta.o(.text)
    __aeabi_memset8                          0x080002d5   Thumb Code     0  memseta.o(.text)
    __aeabi_memclr                           0x080002e3   Thumb Code     4  memseta.o(.text)
    __aeabi_memclr4                          0x080002e3   Thumb Code     0  memseta.o(.text)
    __aeabi_memclr8                          0x080002e3   Thumb Code     0  memseta.o(.text)
    memset                                   0x080002e7   Thumb Code    18  memseta.o(.text)
    strstr                                   0x080002f9   Thumb Code    36  strstr.o(.text)
    strncpy                                  0x0800031d   Thumb Code    24  strncpy.o(.text)
    strchr                                   0x08000335   Thumb Code    20  strchr.o(.text)
    strlen                                   0x08000349   Thumb Code    14  strlen.o(.text)
    memcmp                                   0x08000357   Thumb Code    26  memcmp.o(.text)
    strpbrk                                  0x08000371   Thumb Code    32  strpbrk.o(.text)
    strtoul                                  0x08000391   Thumb Code   114  strtoul.o(.text)
    atoi                                     0x08000403   Thumb Code    26  atoi.o(.text)
    __aeabi_uidiv                            0x0800041d   Thumb Code     0  uidiv.o(.text)
    __aeabi_uidivmod                         0x0800041d   Thumb Code    44  uidiv.o(.text)
    __aeabi_uldivmod                         0x08000449   Thumb Code    98  uldiv.o(.text)
    __rt_ctype_table                         0x080004ad   Thumb Code     4  ctype_o.o(.text)
    _strtoul                                 0x080004b5   Thumb Code   158  _strtoul.o(.text)
    strtol                                   0x08000553   Thumb Code   112  strtol.o(.text)
    __I$use$fp                               0x080005c3   Thumb Code     0  iusefp.o(.text)
    __aeabi_dadd                             0x080005c3   Thumb Code   322  dadd.o(.text)
    __aeabi_dsub                             0x08000705   Thumb Code     6  dadd.o(.text)
    __aeabi_drsub                            0x0800070b   Thumb Code     6  dadd.o(.text)
    __aeabi_dmul                             0x08000711   Thumb Code   228  dmul.o(.text)
    __aeabi_ddiv                             0x080007f5   Thumb Code   222  ddiv.o(.text)
    __aeabi_d2ulz                            0x080008d3   Thumb Code    48  dfixul.o(.text)
    __aeabi_cdrcmple                         0x08000905   Thumb Code    48  cdrcmple.o(.text)
    __scatterload                            0x08000935   Thumb Code    28  init.o(.text)
    __scatterload_rt2                        0x08000935   Thumb Code     0  init.o(.text)
    __aeabi_llsl                             0x08000959   Thumb Code    30  llshl.o(.text)
    _ll_shift_l                              0x08000959   Thumb Code     0  llshl.o(.text)
    __aeabi_llsr                             0x08000977   Thumb Code    32  llushr.o(.text)
    _ll_ushift_r                             0x08000977   Thumb Code     0  llushr.o(.text)
    __aeabi_lasr                             0x08000997   Thumb Code    36  llsshr.o(.text)
    _ll_sshift_r                             0x08000997   Thumb Code     0  llsshr.o(.text)
    _chval                                   0x080009bb   Thumb Code    28  _chval.o(.text)
    _double_round                            0x080009d7   Thumb Code    30  depilogue.o(.text)
    _double_epilogue                         0x080009f5   Thumb Code   156  depilogue.o(.text)
    __decompress                             0x08000a91   Thumb Code     0  __dczerorl2.o(.text)
    __decompress1                            0x08000a91   Thumb Code    86  __dczerorl2.o(.text)
    App_ErrorLogTask                         0x08000ca5   Thumb Code    46  app_tasks.o(i.App_ErrorLogTask)
    App_Init                                 0x08000d25   Thumb Code    44  app_tasks.o(i.App_Init)
    App_RS485_PollTask                       0x08000da1   Thumb Code    88  app_tasks.o(i.App_RS485_PollTask)
    App_SPIFlashTask                         0x08000ef9   Thumb Code   224  app_tasks.o(i.App_SPIFlashTask)
    App_SerialRxTask                         0x080010fd   Thumb Code   138  app_tasks.o(i.App_SerialRxTask)
    App_WifiBLETask                          0x08001385   Thumb Code  1784  app_tasks.o(i.App_WifiBLETask)
    BusFault_Handler                         0x08001b05   Thumb Code     4  stm32f4xx_it.o(i.BusFault_Handler)
    CAN1_RX0_IRQHandler                      0x08001b09   Thumb Code    10  stm32f4xx_it.o(i.CAN1_RX0_IRQHandler)
    CAN_CancelTransmit                       0x08001b19   Thumb Code    40  stm32f4xx_can.o(i.CAN_CancelTransmit)
    CAN_ClearITPendingBit                    0x08001b41   Thumb Code   162  stm32f4xx_can.o(i.CAN_ClearITPendingBit)
    CAN_DeInit                               0x08001be9   Thumb Code    50  stm32f4xx_can.o(i.CAN_DeInit)
    CAN_FilterInit                           0x080022d9   Thumb Code   258  stm32f4xx_can.o(i.CAN_FilterInit)
    CAN_GetITStatus                          0x080023e1   Thumb Code   284  stm32f4xx_can.o(i.CAN_GetITStatus)
    CAN_IRQHandler                           0x08002501   Thumb Code   178  can_driver.o(i.CAN_IRQHandler)
    CAN_ITConfig                             0x0800260d   Thumb Code    18  stm32f4xx_can.o(i.CAN_ITConfig)
    CAN_Init                                 0x0800261f   Thumb Code   276  stm32f4xx_can.o(i.CAN_Init)
    CAN_Receive                              0x08002733   Thumb Code   232  stm32f4xx_can.o(i.CAN_Receive)
    CAN_Transmit                             0x080028f9   Thumb Code   294  stm32f4xx_can.o(i.CAN_Transmit)
    CAN_TransmitStatus                       0x08002a21   Thumb Code   138  stm32f4xx_can.o(i.CAN_TransmitStatus)
    Common_GPIO_Init                         0x08002b15   Thumb Code   108  common_driver.o(i.Common_GPIO_Init)
    Common_USART_Init                        0x08002ba5   Thumb Code   196  common_driver.o(i.Common_USART_Init)
    DebugMon_Handler                         0x08002cc9   Thumb Code     2  stm32f4xx_it.o(i.DebugMon_Handler)
    Default_IRQHandler_Handler               0x08002ccb   Thumb Code     4  stm32f4xx_it.o(i.Default_IRQHandler_Handler)
    DeviceManager_Init                       0x08002cd1   Thumb Code    84  device_manager.o(i.DeviceManager_Init)
    DeviceManager_Register                   0x08002dbd   Thumb Code   240  device_manager.o(i.DeviceManager_Register)
    ESP32_AT_ReceiveData                     0x08002fd1   Thumb Code   570  api_wifi.o(i.ESP32_AT_ReceiveData)
    ESP32_Hw_Init                            0x080036a9   Thumb Code    90  api_wifi.o(i.ESP32_Hw_Init)
    ESP32_Hw_Reset                           0x0800378d   Thumb Code    70  api_wifi.o(i.ESP32_Hw_Reset)
    EXTI0_IRQHandler                         0x08003855   Thumb Code    16  exti.o(i.EXTI0_IRQHandler)
    EXTI15_10_IRQHandler                     0x08003869   Thumb Code    20  exti.o(i.EXTI15_10_IRQHandler)
    EXTI2_IRQHandler                         0x08003881   Thumb Code    16  exti.o(i.EXTI2_IRQHandler)
    EXTI3_IRQHandler                         0x08003895   Thumb Code    16  exti.o(i.EXTI3_IRQHandler)
    FLASH_PrefetchBufferCmd                  0x080038a9   Thumb Code    30  stm32f4xx_flash.o(i.FLASH_PrefetchBufferCmd)
    FLASH_SetLatency                         0x080038cd   Thumb Code     6  stm32f4xx_flash.o(i.FLASH_SetLatency)
    GPIO_IRQHandler                          0x08003b11   Thumb Code   184  exti.o(i.GPIO_IRQHandler)
    GPIO_Init                                0x08003bd9   Thumb Code   144  stm32f4xx_gpio.o(i.GPIO_Init)
    GPIO_PinAFConfig                         0x08003c69   Thumb Code    70  stm32f4xx_gpio.o(i.GPIO_PinAFConfig)
    GPIO_ReadInputDataBit                    0x08003caf   Thumb Code    18  stm32f4xx_gpio.o(i.GPIO_ReadInputDataBit)
    GPIO_ResetBits                           0x08003cc1   Thumb Code     6  stm32f4xx_gpio.o(i.GPIO_ResetBits)
    GPIO_SetBits                             0x08003cc7   Thumb Code     4  stm32f4xx_gpio.o(i.GPIO_SetBits)
    GPIO_ToggleBits                          0x08003ccb   Thumb Code     8  stm32f4xx_gpio.o(i.GPIO_ToggleBits)
    HardFault_Handler                        0x08003ce9   Thumb Code     4  stm32f4xx_it.o(i.HardFault_Handler)
    Log_Message                              0x0800435d   Thumb Code    56  log_system.o(i.Log_Message)
    Log_ToBuffer                             0x08004399   Thumb Code    62  log_system.o(i.Log_ToBuffer)
    MemManage_Handler                        0x080043e9   Thumb Code     4  stm32f4xx_it.o(i.MemManage_Handler)
    Modbus_CRC16                             0x080043ed   Thumb Code    56  serial_interface.o(i.Modbus_CRC16)
    NMI_Handler                              0x08004425   Thumb Code     2  stm32f4xx_it.o(i.NMI_Handler)
    NVIC_Init                                0x08004429   Thumb Code   106  misc.o(i.NVIC_Init)
    NVIC_PriorityGroupConfig                 0x080044a1   Thumb Code    10  misc.o(i.NVIC_PriorityGroupConfig)
    PCF8574_Init                             0x080044b5   Thumb Code    72  pcf8574.o(i.PCF8574_Init)
    PCF8574_ReadByte                         0x08004575   Thumb Code    82  pcf8574.o(i.PCF8574_ReadByte)
    Protocol_PackRS485Frame                  0x08004675   Thumb Code   184  protocol_handler.o(i.Protocol_PackRS485Frame)
    Protocol_ProcessByte                     0x080047a1   Thumb Code   512  protocol_handler.o(i.Protocol_ProcessByte)
    Protocol_ResetParser                     0x080049fd   Thumb Code    28  protocol_handler.o(i.Protocol_ResetParser)
    RCC_AHB1PeriphClockCmd                   0x08004a19   Thumb Code    26  stm32f4xx_rcc.o(i.RCC_AHB1PeriphClockCmd)
    RCC_APB1PeriphClockCmd                   0x08004a39   Thumb Code    26  stm32f4xx_rcc.o(i.RCC_APB1PeriphClockCmd)
    RCC_APB1PeriphResetCmd                   0x08004a59   Thumb Code    26  stm32f4xx_rcc.o(i.RCC_APB1PeriphResetCmd)
    RCC_APB2PeriphClockCmd                   0x08004a79   Thumb Code    26  stm32f4xx_rcc.o(i.RCC_APB2PeriphClockCmd)
    RCC_DeInit                               0x08004a99   Thumb Code    82  stm32f4xx_rcc.o(i.RCC_DeInit)
    RCC_GetClocksFreq                        0x08004afd   Thumb Code   214  stm32f4xx_rcc.o(i.RCC_GetClocksFreq)
    RCC_GetFlagStatus                        0x08004be5   Thumb Code    60  stm32f4xx_rcc.o(i.RCC_GetFlagStatus)
    RCC_GetSYSCLKSource                      0x08004c25   Thumb Code    10  stm32f4xx_rcc.o(i.RCC_GetSYSCLKSource)
    RCC_HCLKConfig                           0x08004c35   Thumb Code    18  stm32f4xx_rcc.o(i.RCC_HCLKConfig)
    RCC_HSEConfig                            0x08004c4d   Thumb Code    12  stm32f4xx_rcc.o(i.RCC_HSEConfig)
    RCC_PCLK1Config                          0x08004c5d   Thumb Code    18  stm32f4xx_rcc.o(i.RCC_PCLK1Config)
    RCC_PCLK2Config                          0x08004c75   Thumb Code    20  stm32f4xx_rcc.o(i.RCC_PCLK2Config)
    RCC_PLLCmd                               0x08004c8d   Thumb Code     6  stm32f4xx_rcc.o(i.RCC_PLLCmd)
    RCC_PLLConfig                            0x08004c99   Thumb Code    30  stm32f4xx_rcc.o(i.RCC_PLLConfig)
    RCC_SYSCLKConfig                         0x08004cbd   Thumb Code    18  stm32f4xx_rcc.o(i.RCC_SYSCLKConfig)
    RCC_WaitForHSEStartUp                    0x08004cd5   Thumb Code    56  stm32f4xx_rcc.o(i.RCC_WaitForHSEStartUp)
    RingBuffer_Clear                         0x080051fd   Thumb Code    20  ring_buffer.o(i.RingBuffer_Clear)
    RingBuffer_Deinit                        0x08005211   Thumb Code    50  ring_buffer.o(i.RingBuffer_Deinit)
    RingBuffer_Drop                          0x08005249   Thumb Code    54  ring_buffer.o(i.RingBuffer_Drop)
    RingBuffer_Init                          0x08005281   Thumb Code    88  ring_buffer.o(i.RingBuffer_Init)
    RingBuffer_IsAvailable                   0x080052dd   Thumb Code    22  ring_buffer.o(i.RingBuffer_IsAvailable)
    RingBuffer_IsEmpty                       0x080052f3   Thumb Code    20  ring_buffer.o(i.RingBuffer_IsEmpty)
    RingBuffer_Peek                          0x08005307   Thumb Code    88  ring_buffer.o(i.RingBuffer_Peek)
    RingBuffer_Read                          0x0800535f   Thumb Code    70  ring_buffer.o(i.RingBuffer_Read)
    RingBuffer_ReadMulti                     0x080053a5   Thumb Code    92  ring_buffer.o(i.RingBuffer_ReadMulti)
    RingBuffer_Write                         0x08005401   Thumb Code    88  ring_buffer.o(i.RingBuffer_Write)
    RingBuffer_WriteFromISR                  0x0800545d   Thumb Code    96  ring_buffer.o(i.RingBuffer_WriteFromISR)
    SPI_Cmd                                  0x080054c1   Thumb Code    24  stm32f4xx_spi.o(i.SPI_Cmd)
    SPI_Flash_Device_Init                    0x080054d9   Thumb Code   372  spi_flash.o(i.SPI_Flash_Device_Init)
    SPI_Flash_EraseSector                    0x0800583d   Thumb Code   180  spi_flash.o(i.SPI_Flash_EraseSector)
    SPI_Flash_Hardware_Init                  0x0800598d   Thumb Code   342  spi_flash.o(i.SPI_Flash_Hardware_Init)
    SPI_Flash_ReadChipId                     0x08005bf9   Thumb Code    90  spi_flash.o(i.SPI_Flash_ReadChipId)
    SPI_Flash_ReadData                       0x08005c81   Thumb Code   154  spi_flash.o(i.SPI_Flash_ReadData)
    SPI_Flash_ReadStatusReg                  0x08005d81   Thumb Code    66  spi_flash.o(i.SPI_Flash_ReadStatusReg)
    SPI_Flash_TransferByte                   0x08005e01   Thumb Code    42  spi_flash.o(i.SPI_Flash_TransferByte)
    SPI_Flash_WritePage                      0x08005e69   Thumb Code   246  spi_flash.o(i.SPI_Flash_WritePage)
    SPI_Flash_WriteWithErase                 0x08006009   Thumb Code   346  spi_flash.o(i.SPI_Flash_WriteWithErase)
    SPI_I2S_GetFlagStatus                    0x08006269   Thumb Code    18  stm32f4xx_spi.o(i.SPI_I2S_GetFlagStatus)
    SPI_I2S_ReceiveData                      0x0800627b   Thumb Code     6  stm32f4xx_spi.o(i.SPI_I2S_ReceiveData)
    SPI_I2S_SendData                         0x08006281   Thumb Code     4  stm32f4xx_spi.o(i.SPI_I2S_SendData)
    SPI_Init                                 0x08006285   Thumb Code    60  stm32f4xx_spi.o(i.SPI_Init)
    Serial_Driver_Deinit                     0x080062c1   Thumb Code    92  serial_driver.o(i.Serial_Driver_Deinit)
    Serial_Driver_IRQHandler                 0x080063b1   Thumb Code    98  serial_driver.o(i.Serial_Driver_IRQHandler)
    Serial_Driver_Init                       0x08006479   Thumb Code   310  serial_driver.o(i.Serial_Driver_Init)
    Serial_Driver_ReadByte                   0x08006731   Thumb Code    62  serial_driver.o(i.Serial_Driver_ReadByte)
    Serial_Driver_SendData                   0x080067c5   Thumb Code   156  serial_driver.o(i.Serial_Driver_SendData)
    SysTick_CLKSourceConfig                  0x080070d5   Thumb Code    40  misc.o(i.SysTick_CLKSourceConfig)
    SysTick_Handler                          0x080070fd   Thumb Code    16  stm32f4xx_it.o(i.SysTick_Handler)
    SystemClock_Config                       0x0800710d   Thumb Code   438  sys.o(i.SystemClock_Config)
    SystemCoreClockUpdate                    0x080072e9   Thumb Code   170  system_stm32f4xx.o(i.SystemCoreClockUpdate)
    SystemInit                               0x080073a9   Thumb Code    88  system_stm32f4xx.o(i.SystemInit)
    TIM6_DAC_IRQHandler                      0x08007411   Thumb Code    34  btim.o(i.TIM6_DAC_IRQHandler)
    TIM_ClearITPendingBit                    0x0800743d   Thumb Code     6  stm32f4xx_tim.o(i.TIM_ClearITPendingBit)
    TIM_GetITStatus                          0x08007443   Thumb Code    34  stm32f4xx_tim.o(i.TIM_GetITStatus)
    USART1_IRQHandler                        0x08007465   Thumb Code    10  stm32f4xx_it.o(i.USART1_IRQHandler)
    USART2_IRQHandler                        0x08007475   Thumb Code    10  stm32f4xx_it.o(i.USART2_IRQHandler)
    USART6_IRQHandler                        0x08007485   Thumb Code    10  stm32f4xx_it.o(i.USART6_IRQHandler)
    USART_Cmd                                0x08007495   Thumb Code    24  stm32f4xx_usart.o(i.USART_Cmd)
    USART_GetFlagStatus                      0x080074ad   Thumb Code    26  stm32f4xx_usart.o(i.USART_GetFlagStatus)
    USART_GetITStatus                        0x080074c7   Thumb Code    84  stm32f4xx_usart.o(i.USART_GetITStatus)
    USART_ITConfig                           0x0800751b   Thumb Code    74  stm32f4xx_usart.o(i.USART_ITConfig)
    USART_Init                               0x08007565   Thumb Code   204  stm32f4xx_usart.o(i.USART_Init)
    USART_ReceiveData                        0x08007639   Thumb Code    10  stm32f4xx_usart.o(i.USART_ReceiveData)
    USART_SendData                           0x08007643   Thumb Code     8  stm32f4xx_usart.o(i.USART_SendData)
    UsageFault_Handler                       0x0800764b   Thumb Code     4  stm32f4xx_it.o(i.UsageFault_Handler)
    __0printf                                0x08007c81   Thumb Code    22  printfa.o(i.__0printf)
    __1printf                                0x08007c81   Thumb Code     0  printfa.o(i.__0printf)
    __2printf                                0x08007c81   Thumb Code     0  printfa.o(i.__0printf)
    __c89printf                              0x08007c81   Thumb Code     0  printfa.o(i.__0printf)
    printf                                   0x08007c81   Thumb Code     0  printfa.o(i.__0printf)
    __0snprintf                              0x08007ca1   Thumb Code    48  printfa.o(i.__0snprintf)
    __1snprintf                              0x08007ca1   Thumb Code     0  printfa.o(i.__0snprintf)
    __2snprintf                              0x08007ca1   Thumb Code     0  printfa.o(i.__0snprintf)
    __c89snprintf                            0x08007ca1   Thumb Code     0  printfa.o(i.__0snprintf)
    snprintf                                 0x08007ca1   Thumb Code     0  printfa.o(i.__0snprintf)
    __0vsnprintf                             0x08007cd5   Thumb Code    46  printfa.o(i.__0vsnprintf)
    __1vsnprintf                             0x08007cd5   Thumb Code     0  printfa.o(i.__0vsnprintf)
    __2vsnprintf                             0x08007cd5   Thumb Code     0  printfa.o(i.__0vsnprintf)
    __c89vsnprintf                           0x08007cd5   Thumb Code     0  printfa.o(i.__0vsnprintf)
    vsnprintf                                0x08007cd5   Thumb Code     0  printfa.o(i.__0vsnprintf)
    __aeabi_errno_addr                       0x08007d09   Thumb Code     4  errno.o(i.__aeabi_errno_addr)
    __rt_errno_addr                          0x08007d09   Thumb Code     0  errno.o(i.__aeabi_errno_addr)
    __scatterload_copy                       0x08007d11   Thumb Code    14  handlers.o(i.__scatterload_copy)
    __scatterload_null                       0x08007d1f   Thumb Code     2  handlers.o(i.__scatterload_null)
    __scatterload_zeroinit                   0x08007d21   Thumb Code    14  handlers.o(i.__scatterload_zeroinit)
    delay_init                               0x08008709   Thumb Code    22  delay.o(i.delay_init)
    delay_ms                                 0x08008729   Thumb Code    50  delay.o(i.delay_ms)
    delay_us                                 0x08008761   Thumb Code   130  delay.o(i.delay_us)
    fputc                                    0x08008845   Thumb Code    26  main.o(i.fputc)
    get_ip_addr_callback                     0x08008865   Thumb Code   108  api_wifi.o(i.get_ip_addr_callback)
    get_mac_addr_callback                    0x0800895d   Thumb Code    98  api_wifi.o(i.get_mac_addr_callback)
    get_version_callback                     0x08008a25   Thumb Code    94  api_wifi.o(i.get_version_callback)
    key_init                                 0x08008ab5   Thumb Code   174  key.o(i.key_init)
    led_init                                 0x08008b71   Thumb Code   100  led.o(i.led_init)
    main                                     0x08008bd9   Thumb Code    32  main.o(i.main)
    pvPortMalloc                             0x080097e5   Thumb Code   302  heap_4.o(i.pvPortMalloc)
    pvTaskIncrementMutexHeldCount            0x08009965   Thumb Code    26  tasks.o(i.pvTaskIncrementMutexHeldCount)
    pxPortInitialiseStack                    0x08009985   Thumb Code    38  port.o(i.pxPortInitialiseStack)
    set_ssid_password_callback               0x080099e5   Thumb Code    76  api_wifi.o(i.set_ssid_password_callback)
    uxListRemove                             0x08009aa1   Thumb Code    40  list.o(i.uxListRemove)
    vListInitialise                          0x08009ac9   Thumb Code    26  list.o(i.vListInitialise)
    vListInitialiseItem                      0x08009ae3   Thumb Code     6  list.o(i.vListInitialiseItem)
    vListInsert                              0x08009ae9   Thumb Code    52  list.o(i.vListInsert)
    vListInsertEnd                           0x08009b1d   Thumb Code    24  list.o(i.vListInsertEnd)
    vPortEnterCritical                       0x08009b35   Thumb Code    68  port.o(i.vPortEnterCritical)
    vPortExitCritical                        0x08009bbd   Thumb Code    48  port.o(i.vPortExitCritical)
    vPortFree                                0x08009c2d   Thumb Code   130  heap_4.o(i.vPortFree)
    vPortSetupTimerInterrupt                 0x08009cf5   Thumb Code    36  port.o(i.vPortSetupTimerInterrupt)
    vPortValidateInterruptPriority           0x08009d1d   Thumb Code    86  port.o(i.vPortValidateInterruptPriority)
    vQueueAddToRegistry                      0x08009dbd   Thumb Code    84  queue.o(i.vQueueAddToRegistry)
    vQueueDelete                             0x08009e39   Thumb Code    34  queue.o(i.vQueueDelete)
    vQueueUnregisterQueue                    0x08009e81   Thumb Code    60  queue.o(i.vQueueUnregisterQueue)
    vQueueWaitForMessageRestricted           0x08009ee5   Thumb Code    74  queue.o(i.vQueueWaitForMessageRestricted)
    vTaskDelay                               0x08009f31   Thumb Code    72  tasks.o(i.vTaskDelay)
    vTaskDelete                              0x08009fa5   Thumb Code   200  tasks.o(i.vTaskDelete)
    vTaskInternalSetTimeOutState             0x0800a0b9   Thumb Code    14  tasks.o(i.vTaskInternalSetTimeOutState)
    vTaskMissedYield                         0x0800a0d1   Thumb Code     8  tasks.o(i.vTaskMissedYield)
    vTaskPlaceOnEventList                    0x0800a0dd   Thumb Code    42  tasks.o(i.vTaskPlaceOnEventList)
    vTaskPlaceOnEventListRestricted          0x0800a131   Thumb Code    84  tasks.o(i.vTaskPlaceOnEventListRestricted)
    vTaskPriorityDisinheritAfterTimeout      0x0800a1ad   Thumb Code   248  tasks.o(i.vTaskPriorityDisinheritAfterTimeout)
    vTaskResume                              0x0800a2d5   Thumb Code   170  tasks.o(i.vTaskResume)
    vTaskStartScheduler                      0x0800a3b5   Thumb Code   112  tasks.o(i.vTaskStartScheduler)
    vTaskSuspend                             0x0800a469   Thumb Code   214  tasks.o(i.vTaskSuspend)
    vTaskSuspendAll                          0x0800a585   Thumb Code    12  tasks.o(i.vTaskSuspendAll)
    vTaskSwitchContext                       0x0800a595   Thumb Code   110  tasks.o(i.vTaskSwitchContext)
    xPortStartScheduler                      0x0800a6d1   Thumb Code   322  port.o(i.xPortStartScheduler)
    xPortSysTickHandler                      0x0800a86d   Thumb Code    46  port.o(i.xPortSysTickHandler)
    xQueueCreateCountingSemaphore            0x0800a8a1   Thumb Code    50  queue.o(i.xQueueCreateCountingSemaphore)
    xQueueCreateMutex                        0x0800a8f9   Thumb Code    34  queue.o(i.xQueueCreateMutex)
    xQueueGenericCreate                      0x0800a91d   Thumb Code    92  queue.o(i.xQueueGenericCreate)
    xQueueGenericReset                       0x0800a99d   Thumb Code   194  queue.o(i.xQueueGenericReset)
    xQueueGenericSend                        0x0800aa89   Thumb Code   426  queue.o(i.xQueueGenericSend)
    xQueueGenericSendFromISR                 0x0800ac5d   Thumb Code   270  queue.o(i.xQueueGenericSendFromISR)
    xQueueGiveFromISR                        0x0800ad91   Thumb Code   240  queue.o(i.xQueueGiveFromISR)
    xQueueReceive                            0x0800aea5   Thumb Code   326  queue.o(i.xQueueReceive)
    xQueueReceiveFromISR                     0x0800b015   Thumb Code   208  queue.o(i.xQueueReceiveFromISR)
    xQueueSemaphoreTake                      0x0800b109   Thumb Code   394  queue.o(i.xQueueSemaphoreTake)
    xTaskCheckForTimeOut                     0x0800b2bd   Thumb Code   140  tasks.o(i.xTaskCheckForTimeOut)
    xTaskCreate                              0x0800b379   Thumb Code    96  tasks.o(i.xTaskCreate)
    xTaskGetSchedulerState                   0x0800b3d9   Thumb Code    24  tasks.o(i.xTaskGetSchedulerState)
    xTaskGetTickCount                        0x0800b3f9   Thumb Code     6  tasks.o(i.xTaskGetTickCount)
    xTaskIncrementTick                       0x0800b405   Thumb Code   388  tasks.o(i.xTaskIncrementTick)
    xTaskPriorityDisinherit                  0x0800b5d9   Thumb Code   206  tasks.o(i.xTaskPriorityDisinherit)
    xTaskPriorityInherit                     0x0800b6d9   Thumb Code   224  tasks.o(i.xTaskPriorityInherit)
    xTaskRemoveFromEventList                 0x0800b7c5   Thumb Code   254  tasks.o(i.xTaskRemoveFromEventList)
    xTaskResumeAll                           0x0800b901   Thumb Code   328  tasks.o(i.xTaskResumeAll)
    xTimerCreateTimerTask                    0x0800ba91   Thumb Code    54  timers.o(i.xTimerCreateTimerTask)
    g_esp32_at_ops                           0x0800bb1c   Data          12  api_wifi.o(.constdata)
    g_can_ops                                0x0800bca0   Data          16  can_driver.o(.constdata)
    g_flash_write_reg_cmd                    0x0800bccc   Data           3  spi_flash.o(.constdata)
    g_flash_read_reg_cmd                     0x0800bccf   Data           3  spi_flash.o(.constdata)
    g_i2c_bus_ops                            0x0800bcd4   Data          16  i2c_driver.o(.constdata)
    g_rs485_ops                              0x0800bce4   Data          24  rs485_driver.o(.constdata)
    g_serial_ops                             0x0800bcfc   Data          32  serial_interface.o(.constdata)
    __ctype_table                            0x0800bd1c   Data         129  ctype_o.o(.constdata)
    Region$$Table$$Base                      0x0800ccbc   Number         0  anon$$obj.o(Region$$Table)
    Region$$Table$$Limit                     0x0800ccdc   Number         0  anon$$obj.o(Region$$Table)
    g_esp32_info                             0x20000000   Data         162  api_wifi.o(.data)
    g_uart_dev                               0x200000b0   Data          76  dev_config.o(.data)
    g_rs485_serial                           0x200000fc   Data          76  dev_config.o(.data)
    g_esp32_serial                           0x20000148   Data          76  dev_config.o(.data)
    g_can1_dev                               0x20000194   Data          60  dev_config.o(.data)
    g_i2c1_bus                               0x200001d0   Data          20  dev_config.o(.data)
    g_flash_config                           0x200001e4   Data          40  dev_config.o(.data)
    g_spi_flash_dev                          0x2000020c   Data           8  dev_config.o(.data)
    g_esp32_dev                              0x20000214   Data          16  dev_config.o(.data)
    g_default_spi_hw_ops                     0x20000234   Data          16  spi_flash.o(.data)
    g_rtos_ops                               0x20000248   Data           4  rtos_abstraction.o(.data)
    FreeRTOS_Ops                             0x2000024c   Data         104  rtos_abstraction.o(.data)
    SystemCoreClock                          0x200002b4   Data           4  system_stm32f4xx.o(.data)
    AHBPrescTable                            0x200002b8   Data          16  system_stm32f4xx.o(.data)
    pxCurrentTCB                             0x200002d8   Data           4  tasks.o(.data)
    uxTopUsedPriority                        0x20000310   Data           4  tasks.o(.data)
    __stdout                                 0x20000358   Data           4  stdout.o(.data)
    xQueueRegistry                           0x20005cac   Data          64  queue.o(.bss)
    __initial_sp                             0x2000dbf8   Data           0  startup_stm32f429_439xx.o(STACK)



==============================================================================

Memory Map of the image

  Image Entry point : 0x080001ad

  Load Region LR_IROM1 (Base: 0x08000000, Size: 0x0000d03c, Max: 0x00100000, ABSOLUTE, COMPRESSED[0x0000cdf4])

    Execution Region ER_IROM1 (Exec base: 0x08000000, Load base: 0x08000000, Size: 0x0000ccdc, Max: 0x00100000, ABSOLUTE)

    Exec Addr    Load Addr    Size         Type   Attr      Idx    E Section Name        Object

    0x08000000   0x08000000   0x000001ac   Data   RO         2092    RESET               startup_stm32f429_439xx.o
    0x080001ac   0x080001ac   0x00000000   Code   RO         8622  * .ARM.Collect$$$$00000000  mc_w.l(entry.o)
    0x080001ac   0x080001ac   0x00000004   Code   RO         8912    .ARM.Collect$$$$00000001  mc_w.l(entry2.o)
    0x080001b0   0x080001b0   0x00000004   Code   RO         8915    .ARM.Collect$$$$00000004  mc_w.l(entry5.o)
    0x080001b4   0x080001b4   0x00000000   Code   RO         8917    .ARM.Collect$$$$00000008  mc_w.l(entry7b.o)
    0x080001b4   0x080001b4   0x00000000   Code   RO         8919    .ARM.Collect$$$$0000000A  mc_w.l(entry8b.o)
    0x080001b4   0x080001b4   0x00000008   Code   RO         8920    .ARM.Collect$$$$0000000B  mc_w.l(entry9a.o)
    0x080001bc   0x080001bc   0x00000004   Code   RO         8927    .ARM.Collect$$$$0000000E  mc_w.l(entry12b.o)
    0x080001c0   0x080001c0   0x00000000   Code   RO         8922    .ARM.Collect$$$$0000000F  mc_w.l(entry10a.o)
    0x080001c0   0x080001c0   0x00000000   Code   RO         8924    .ARM.Collect$$$$00000011  mc_w.l(entry11a.o)
    0x080001c0   0x080001c0   0x00000004   Code   RO         8913    .ARM.Collect$$$$00002712  mc_w.l(entry2.o)
    0x080001c4   0x080001c4   0x000000be   Code   RO         8461    .emb_text           port.o
    0x08000282   0x08000282   0x00000002   PAD
    0x08000284   0x08000284   0x0000002c   Code   RO         2093    .text               startup_stm32f429_439xx.o
    0x080002b0   0x080002b0   0x00000024   Code   RO         8625    .text               mc_w.l(memcpya.o)
    0x080002d4   0x080002d4   0x00000024   Code   RO         8629    .text               mc_w.l(memseta.o)
    0x080002f8   0x080002f8   0x00000024   Code   RO         8631    .text               mc_w.l(strstr.o)
    0x0800031c   0x0800031c   0x00000018   Code   RO         8633    .text               mc_w.l(strncpy.o)
    0x08000334   0x08000334   0x00000014   Code   RO         8635    .text               mc_w.l(strchr.o)
    0x08000348   0x08000348   0x0000000e   Code   RO         8637    .text               mc_w.l(strlen.o)
    0x08000356   0x08000356   0x0000001a   Code   RO         8639    .text               mc_w.l(memcmp.o)
    0x08000370   0x08000370   0x00000020   Code   RO         8643    .text               mc_w.l(strpbrk.o)
    0x08000390   0x08000390   0x00000072   Code   RO         8908    .text               mc_w.l(strtoul.o)
    0x08000402   0x08000402   0x0000001a   Code   RO         8910    .text               mc_w.l(atoi.o)
    0x0800041c   0x0800041c   0x0000002c   Code   RO         8929    .text               mc_w.l(uidiv.o)
    0x08000448   0x08000448   0x00000062   Code   RO         8931    .text               mc_w.l(uldiv.o)
    0x080004aa   0x080004aa   0x00000002   PAD
    0x080004ac   0x080004ac   0x00000008   Code   RO         8933    .text               mc_w.l(ctype_o.o)
    0x080004b4   0x080004b4   0x0000009e   Code   RO         8968    .text               mc_w.l(_strtoul.o)
    0x08000552   0x08000552   0x00000070   Code   RO         8970    .text               mc_w.l(strtol.o)
    0x080005c2   0x080005c2   0x00000000   Code   RO         8972    .text               mc_w.l(iusefp.o)
    0x080005c2   0x080005c2   0x0000014e   Code   RO         8973    .text               mf_w.l(dadd.o)
    0x08000710   0x08000710   0x000000e4   Code   RO         8975    .text               mf_w.l(dmul.o)
    0x080007f4   0x080007f4   0x000000de   Code   RO         8977    .text               mf_w.l(ddiv.o)
    0x080008d2   0x080008d2   0x00000030   Code   RO         8979    .text               mf_w.l(dfixul.o)
    0x08000902   0x08000902   0x00000002   PAD
    0x08000904   0x08000904   0x00000030   Code   RO         8981    .text               mf_w.l(cdrcmple.o)
    0x08000934   0x08000934   0x00000024   Code   RO         8983    .text               mc_w.l(init.o)
    0x08000958   0x08000958   0x0000001e   Code   RO         8985    .text               mc_w.l(llshl.o)
    0x08000976   0x08000976   0x00000020   Code   RO         8987    .text               mc_w.l(llushr.o)
    0x08000996   0x08000996   0x00000024   Code   RO         8989    .text               mc_w.l(llsshr.o)
    0x080009ba   0x080009ba   0x0000001c   Code   RO         8991    .text               mc_w.l(_chval.o)
    0x080009d6   0x080009d6   0x000000ba   Code   RO         8993    .text               mf_w.l(depilogue.o)
    0x08000a90   0x08000a90   0x00000056   Code   RO         9003    .text               mc_w.l(__dczerorl2.o)
    0x08000ae6   0x08000ae6   0x00000002   PAD
    0x08000ae8   0x08000ae8   0x000000f0   Code   RO          392    i.App_Device_Register  app_tasks.o
    0x08000bd8   0x08000bd8   0x000000cc   Code   RO          393    i.App_Driver_Init   app_tasks.o
    0x08000ca4   0x08000ca4   0x00000080   Code   RO          394    i.App_ErrorLogTask  app_tasks.o
    0x08000d24   0x08000d24   0x0000007c   Code   RO          396    i.App_Init          app_tasks.o
    0x08000da0   0x08000da0   0x000000c0   Code   RO          397    i.App_RS485_PollTask  app_tasks.o
    0x08000e60   0x08000e60   0x00000098   Code   RO          398    i.App_RTOS_Init     app_tasks.o
    0x08000ef8   0x08000ef8   0x00000204   Code   RO          399    i.App_SPIFlashTask  app_tasks.o
    0x080010fc   0x080010fc   0x00000160   Code   RO          400    i.App_SerialRxTask  app_tasks.o
    0x0800125c   0x0800125c   0x00000128   Code   RO          401    i.App_Tasks_Create  app_tasks.o
    0x08001384   0x08001384   0x0000074c   Code   RO          402    i.App_WifiBLETask   app_tasks.o
    0x08001ad0   0x08001ad0   0x00000034   Code   RO          652    i.BSP_Init          main.o
    0x08001b04   0x08001b04   0x00000004   Code   RO          691    i.BusFault_Handler  stm32f4xx_it.o
    0x08001b08   0x08001b08   0x00000010   Code   RO          692    i.CAN1_RX0_IRQHandler  stm32f4xx_it.o
    0x08001b18   0x08001b18   0x00000028   Code   RO         2435    i.CAN_CancelTransmit  stm32f4xx_can.o
    0x08001b40   0x08001b40   0x000000a8   Code   RO         2437    i.CAN_ClearITPendingBit  stm32f4xx_can.o
    0x08001be8   0x08001be8   0x00000038   Code   RO         2439    i.CAN_DeInit        stm32f4xx_can.o
    0x08001c20   0x08001c20   0x00000128   Code   RO          819    i.CAN_Driver_Deinit  can_driver.o
    0x08001d48   0x08001d48   0x00000310   Code   RO          820    i.CAN_Driver_Init   can_driver.o
    0x08002058   0x08002058   0x000000a0   Code   RO          821    i.CAN_Driver_ReceiveMessage  can_driver.o
    0x080020f8   0x080020f8   0x000001e0   Code   RO          822    i.CAN_Driver_SendMessage  can_driver.o
    0x080022d8   0x080022d8   0x00000108   Code   RO         2441    i.CAN_FilterInit    stm32f4xx_can.o
    0x080023e0   0x080023e0   0x00000120   Code   RO         2443    i.CAN_GetITStatus   stm32f4xx_can.o
    0x08002500   0x08002500   0x0000010c   Code   RO          823    i.CAN_IRQHandler    can_driver.o
    0x0800260c   0x0800260c   0x00000012   Code   RO         2447    i.CAN_ITConfig      stm32f4xx_can.o
    0x0800261e   0x0800261e   0x00000114   Code   RO         2448    i.CAN_Init          stm32f4xx_can.o
    0x08002732   0x08002732   0x000000e8   Code   RO         2451    i.CAN_Receive       stm32f4xx_can.o
    0x0800281a   0x0800281a   0x00000002   PAD
    0x0800281c   0x0800281c   0x000000dc   Code   RO          824    i.CAN_SetBaudrateParams  can_driver.o
    0x080028f8   0x080028f8   0x00000126   Code   RO         2456    i.CAN_Transmit      stm32f4xx_can.o
    0x08002a1e   0x08002a1e   0x00000002   PAD
    0x08002a20   0x08002a20   0x000000a0   Code   RO         2457    i.CAN_TransmitStatus  stm32f4xx_can.o
    0x08002ac0   0x08002ac0   0x00000042   Code   RO          194    i.CRC16_Modbus      api_wifi.o
    0x08002b02   0x08002b02   0x00000012   Code   RO         2459    i.CheckITStatus     stm32f4xx_can.o
    0x08002b14   0x08002b14   0x00000090   Code   RO          884    i.Common_GPIO_Init  common_driver.o
    0x08002ba4   0x08002ba4   0x00000124   Code   RO          886    i.Common_USART_Init  common_driver.o
    0x08002cc8   0x08002cc8   0x00000002   Code   RO          693    i.DebugMon_Handler  stm32f4xx_it.o
    0x08002cca   0x08002cca   0x00000004   Code   RO          694    i.Default_IRQHandler_Handler  stm32f4xx_it.o
    0x08002cce   0x08002cce   0x00000002   PAD
    0x08002cd0   0x08002cd0   0x000000ec   Code   RO         2060    i.DeviceManager_Init  device_manager.o
    0x08002dbc   0x08002dbc   0x00000214   Code   RO         2061    i.DeviceManager_Register  device_manager.o
    0x08002fd0   0x08002fd0   0x000002c4   Code   RO          195    i.ESP32_AT_ReceiveData  api_wifi.o
    0x08003294   0x08003294   0x00000160   Code   RO          196    i.ESP32_AT_SendATCommand  api_wifi.o
    0x080033f4   0x080033f4   0x000002b4   Code   RO          197    i.ESP32_AT_SendData  api_wifi.o
    0x080036a8   0x080036a8   0x000000e4   Code   RO          198    i.ESP32_Hw_Init     api_wifi.o
    0x0800378c   0x0800378c   0x000000c8   Code   RO          199    i.ESP32_Hw_Reset    api_wifi.o
    0x08003854   0x08003854   0x00000014   Code   RO          947    i.EXTI0_IRQHandler  exti.o
    0x08003868   0x08003868   0x00000018   Code   RO          948    i.EXTI15_10_IRQHandler  exti.o
    0x08003880   0x08003880   0x00000014   Code   RO          949    i.EXTI2_IRQHandler  exti.o
    0x08003894   0x08003894   0x00000014   Code   RO          950    i.EXTI3_IRQHandler  exti.o
    0x080038a8   0x080038a8   0x00000024   Code   RO         3597    i.FLASH_PrefetchBufferCmd  stm32f4xx_flash.o
    0x080038cc   0x080038cc   0x0000000c   Code   RO         3602    i.FLASH_SetLatency  stm32f4xx_flash.o
    0x080038d8   0x080038d8   0x00000012   Code   RO         1728    i.FreeRTOS_CreateQueue  rtos_abstraction.o
    0x080038ea   0x080038ea   0x0000000a   Code   RO         1729    i.FreeRTOS_CreateQueueMutex  rtos_abstraction.o
    0x080038f4   0x080038f4   0x0000000c   Code   RO         1730    i.FreeRTOS_Delay    rtos_abstraction.o
    0x08003900   0x08003900   0x0000000e   Code   RO         1731    i.FreeRTOS_DeleteQueue  rtos_abstraction.o
    0x0800390e   0x0800390e   0x0000000e   Code   RO         1732    i.FreeRTOS_DeleteQueueMutex  rtos_abstraction.o
    0x0800391c   0x0800391c   0x0000000e   Code   RO         1733    i.FreeRTOS_Free     rtos_abstraction.o
    0x0800392a   0x0800392a   0x00000008   Code   RO         1734    i.FreeRTOS_GetTickCount  rtos_abstraction.o
    0x08003932   0x08003932   0x0000000c   Code   RO         1735    i.FreeRTOS_Malloc   rtos_abstraction.o
    0x0800393e   0x0800393e   0x00000002   Code   RO         1736    i.FreeRTOS_QueueGive  rtos_abstraction.o
    0x08003940   0x08003940   0x0000001e   Code   RO         1737    i.FreeRTOS_QueueTake  rtos_abstraction.o
    0x0800395e   0x0800395e   0x00000022   Code   RO         1738    i.FreeRTOS_ReceiveQueue  rtos_abstraction.o
    0x08003980   0x08003980   0x0000002e   Code   RO         1739    i.FreeRTOS_ReceiveQueueFromISR  rtos_abstraction.o
    0x080039ae   0x080039ae   0x0000000e   Code   RO         1740    i.FreeRTOS_ResumeTask  rtos_abstraction.o
    0x080039bc   0x080039bc   0x0000000a   Code   RO         1741    i.FreeRTOS_SemaphoreCreate  rtos_abstraction.o
    0x080039c6   0x080039c6   0x00000010   Code   RO         1742    i.FreeRTOS_SemaphoreCreateCounting  rtos_abstraction.o
    0x080039d6   0x080039d6   0x0000000e   Code   RO         1743    i.FreeRTOS_SemaphoreDelete  rtos_abstraction.o
    0x080039e4   0x080039e4   0x00000014   Code   RO         1744    i.FreeRTOS_SemaphoreGive  rtos_abstraction.o
    0x080039f8   0x080039f8   0x0000002a   Code   RO         1745    i.FreeRTOS_SemaphoreGiveFromISR  rtos_abstraction.o
    0x08003a22   0x08003a22   0x0000001e   Code   RO         1746    i.FreeRTOS_SemaphoreTake  rtos_abstraction.o
    0x08003a40   0x08003a40   0x00000024   Code   RO         1747    i.FreeRTOS_SendQueue  rtos_abstraction.o
    0x08003a64   0x08003a64   0x00000030   Code   RO         1748    i.FreeRTOS_SendQueueFromISR  rtos_abstraction.o
    0x08003a94   0x08003a94   0x0000000e   Code   RO         1749    i.FreeRTOS_SuspendTask  rtos_abstraction.o
    0x08003aa2   0x08003aa2   0x00000034   Code   RO         1750    i.FreeRTOS_TaskCreate  rtos_abstraction.o
    0x08003ad6   0x08003ad6   0x0000000e   Code   RO         1751    i.FreeRTOS_TaskDelete  rtos_abstraction.o
    0x08003ae4   0x08003ae4   0x00000008   Code   RO         1752    i.FreeRTOS_TaskStartScheduler  rtos_abstraction.o
    0x08003aec   0x08003aec   0x00000024   Code   RO         1753    i.FreeRTOS_YieldFromISR  rtos_abstraction.o
    0x08003b10   0x08003b10   0x000000c8   Code   RO          951    i.GPIO_IRQHandler   exti.o
    0x08003bd8   0x08003bd8   0x00000090   Code   RO         4061    i.GPIO_Init         stm32f4xx_gpio.o
    0x08003c68   0x08003c68   0x00000046   Code   RO         4062    i.GPIO_PinAFConfig  stm32f4xx_gpio.o
    0x08003cae   0x08003cae   0x00000012   Code   RO         4065    i.GPIO_ReadInputDataBit  stm32f4xx_gpio.o
    0x08003cc0   0x08003cc0   0x00000006   Code   RO         4068    i.GPIO_ResetBits    stm32f4xx_gpio.o
    0x08003cc6   0x08003cc6   0x00000004   Code   RO         4069    i.GPIO_SetBits      stm32f4xx_gpio.o
    0x08003cca   0x08003cca   0x00000008   Code   RO         4071    i.GPIO_ToggleBits   stm32f4xx_gpio.o
    0x08003cd2   0x08003cd2   0x00000016   Code   RO          887    i.GetPinSource      common_driver.o
    0x08003ce8   0x08003ce8   0x00000004   Code   RO          695    i.HardFault_Handler  stm32f4xx_it.o
    0x08003cec   0x08003cec   0x0000015c   Code   RO         1352    i.I2C_Bus_Driver_Init  i2c_driver.o
    0x08003e48   0x08003e48   0x00000154   Code   RO         1353    i.I2C_Bus_Driver_Read  i2c_driver.o
    0x08003f9c   0x08003f9c   0x000001a8   Code   RO         1354    i.I2C_Bus_Driver_Write  i2c_driver.o
    0x08004144   0x08004144   0x00000218   Code   RO         1355    i.I2C_Bus_Driver_WriteThenRead  i2c_driver.o
    0x0800435c   0x0800435c   0x0000003c   Code   RO         2018    i.Log_Message       log_system.o
    0x08004398   0x08004398   0x00000050   Code   RO         2019    i.Log_ToBuffer      log_system.o
    0x080043e8   0x080043e8   0x00000004   Code   RO          696    i.MemManage_Handler  stm32f4xx_it.o
    0x080043ec   0x080043ec   0x00000038   Code   RO         1642    i.Modbus_CRC16      serial_interface.o
    0x08004424   0x08004424   0x00000002   Code   RO          697    i.NMI_Handler       stm32f4xx_it.o
    0x08004426   0x08004426   0x00000002   PAD
    0x08004428   0x08004428   0x00000078   Code   RO         2141    i.NVIC_Init         misc.o
    0x080044a0   0x080044a0   0x00000014   Code   RO         2142    i.NVIC_PriorityGroupConfig  misc.o
    0x080044b4   0x080044b4   0x000000c0   Code   RO         1083    i.PCF8574_Init      pcf8574.o
    0x08004574   0x08004574   0x00000100   Code   RO         1084    i.PCF8574_ReadByte  pcf8574.o
    0x08004674   0x08004674   0x0000012c   Code   RO         1981    i.Protocol_PackRS485Frame  protocol_handler.o
    0x080047a0   0x080047a0   0x0000025c   Code   RO         1982    i.Protocol_ProcessByte  protocol_handler.o
    0x080049fc   0x080049fc   0x0000001c   Code   RO         1983    i.Protocol_ResetParser  protocol_handler.o
    0x08004a18   0x08004a18   0x00000020   Code   RO         4993    i.RCC_AHB1PeriphClockCmd  stm32f4xx_rcc.o
    0x08004a38   0x08004a38   0x00000020   Code   RO         5002    i.RCC_APB1PeriphClockCmd  stm32f4xx_rcc.o
    0x08004a58   0x08004a58   0x00000020   Code   RO         5004    i.RCC_APB1PeriphResetCmd  stm32f4xx_rcc.o
    0x08004a78   0x08004a78   0x00000020   Code   RO         5005    i.RCC_APB2PeriphClockCmd  stm32f4xx_rcc.o
    0x08004a98   0x08004a98   0x00000064   Code   RO         5013    i.RCC_DeInit        stm32f4xx_rcc.o
    0x08004afc   0x08004afc   0x000000e8   Code   RO         5014    i.RCC_GetClocksFreq  stm32f4xx_rcc.o
    0x08004be4   0x08004be4   0x00000040   Code   RO         5015    i.RCC_GetFlagStatus  stm32f4xx_rcc.o
    0x08004c24   0x08004c24   0x00000010   Code   RO         5017    i.RCC_GetSYSCLKSource  stm32f4xx_rcc.o
    0x08004c34   0x08004c34   0x00000018   Code   RO         5018    i.RCC_HCLKConfig    stm32f4xx_rcc.o
    0x08004c4c   0x08004c4c   0x00000010   Code   RO         5019    i.RCC_HSEConfig     stm32f4xx_rcc.o
    0x08004c5c   0x08004c5c   0x00000018   Code   RO         5029    i.RCC_PCLK1Config   stm32f4xx_rcc.o
    0x08004c74   0x08004c74   0x00000018   Code   RO         5030    i.RCC_PCLK2Config   stm32f4xx_rcc.o
    0x08004c8c   0x08004c8c   0x0000000c   Code   RO         5031    i.RCC_PLLCmd        stm32f4xx_rcc.o
    0x08004c98   0x08004c98   0x00000024   Code   RO         5032    i.RCC_PLLConfig     stm32f4xx_rcc.o
    0x08004cbc   0x08004cbc   0x00000018   Code   RO         5043    i.RCC_SYSCLKConfig  stm32f4xx_rcc.o
    0x08004cd4   0x08004cd4   0x00000038   Code   RO         5045    i.RCC_WaitForHSEStartUp  stm32f4xx_rcc.o
    0x08004d0c   0x08004d0c   0x000000b0   Code   RO         1462    i.RS485_Driver_Init  rs485_driver.o
    0x08004dbc   0x08004dbc   0x00000028   Code   RO         1463    i.RS485_Driver_PollSendQueue  rs485_driver.o
    0x08004de4   0x08004de4   0x00000134   Code   RO         1464    i.RS485_Driver_QueueFrameForSend  rs485_driver.o
    0x08004f18   0x08004f18   0x000001a4   Code   RO         1465    i.RS485_Driver_ReceiveFrame  rs485_driver.o
    0x080050bc   0x080050bc   0x0000009c   Code   RO         1466    i.RS485_Driver_SendData  rs485_driver.o
    0x08005158   0x08005158   0x000000a4   Code   RO         1467    i.RS485_Driver_SendFrame  rs485_driver.o
    0x080051fc   0x080051fc   0x00000014   Code   RO         1889    i.RingBuffer_Clear  ring_buffer.o
    0x08005210   0x08005210   0x00000038   Code   RO         1890    i.RingBuffer_Deinit  ring_buffer.o
    0x08005248   0x08005248   0x00000036   Code   RO         1891    i.RingBuffer_Drop   ring_buffer.o
    0x0800527e   0x0800527e   0x00000002   PAD
    0x08005280   0x08005280   0x0000005c   Code   RO         1892    i.RingBuffer_Init   ring_buffer.o
    0x080052dc   0x080052dc   0x00000016   Code   RO         1893    i.RingBuffer_IsAvailable  ring_buffer.o
    0x080052f2   0x080052f2   0x00000014   Code   RO         1894    i.RingBuffer_IsEmpty  ring_buffer.o
    0x08005306   0x08005306   0x00000058   Code   RO         1896    i.RingBuffer_Peek   ring_buffer.o
    0x0800535e   0x0800535e   0x00000046   Code   RO         1897    i.RingBuffer_Read   ring_buffer.o
    0x080053a4   0x080053a4   0x0000005c   Code   RO         1898    i.RingBuffer_ReadMulti  ring_buffer.o
    0x08005400   0x08005400   0x0000005c   Code   RO         1899    i.RingBuffer_Write  ring_buffer.o
    0x0800545c   0x0800545c   0x00000064   Code   RO         1900    i.RingBuffer_WriteFromISR  ring_buffer.o
    0x080054c0   0x080054c0   0x00000018   Code   RO         6154    i.SPI_Cmd           stm32f4xx_spi.o
    0x080054d8   0x080054d8   0x00000364   Code   RO         1179    i.SPI_Flash_Device_Init  spi_flash.o
    0x0800583c   0x0800583c   0x00000150   Code   RO         1181    i.SPI_Flash_EraseSector  spi_flash.o
    0x0800598c   0x0800598c   0x0000026c   Code   RO         1183    i.SPI_Flash_Hardware_Init  spi_flash.o
    0x08005bf8   0x08005bf8   0x00000088   Code   RO         1184    i.SPI_Flash_ReadChipId  spi_flash.o
    0x08005c80   0x08005c80   0x00000100   Code   RO         1185    i.SPI_Flash_ReadData  spi_flash.o
    0x08005d80   0x08005d80   0x00000080   Code   RO         1186    i.SPI_Flash_ReadStatusReg  spi_flash.o
    0x08005e00   0x08005e00   0x00000068   Code   RO         1187    i.SPI_Flash_TransferByte  spi_flash.o
    0x08005e68   0x08005e68   0x000001a0   Code   RO         1188    i.SPI_Flash_WritePage  spi_flash.o
    0x08006008   0x08006008   0x00000260   Code   RO         1190    i.SPI_Flash_WriteWithErase  spi_flash.o
    0x08006268   0x08006268   0x00000012   Code   RO         6162    i.SPI_I2S_GetFlagStatus  stm32f4xx_spi.o
    0x0800627a   0x0800627a   0x00000006   Code   RO         6165    i.SPI_I2S_ReceiveData  stm32f4xx_spi.o
    0x08006280   0x08006280   0x00000004   Code   RO         6166    i.SPI_I2S_SendData  stm32f4xx_spi.o
    0x08006284   0x08006284   0x0000003c   Code   RO         6167    i.SPI_Init          stm32f4xx_spi.o
    0x080062c0   0x080062c0   0x000000f0   Code   RO         1120    i.Serial_Driver_Deinit  serial_driver.o
    0x080063b0   0x080063b0   0x000000c8   Code   RO         1121    i.Serial_Driver_IRQHandler  serial_driver.o
    0x08006478   0x08006478   0x000002b8   Code   RO         1122    i.Serial_Driver_Init  serial_driver.o
    0x08006730   0x08006730   0x00000094   Code   RO         1123    i.Serial_Driver_ReadByte  serial_driver.o
    0x080067c4   0x080067c4   0x00000100   Code   RO         1125    i.Serial_Driver_SendData  serial_driver.o
    0x080068c4   0x080068c4   0x000001b0   Code   RO         1643    i.Serial_Interface_AddFrameToQueue  serial_interface.o
    0x08006a74   0x08006a74   0x00000060   Code   RO         1644    i.Serial_Interface_Deinit  serial_interface.o
    0x08006ad4   0x08006ad4   0x00000070   Code   RO         1645    i.Serial_Interface_GetErrorLog  serial_interface.o
    0x08006b44   0x08006b44   0x00000134   Code   RO         1646    i.Serial_Interface_Init  serial_interface.o
    0x08006c78   0x08006c78   0x000000a0   Code   RO         1647    i.Serial_Interface_PollSendRS485  serial_interface.o
    0x08006d18   0x08006d18   0x0000019c   Code   RO         1648    i.Serial_Interface_ReceiveProtocolData  serial_interface.o
    0x08006eb4   0x08006eb4   0x0000006c   Code   RO         1649    i.Serial_Interface_SendData  serial_interface.o
    0x08006f20   0x08006f20   0x00000094   Code   RO         1650    i.Serial_Interface_SendFrame  serial_interface.o
    0x08006fb4   0x08006fb4   0x00000120   Code   RO         2100    i.SetSysClock       system_stm32f4xx.o
    0x080070d4   0x080070d4   0x00000028   Code   RO         2145    i.SysTick_CLKSourceConfig  misc.o
    0x080070fc   0x080070fc   0x00000010   Code   RO          698    i.SysTick_Handler   stm32f4xx_it.o
    0x0800710c   0x0800710c   0x000001dc   Code   RO         1560    i.SystemClock_Config  sys.o
    0x080072e8   0x080072e8   0x000000c0   Code   RO         2101    i.SystemCoreClockUpdate  system_stm32f4xx.o
    0x080073a8   0x080073a8   0x00000068   Code   RO         2102    i.SystemInit        system_stm32f4xx.o
    0x08007410   0x08007410   0x0000002c   Code   RO          785    i.TIM6_DAC_IRQHandler  btim.o
    0x0800743c   0x0800743c   0x00000006   Code   RO         6387    i.TIM_ClearITPendingBit  stm32f4xx_tim.o
    0x08007442   0x08007442   0x00000022   Code   RO         6413    i.TIM_GetITStatus   stm32f4xx_tim.o
    0x08007464   0x08007464   0x00000010   Code   RO          699    i.USART1_IRQHandler  stm32f4xx_it.o
    0x08007474   0x08007474   0x00000010   Code   RO          700    i.USART2_IRQHandler  stm32f4xx_it.o
    0x08007484   0x08007484   0x00000010   Code   RO          701    i.USART6_IRQHandler  stm32f4xx_it.o
    0x08007494   0x08007494   0x00000018   Code   RO         6946    i.USART_Cmd         stm32f4xx_usart.o
    0x080074ac   0x080074ac   0x0000001a   Code   RO         6949    i.USART_GetFlagStatus  stm32f4xx_usart.o
    0x080074c6   0x080074c6   0x00000054   Code   RO         6950    i.USART_GetITStatus  stm32f4xx_usart.o
    0x0800751a   0x0800751a   0x0000004a   Code   RO         6952    i.USART_ITConfig    stm32f4xx_usart.o
    0x08007564   0x08007564   0x000000d4   Code   RO         6953    i.USART_Init        stm32f4xx_usart.o
    0x08007638   0x08007638   0x0000000a   Code   RO         6960    i.USART_ReceiveData  stm32f4xx_usart.o
    0x08007642   0x08007642   0x00000008   Code   RO         6963    i.USART_SendData    stm32f4xx_usart.o
    0x0800764a   0x0800764a   0x00000004   Code   RO          702    i.UsageFault_Handler  stm32f4xx_it.o
    0x0800764e   0x0800764e   0x00000002   PAD
    0x08007650   0x08007650   0x000002a4   Code   RO          200    i._ESP32_SendATCommand_Internal  api_wifi.o
    0x080078f4   0x080078f4   0x00000034   Code   RO         1356    i._IIC_Ack          i2c_driver.o
    0x08007928   0x08007928   0x0000000a   Code   RO         1357    i._IIC_Delay        i2c_driver.o
    0x08007932   0x08007932   0x00000034   Code   RO         1358    i._IIC_NAck         i2c_driver.o
    0x08007966   0x08007966   0x0000005a   Code   RO         1359    i._IIC_ReadByte     i2c_driver.o
    0x080079c0   0x080079c0   0x0000001c   Code   RO         1360    i._IIC_SCL_Set      i2c_driver.o
    0x080079dc   0x080079dc   0x0000001e   Code   RO         1361    i._IIC_SDA_Dir_In   i2c_driver.o
    0x080079fa   0x080079fa   0x00000024   Code   RO         1362    i._IIC_SDA_Dir_Out  i2c_driver.o
    0x08007a1e   0x08007a1e   0x0000000e   Code   RO         1363    i._IIC_SDA_Read     i2c_driver.o
    0x08007a2c   0x08007a2c   0x0000001c   Code   RO         1364    i._IIC_SDA_Set      i2c_driver.o
    0x08007a48   0x08007a48   0x00000038   Code   RO         1365    i._IIC_Start        i2c_driver.o
    0x08007a80   0x08007a80   0x00000038   Code   RO         1366    i._IIC_Stop         i2c_driver.o
    0x08007ab8   0x08007ab8   0x00000088   Code   RO         1367    i._IIC_WaitAck      i2c_driver.o
    0x08007b40   0x08007b40   0x0000004a   Code   RO         1368    i._IIC_WriteByte    i2c_driver.o
    0x08007b8a   0x08007b8a   0x00000002   PAD
    0x08007b8c   0x08007b8c   0x00000088   Code   RO         1651    i._Serial_ErrorLog_Init  serial_interface.o
    0x08007c14   0x08007c14   0x0000006c   Code   RO         1652    i._Serial_LogError  serial_interface.o
    0x08007c80   0x08007c80   0x00000020   Code   RO         8880    i.__0printf         mc_w.l(printfa.o)
    0x08007ca0   0x08007ca0   0x00000034   Code   RO         8881    i.__0snprintf       mc_w.l(printfa.o)
    0x08007cd4   0x08007cd4   0x00000034   Code   RO         8885    i.__0vsnprintf      mc_w.l(printfa.o)
    0x08007d08   0x08007d08   0x00000008   Code   RO         8961    i.__aeabi_errno_addr  mc_w.l(errno.o)
    0x08007d10   0x08007d10   0x0000000e   Code   RO         8997    i.__scatterload_copy  mc_w.l(handlers.o)
    0x08007d1e   0x08007d1e   0x00000002   Code   RO         8998    i.__scatterload_null  mc_w.l(handlers.o)
    0x08007d20   0x08007d20   0x0000000e   Code   RO         8999    i.__scatterload_zeroinit  mc_w.l(handlers.o)
    0x08007d2e   0x08007d2e   0x00000002   PAD
    0x08007d30   0x08007d30   0x00000184   Code   RO         8887    i._fp_digits        mc_w.l(printfa.o)
    0x08007eb4   0x08007eb4   0x000006b4   Code   RO         8888    i._printf_core      mc_w.l(printfa.o)
    0x08008568   0x08008568   0x00000024   Code   RO         8889    i._printf_post_padding  mc_w.l(printfa.o)
    0x0800858c   0x0800858c   0x0000002e   Code   RO         8890    i._printf_pre_padding  mc_w.l(printfa.o)
    0x080085ba   0x080085ba   0x00000016   Code   RO         8891    i._snputc           mc_w.l(printfa.o)
    0x080085d0   0x080085d0   0x00000070   Code   RO         1191    i.check_busy        spi_flash.o
    0x08008640   0x08008640   0x00000010   Code   RO         1192    i.default_cs_high   spi_flash.o
    0x08008650   0x08008650   0x00000010   Code   RO         1193    i.default_cs_low    spi_flash.o
    0x08008660   0x08008660   0x00000070   Code   RO         1194    i.default_dma_transfer  spi_flash.o
    0x080086d0   0x080086d0   0x00000036   Code   RO         1195    i.default_spi_transfer  spi_flash.o
    0x08008706   0x08008706   0x00000002   PAD
    0x08008708   0x08008708   0x00000020   Code   RO         1517    i.delay_init        delay.o
    0x08008728   0x08008728   0x00000038   Code   RO         1518    i.delay_ms          delay.o
    0x08008760   0x08008760   0x0000008c   Code   RO         1519    i.delay_us          delay.o
    0x080087ec   0x080087ec   0x00000058   Code   RO          201    i.find_prefix       api_wifi.o
    0x08008844   0x08008844   0x00000020   Code   RO          653    i.fputc             main.o
    0x08008864   0x08008864   0x000000f8   Code   RO          202    i.get_ip_addr_callback  api_wifi.o
    0x0800895c   0x0800895c   0x000000c8   Code   RO          203    i.get_mac_addr_callback  api_wifi.o
    0x08008a24   0x08008a24   0x00000090   Code   RO          204    i.get_version_callback  api_wifi.o
    0x08008ab4   0x08008ab4   0x000000bc   Code   RO         1020    i.key_init          key.o
    0x08008b70   0x08008b70   0x00000068   Code   RO         1055    i.led_init          led.o
    0x08008bd8   0x08008bd8   0x00000048   Code   RO          654    i.main              main.o
    0x08008c20   0x08008c20   0x000000cc   Code   RO         7854    i.prvAddCurrentTaskToDelayedList  tasks.o
    0x08008cec   0x08008cec   0x000000ec   Code   RO         7855    i.prvAddNewTaskToReadyList  tasks.o
    0x08008dd8   0x08008dd8   0x00000064   Code   RO         8283    i.prvCheckForValidListAndQueue  timers.o
    0x08008e3c   0x08008e3c   0x00000048   Code   RO         7856    i.prvCheckTasksWaitingTermination  tasks.o
    0x08008e84   0x08008e84   0x0000002a   Code   RO         7413    i.prvCopyDataFromQueue  queue.o
    0x08008eae   0x08008eae   0x0000007e   Code   RO         7414    i.prvCopyDataToQueue  queue.o
    0x08008f2c   0x08008f2c   0x00000012   Code   RO         7857    i.prvDeleteTCB      tasks.o
    0x08008f3e   0x08008f3e   0x00000014   Code   RO         7415    i.prvGetDisinheritPriorityAfterTimeout  queue.o
    0x08008f52   0x08008f52   0x00000002   PAD
    0x08008f54   0x08008f54   0x00000028   Code   RO         8284    i.prvGetNextExpireTime  timers.o
    0x08008f7c   0x08008f7c   0x0000007c   Code   RO         8554    i.prvHeapInit       heap_4.o
    0x08008ff8   0x08008ff8   0x00000028   Code   RO         7858    i.prvIdleTask       tasks.o
    0x08009020   0x08009020   0x0000001e   Code   RO         7416    i.prvInitialiseMutex  queue.o
    0x0800903e   0x0800903e   0x0000002e   Code   RO         7417    i.prvInitialiseNewQueue  queue.o
    0x0800906c   0x0800906c   0x000000f4   Code   RO         7859    i.prvInitialiseNewTask  tasks.o
    0x08009160   0x08009160   0x00000068   Code   RO         7860    i.prvInitialiseTaskLists  tasks.o
    0x080091c8   0x080091c8   0x00000068   Code   RO         8555    i.prvInsertBlockIntoFreeList  heap_4.o
    0x08009230   0x08009230   0x00000058   Code   RO         8286    i.prvInsertTimerInActiveList  timers.o
    0x08009288   0x08009288   0x0000001a   Code   RO         7418    i.prvIsQueueEmpty   queue.o
    0x080092a2   0x080092a2   0x0000001e   Code   RO         7419    i.prvIsQueueFull    queue.o
    0x080092c0   0x080092c0   0x000000b4   Code   RO         7420    i.prvNotifyQueueSetContainer  queue.o
    0x08009374   0x08009374   0x00000044   Code   RO         8287    i.prvProcessExpiredTimer  timers.o
    0x080093b8   0x080093b8   0x00000160   Code   RO         8288    i.prvProcessReceivedCommands  timers.o
    0x08009518   0x08009518   0x00000074   Code   RO         8289    i.prvProcessTimerOrBlockTask  timers.o
    0x0800958c   0x0800958c   0x00000028   Code   RO         8290    i.prvReloadTimer    timers.o
    0x080095b4   0x080095b4   0x00000030   Code   RO         7862    i.prvResetNextTaskUnblockTime  tasks.o
    0x080095e4   0x080095e4   0x0000002c   Code   RO         8291    i.prvSampleTimeNow  timers.o
    0x08009610   0x08009610   0x00000044   Code   RO         8292    i.prvSwitchTimerLists  timers.o
    0x08009654   0x08009654   0x00000070   Code   RO         8462    i.prvTaskExitError  port.o
    0x080096c4   0x080096c4   0x00000074   Code   RO         7865    i.prvTaskIsTaskSuspended  tasks.o
    0x08009738   0x08009738   0x0000001a   Code   RO         8293    i.prvTimerTask      timers.o
    0x08009752   0x08009752   0x00000090   Code   RO         7421    i.prvUnlockQueue    queue.o
    0x080097e2   0x080097e2   0x00000002   PAD
    0x080097e4   0x080097e4   0x00000180   Code   RO         8556    i.pvPortMalloc      heap_4.o
    0x08009964   0x08009964   0x00000020   Code   RO         7867    i.pvTaskIncrementMutexHeldCount  tasks.o
    0x08009984   0x08009984   0x0000002c   Code   RO         8463    i.pxPortInitialiseStack  port.o
    0x080099b0   0x080099b0   0x00000032   Code   RO         1196    i.send_address      spi_flash.o
    0x080099e2   0x080099e2   0x00000002   PAD
    0x080099e4   0x080099e4   0x000000bc   Code   RO          205    i.set_ssid_password_callback  api_wifi.o
    0x08009aa0   0x08009aa0   0x00000028   Code   RO         7357    i.uxListRemove      list.o
    0x08009ac8   0x08009ac8   0x0000001a   Code   RO         7358    i.vListInitialise   list.o
    0x08009ae2   0x08009ae2   0x00000006   Code   RO         7359    i.vListInitialiseItem  list.o
    0x08009ae8   0x08009ae8   0x00000034   Code   RO         7360    i.vListInsert       list.o
    0x08009b1c   0x08009b1c   0x00000018   Code   RO         7361    i.vListInsertEnd    list.o
    0x08009b34   0x08009b34   0x00000088   Code   RO         8465    i.vPortEnterCritical  port.o
    0x08009bbc   0x08009bbc   0x00000070   Code   RO         8466    i.vPortExitCritical  port.o
    0x08009c2c   0x08009c2c   0x000000c8   Code   RO         8557    i.vPortFree         heap_4.o
    0x08009cf4   0x08009cf4   0x00000028   Code   RO         8467    i.vPortSetupTimerInterrupt  port.o
    0x08009d1c   0x08009d1c   0x000000a0   Code   RO         8468    i.vPortValidateInterruptPriority  port.o
    0x08009dbc   0x08009dbc   0x0000007c   Code   RO         7427    i.vQueueAddToRegistry  queue.o
    0x08009e38   0x08009e38   0x00000048   Code   RO         7428    i.vQueueDelete      queue.o
    0x08009e80   0x08009e80   0x00000064   Code   RO         7430    i.vQueueUnregisterQueue  queue.o
    0x08009ee4   0x08009ee4   0x0000004a   Code   RO         7431    i.vQueueWaitForMessageRestricted  queue.o
    0x08009f2e   0x08009f2e   0x00000002   PAD
    0x08009f30   0x08009f30   0x00000074   Code   RO         7877    i.vTaskDelay        tasks.o
    0x08009fa4   0x08009fa4   0x00000114   Code   RO         7878    i.vTaskDelete       tasks.o
    0x0800a0b8   0x0800a0b8   0x00000018   Code   RO         7882    i.vTaskInternalSetTimeOutState  tasks.o
    0x0800a0d0   0x0800a0d0   0x0000000c   Code   RO         7884    i.vTaskMissedYield  tasks.o
    0x0800a0dc   0x0800a0dc   0x00000054   Code   RO         7885    i.vTaskPlaceOnEventList  tasks.o
    0x0800a130   0x0800a130   0x0000007c   Code   RO         7886    i.vTaskPlaceOnEventListRestricted  tasks.o
    0x0800a1ac   0x0800a1ac   0x00000128   Code   RO         7888    i.vTaskPriorityDisinheritAfterTimeout  tasks.o
    0x0800a2d4   0x0800a2d4   0x000000e0   Code   RO         7891    i.vTaskResume       tasks.o
    0x0800a3b4   0x0800a3b4   0x000000b4   Code   RO         7894    i.vTaskStartScheduler  tasks.o
    0x0800a468   0x0800a468   0x0000011c   Code   RO         7895    i.vTaskSuspend      tasks.o
    0x0800a584   0x0800a584   0x00000010   Code   RO         7896    i.vTaskSuspendAll   tasks.o
    0x0800a594   0x0800a594   0x000000a8   Code   RO         7897    i.vTaskSwitchContext  tasks.o
    0x0800a63c   0x0800a63c   0x00000094   Code   RO         1197    i.write_enable      spi_flash.o
    0x0800a6d0   0x0800a6d0   0x0000019c   Code   RO         8469    i.xPortStartScheduler  port.o
    0x0800a86c   0x0800a86c   0x00000034   Code   RO         8470    i.xPortSysTickHandler  port.o
    0x0800a8a0   0x0800a8a0   0x00000058   Code   RO         7433    i.xQueueCreateCountingSemaphore  queue.o
    0x0800a8f8   0x0800a8f8   0x00000022   Code   RO         7434    i.xQueueCreateMutex  queue.o
    0x0800a91a   0x0800a91a   0x00000002   PAD
    0x0800a91c   0x0800a91c   0x00000080   Code   RO         7436    i.xQueueGenericCreate  queue.o
    0x0800a99c   0x0800a99c   0x000000ec   Code   RO         7437    i.xQueueGenericReset  queue.o
    0x0800aa88   0x0800aa88   0x000001d4   Code   RO         7438    i.xQueueGenericSend  queue.o
    0x0800ac5c   0x0800ac5c   0x00000134   Code   RO         7439    i.xQueueGenericSendFromISR  queue.o
    0x0800ad90   0x0800ad90   0x00000114   Code   RO         7440    i.xQueueGiveFromISR  queue.o
    0x0800aea4   0x0800aea4   0x00000170   Code   RO         7446    i.xQueueReceive     queue.o
    0x0800b014   0x0800b014   0x000000f4   Code   RO         7447    i.xQueueReceiveFromISR  queue.o
    0x0800b108   0x0800b108   0x000001b4   Code   RO         7451    i.xQueueSemaphoreTake  queue.o
    0x0800b2bc   0x0800b2bc   0x000000bc   Code   RO         7900    i.xTaskCheckForTimeOut  tasks.o
    0x0800b378   0x0800b378   0x00000060   Code   RO         7901    i.xTaskCreate       tasks.o
    0x0800b3d8   0x0800b3d8   0x00000020   Code   RO         7910    i.xTaskGetSchedulerState  tasks.o
    0x0800b3f8   0x0800b3f8   0x0000000c   Code   RO         7911    i.xTaskGetTickCount  tasks.o
    0x0800b404   0x0800b404   0x000001d4   Code   RO         7913    i.xTaskIncrementTick  tasks.o
    0x0800b5d8   0x0800b5d8   0x00000100   Code   RO         7914    i.xTaskPriorityDisinherit  tasks.o
    0x0800b6d8   0x0800b6d8   0x000000ec   Code   RO         7915    i.xTaskPriorityInherit  tasks.o
    0x0800b7c4   0x0800b7c4   0x0000013c   Code   RO         7916    i.xTaskRemoveFromEventList  tasks.o
    0x0800b900   0x0800b900   0x00000190   Code   RO         7917    i.xTaskResumeAll    tasks.o
    0x0800ba90   0x0800ba90   0x00000074   Code   RO         8301    i.xTimerCreateTimerTask  timers.o
    0x0800bb04   0x0800bb04   0x00000054   Data   RO          206    .constdata          api_wifi.o
    0x0800bb58   0x0800bb58   0x00000148   Data   RO          406    .constdata          app_tasks.o
    0x0800bca0   0x0800bca0   0x00000014   Data   RO          825    .constdata          can_driver.o
    0x0800bcb4   0x0800bcb4   0x00000014   Data   RO          888    .constdata          common_driver.o
    0x0800bcc8   0x0800bcc8   0x00000004   Data   RO         1126    .constdata          serial_driver.o
    0x0800bccc   0x0800bccc   0x00000006   Data   RO         1199    .constdata          spi_flash.o
    0x0800bcd2   0x0800bcd2   0x00000002   PAD
    0x0800bcd4   0x0800bcd4   0x00000010   Data   RO         1369    .constdata          i2c_driver.o
    0x0800bce4   0x0800bce4   0x00000018   Data   RO         1468    .constdata          rs485_driver.o
    0x0800bcfc   0x0800bcfc   0x00000020   Data   RO         1654    .constdata          serial_interface.o
    0x0800bd1c   0x0800bd1c   0x00000081   Data   RO         8934    .constdata          mc_w.l(ctype_o.o)
    0x0800bd9d   0x0800bd9d   0x00000003   PAD
    0x0800bda0   0x0800bda0   0x00000004   Data   RO         8935    .constdata          mc_w.l(ctype_o.o)
    0x0800bda4   0x0800bda4   0x00000093   Data   RO          207    .conststring        api_wifi.o
    0x0800be37   0x0800be37   0x00000001   PAD
    0x0800be38   0x0800be38   0x000002c9   Data   RO          407    .conststring        app_tasks.o
    0x0800c101   0x0800c101   0x00000003   PAD
    0x0800c104   0x0800c104   0x00000087   Data   RO          826    .conststring        can_driver.o
    0x0800c18b   0x0800c18b   0x00000001   PAD
    0x0800c18c   0x0800c18c   0x00000049   Data   RO         1086    .conststring        pcf8574.o
    0x0800c1d5   0x0800c1d5   0x00000003   PAD
    0x0800c1d8   0x0800c1d8   0x000002a1   Data   RO         1200    .conststring        spi_flash.o
    0x0800c479   0x0800c479   0x00000003   PAD
    0x0800c47c   0x0800c47c   0x00000169   Data   RO         1370    .conststring        i2c_driver.o
    0x0800c5e5   0x0800c5e5   0x00000003   PAD
    0x0800c5e8   0x0800c5e8   0x0000011c   Data   RO         1469    .conststring        rs485_driver.o
    0x0800c704   0x0800c704   0x000002f2   Data   RO         1655    .conststring        serial_interface.o
    0x0800c9f6   0x0800c9f6   0x00000002   PAD
    0x0800c9f8   0x0800c9f8   0x000002c3   Data   RO         1984    .conststring        protocol_handler.o
    0x0800ccbb   0x0800ccbb   0x00000001   PAD
    0x0800ccbc   0x0800ccbc   0x00000020   Data   RO         8995    Region$$Table       anon$$obj.o


    Execution Region RW_IRAM1 (Exec base: 0x20000000, Load base: 0x0800ccdc, Size: 0x0000dbf8, Max: 0x00030000, ABSOLUTE, COMPRESSED[0x00000118])

    Exec Addr    Load Addr    Size         Type   Attr      Idx    E Section Name        Object

    0x20000000   COMPRESSED   0x000000a2   Data   RW          208    .data               api_wifi.o
    0x200000a2   COMPRESSED   0x00000002   PAD
    0x200000a4   COMPRESSED   0x0000000b   Data   RW          408    .data               app_tasks.o
    0x200000af   COMPRESSED   0x00000001   PAD
    0x200000b0   COMPRESSED   0x00000174   Data   RW          616    .data               dev_config.o
    0x20000224   COMPRESSED   0x00000009   Data   RW          827    .data               can_driver.o
    0x2000022d   COMPRESSED   0x00000003   PAD
    0x20000230   COMPRESSED   0x00000014   Data   RW         1201    .data               spi_flash.o
    0x20000244   COMPRESSED   0x00000004   Data   RW         1520    .data               delay.o
    0x20000248   COMPRESSED   0x0000006c   Data   RW         1754    .data               rtos_abstraction.o
    0x200002b4   COMPRESSED   0x00000014   Data   RW         2103    .data               system_stm32f4xx.o
    0x200002c8   COMPRESSED   0x00000010   Data   RW         5046    .data               stm32f4xx_rcc.o
    0x200002d8   COMPRESSED   0x00000040   Data   RW         7920    .data               tasks.o
    0x20000318   COMPRESSED   0x00000014   Data   RW         8310    .data               timers.o
    0x2000032c   COMPRESSED   0x0000000c   Data   RW         8471    .data               port.o
    0x20000338   COMPRESSED   0x00000020   Data   RW         8563    .data               heap_4.o
    0x20000358   COMPRESSED   0x00000004   Data   RW         8928    .data               mc_w.l(stdout.o)
    0x2000035c   COMPRESSED   0x00000004   Data   RW         8964    .data               mc_w.l(errno.o)
    0x20000360        -       0x0000009c   Zero   RW          405    .bss                app_tasks.o
    0x200003fc        -       0x00001000   Zero   RW         1198    .bss                spi_flash.o
    0x200013fc        -       0x00000894   Zero   RW         1653    .bss                serial_interface.o
    0x20001c90        -       0x0000401c   Zero   RW         2020    .bss                log_system.o
    0x20005cac        -       0x00000040   Zero   RW         7453    .bss                queue.o
    0x20005cec        -       0x000002e4   Zero   RW         7919    .bss                tasks.o
    0x20005fd0        -       0x00000028   Zero   RW         8309    .bss                timers.o
    0x20005ff8        -       0x00007800   Zero   RW         8562    .bss                heap_4.o
    0x2000d7f8        -       0x00000400   Zero   RW         2090    STACK               startup_stm32f429_439xx.o


==============================================================================

Image component sizes


      Code (inc. data)   RO Data    RW Data    ZI Data      Debug   Object Name

         0          0          0          0          0     316460   api_eeprom.o
      3790       1748        231        162          0      36401   api_wifi.o
      4072       2236       1041         11        156      13990   app_tasks.o
        44         10          0          0          0        478   btim.o
      2208        918        155          9          0       8621   can_driver.o
       458        132         20          0          0      16607   common_driver.o
       228         26          0          4          0       2271   delay.o
         0          0          0        372          0       4529   dev_config.o
       768        444          0          0          0       2150   device_manager.o
         0          0          0          0          0      14368   event_groups.o
       284         32          0          0          0       2470   exti.o
       812        186          0         32      30720       4003   heap_4.o
      2310        814        377          0          0      11876   i2c_driver.o
       188         14          0          0          0        563   key.o
       104          4          0          0          0        515   led.o
       148          0          0          0          0       3218   list.o
       140         22          0          0      16412       2733   log_system.o
       156         52          0          0          0       3135   main.o
       180         24          0          0          0       2321   misc.o
       448        294         73          0          0       1762   pcf8574.o
      1258        392          0         12          0      10585   port.o
       932        208        707          0          0       3436   protocol_handler.o
      3600        508          0          0         64      22522   queue.o
       706         18          0          0          0       7873   ring_buffer.o
      1264        792        308          0          0       5510   rs485_driver.o
       568          4          0        108          0      17022   rtos_abstraction.o
      1540        822          4          0          0       4221   serial_driver.o
      2076        924        786          0       2196       9550   serial_interface.o
      3980       1802        679         20       4096      15917   spi_flash.o
        44         14        428          0       1024        904   startup_stm32f429_439xx.o
      1814         44          0          0          0       8749   stm32f4xx_can.o
        48         12          0          0          0       1129   stm32f4xx_flash.o
       250          0          0          0          0       4385   stm32f4xx_gpio.o
       104         24          0          0          0       5394   stm32f4xx_it.o
       756        108          0         16          0      12140   stm32f4xx_rcc.o
       112          0          0          0          0       3778   stm32f4xx_spi.o
        40          0          0          0          0       2054   stm32f4xx_tim.o
       438          8          0          0          0       5801   stm32f4xx_usart.o
       476         38          0          0          0       1261   sys.o
       584         54          0         20          0       2929   system_stm32f4xx.o
      4922       1064          0         64        740      36796   tasks.o
      1058        192          0         20         40      10772   timers.o

    ----------------------------------------------------------------------
     42936      13984       4860        856      55448     641199   Object Totals
         0          0         32          0          0          0   (incl. Generated)
        28          0         19          6          0          0   (incl. Padding)

    ----------------------------------------------------------------------

      Code (inc. data)   RO Data    RW Data    ZI Data      Debug   Library Member Name

        86          0          0          0          0          0   __dczerorl2.o
        28          0          0          0          0         68   _chval.o
       158          0          0          0          0         92   _strtoul.o
        26          0          0          0          0         80   atoi.o
         8          4        133          0          0         68   ctype_o.o
         0          0          0          0          0          0   entry.o
         0          0          0          0          0          0   entry10a.o
         0          0          0          0          0          0   entry11a.o
         4          0          0          0          0          0   entry12b.o
         8          4          0          0          0          0   entry2.o
         4          0          0          0          0          0   entry5.o
         0          0          0          0          0          0   entry7b.o
         0          0          0          0          0          0   entry8b.o
         8          4          0          0          0          0   entry9a.o
         8          4          0          4          0         68   errno.o
        30          0          0          0          0          0   handlers.o
        36          8          0          0          0         68   init.o
         0          0          0          0          0          0   iusefp.o
        30          0          0          0          0         68   llshl.o
        36          0          0          0          0         68   llsshr.o
        32          0          0          0          0         68   llushr.o
        26          0          0          0          0         80   memcmp.o
        36          0          0          0          0         68   memcpya.o
        36          0          0          0          0        108   memseta.o
      2344        100          0          0          0        700   printfa.o
         0          0          0          4          0          0   stdout.o
        20          0          0          0          0         68   strchr.o
        14          0          0          0          0         68   strlen.o
        24          0          0          0          0         76   strncpy.o
        32          0          0          0          0         76   strpbrk.o
        36          0          0          0          0         80   strstr.o
       112          0          0          0          0         88   strtol.o
       114          0          0          0          0         92   strtoul.o
        44          0          0          0          0         80   uidiv.o
        98          0          0          0          0         92   uldiv.o
        48          0          0          0          0         68   cdrcmple.o
       334          0          0          0          0        148   dadd.o
       222          0          0          0          0        100   ddiv.o
       186          0          0          0          0        176   depilogue.o
        48          0          0          0          0         68   dfixul.o
       228          0          0          0          0         96   dmul.o

    ----------------------------------------------------------------------
      4512        124        136          8          0       2980   Library Totals
         8          0          3          0          0          0   (incl. Padding)

    ----------------------------------------------------------------------

      Code (inc. data)   RO Data    RW Data    ZI Data      Debug   Library Name

      3438        124        133          8          0       2324   mc_w.l
      1066          0          0          0          0        656   mf_w.l

    ----------------------------------------------------------------------
      4512        124        136          8          0       2980   Library Totals

    ----------------------------------------------------------------------

==============================================================================


      Code (inc. data)   RO Data    RW Data    ZI Data      Debug   

     47448      14108       4996        864      55448     613751   Grand Totals
     47448      14108       4996        280      55448     613751   ELF Image Totals (compressed)
     47448      14108       4996        280          0          0   ROM Totals

==============================================================================

    Total RO  Size (Code + RO Data)                52444 (  51.21kB)
    Total RW  Size (RW Data + ZI Data)             56312 (  54.99kB)
    Total ROM Size (Code + RO Data + RW Data)      52724 (  51.49kB)

==============================================================================

