Component: ARM Compiler 5.06 update 7 (build 960) Tool: armlink [4d3601]

==============================================================================

Section Cross References

    api_eeprom.o(i.EEPROMReadByteFromReg) refers to rtos_abstraction.o(i.RTOS_GetOps) for RTOS_GetOps
    api_eeprom.o(i.EEPROMReadByteFromReg) refers to log_system.o(i.Log_Message) for Log_Message
    api_eeprom.o(i.EEPROMReadByteFromReg) refers to iic_driver.o(i.IIC_Start) for IIC_Start
    api_eeprom.o(i.EEPROMReadByteFromReg) refers to iic_driver.o(i.IIC_WriteByte) for IIC_WriteByte
    api_eeprom.o(i.EEPROMReadByteFromReg) refers to iic_driver.o(i.IIC_Stop) for IIC_Stop
    api_eeprom.o(i.EEPROMReadByteFromReg) refers to iic_driver.o(i.IIC_ReadByte) for IIC_ReadByte
    api_eeprom.o(i.EEPROMReadByteFromReg) refers to iic_driver.o(.data) for IIC1_config
    api_eeprom.o(i.EEPROMReadBytesFromReg) refers to rtos_abstraction.o(i.RTOS_GetOps) for RTOS_GetOps
    api_eeprom.o(i.EEPROMReadBytesFromReg) refers to log_system.o(i.Log_Message) for Log_Message
    api_eeprom.o(i.EEPROMReadBytesFromReg) refers to iic_driver.o(i.IIC_Start) for IIC_Start
    api_eeprom.o(i.EEPROMReadBytesFromReg) refers to iic_driver.o(i.IIC_WriteByte) for IIC_WriteByte
    api_eeprom.o(i.EEPROMReadBytesFromReg) refers to iic_driver.o(i.IIC_Stop) for IIC_Stop
    api_eeprom.o(i.EEPROMReadBytesFromReg) refers to iic_driver.o(i.IIC_ReadByte) for IIC_ReadByte
    api_eeprom.o(i.EEPROMReadBytesFromReg) refers to iic_driver.o(.data) for IIC1_config
    api_eeprom.o(i.EEPROMWriteByteToReg) refers to rtos_abstraction.o(i.RTOS_GetOps) for RTOS_GetOps
    api_eeprom.o(i.EEPROMWriteByteToReg) refers to log_system.o(i.Log_Message) for Log_Message
    api_eeprom.o(i.EEPROMWriteByteToReg) refers to iic_driver.o(i.IIC_Start) for IIC_Start
    api_eeprom.o(i.EEPROMWriteByteToReg) refers to iic_driver.o(i.IIC_WriteByte) for IIC_WriteByte
    api_eeprom.o(i.EEPROMWriteByteToReg) refers to iic_driver.o(i.IIC_Stop) for IIC_Stop
    api_eeprom.o(i.EEPROMWriteByteToReg) refers to iic_driver.o(i.IIC_WaitWriteComplete) for IIC_WaitWriteComplete
    api_eeprom.o(i.EEPROMWriteByteToReg) refers to iic_driver.o(.data) for IIC1_config
    api_eeprom.o(i.EEPROMWriteBytesToReg) refers to rtos_abstraction.o(i.RTOS_GetOps) for RTOS_GetOps
    api_eeprom.o(i.EEPROMWriteBytesToReg) refers to log_system.o(i.Log_Message) for Log_Message
    api_eeprom.o(i.EEPROMWriteBytesToReg) refers to iic_driver.o(i.IIC_Start) for IIC_Start
    api_eeprom.o(i.EEPROMWriteBytesToReg) refers to iic_driver.o(i.IIC_WriteByte) for IIC_WriteByte
    api_eeprom.o(i.EEPROMWriteBytesToReg) refers to iic_driver.o(i.IIC_Stop) for IIC_Stop
    api_eeprom.o(i.EEPROMWriteBytesToReg) refers to iic_driver.o(i.IIC_WaitWriteComplete) for IIC_WaitWriteComplete
    api_eeprom.o(i.EEPROMWriteBytesToReg) refers to iic_driver.o(.data) for IIC1_config
    api_eeprom.o(.constdata) refers to api_eeprom.o(i.EEPROMReadByteFromReg) for EEPROMReadByteFromReg
    api_eeprom.o(.constdata) refers to api_eeprom.o(i.EEPROMWriteByteToReg) for EEPROMWriteByteToReg
    api_wifi.o(i.HandleATState_Data) refers to strstr.o(.text) for strstr
    api_wifi.o(i.HandleATState_End) refers to log_system.o(i.Log_Message) for Log_Message
    api_wifi.o(i.HandleSignalState_Data) refers to _scanf_int.o(.text) for _scanf_int
    api_wifi.o(i.HandleSignalState_Data) refers to strstr.o(.text) for strstr
    api_wifi.o(i.HandleSignalState_Data) refers to __0sscanf.o(.text) for __0sscanf
    api_wifi.o(i.HandleStatusState_Data) refers to strstr.o(.text) for strstr
    api_wifi.o(i.HandleStatusState_Data) refers to strncpy.o(.text) for strncpy
    api_wifi.o(i.HandleTCPState_End) refers to log_system.o(i.Log_Message) for Log_Message
    api_wifi.o(i.WiFi_ConnectTCPServer) refers to rtos_abstraction.o(i.RTOS_GetOps) for RTOS_GetOps
    api_wifi.o(i.WiFi_ConnectTCPServer) refers to log_system.o(i.Log_Message) for Log_Message
    api_wifi.o(i.WiFi_ConnectTCPServer) refers to printfa.o(i.__0snprintf) for __2snprintf
    api_wifi.o(i.WiFi_ConnectTCPServer) refers to memcpya.o(.text) for __aeabi_memcpy4
    api_wifi.o(i.WiFi_ConnectTCPServer) refers to api_wifi.o(i.WiFi_SendATCommand) for WiFi_SendATCommand
    api_wifi.o(i.WiFi_ConnectTCPServer) refers to api_wifi.o(.constdata) for .constdata
    api_wifi.o(i.WiFi_DisconnectTCPServer) refers to rtos_abstraction.o(i.RTOS_GetOps) for RTOS_GetOps
    api_wifi.o(i.WiFi_DisconnectTCPServer) refers to log_system.o(i.Log_Message) for Log_Message
    api_wifi.o(i.WiFi_DisconnectTCPServer) refers to memcpya.o(.text) for __aeabi_memcpy4
    api_wifi.o(i.WiFi_DisconnectTCPServer) refers to api_wifi.o(i.WiFi_SendATCommand) for WiFi_SendATCommand
    api_wifi.o(i.WiFi_DisconnectTCPServer) refers to api_wifi.o(.constdata) for .constdata
    api_wifi.o(i.WiFi_Init) refers to rtos_abstraction.o(i.RTOS_GetOps) for RTOS_GetOps
    api_wifi.o(i.WiFi_Init) refers to log_system.o(i.Log_Message) for Log_Message
[...]
    __asm___6_port_c_39a90d8d__prvEnableVFP  0x0800020d   Thumb Code    16  port.o(.emb_text)
    PendSV_Handler                           0x08000221   Thumb Code    88  port.o(.emb_text)
    vPortGetIPSR                             0x0800027d   Thumb Code     6  port.o(.emb_text)
    Reset_Handler                            0x08000285   Thumb Code     8  startup_stm32f429_439xx.o(.text)
    ADC_IRQHandler                           0x0800029f   Thumb Code     0  startup_stm32f429_439xx.o(.text)
    CAN1_RX1_IRQHandler                      0x0800029f   Thumb Code     0  startup_stm32f429_439xx.o(.text)
    CAN1_SCE_IRQHandler                      0x0800029f   Thumb Code     0  startup_stm32f429_439xx.o(.text)
    CAN1_TX_IRQHandler                       0x0800029f   Thumb Code     0  startup_stm32f429_439xx.o(.text)
    CAN2_RX0_IRQHandler                      0x0800029f   Thumb Code     0  startup_stm32f429_439xx.o(.text)
    CAN2_RX1_IRQHandler                      0x0800029f   Thumb Code     0  startup_stm32f429_439xx.o(.text)
    CAN2_SCE_IRQHandler                      0x0800029f   Thumb Code     0  startup_stm32f429_439xx.o(.text)
    CAN2_TX_IRQHandler                       0x0800029f   Thumb Code     0  startup_stm32f429_439xx.o(.text)
    CRYP_IRQHandler                          0x0800029f   Thumb Code     0  startup_stm32f429_439xx.o(.text)
    DCMI_IRQHandler                          0x0800029f   Thumb Code     0  startup_stm32f429_439xx.o(.text)
    DMA1_Stream0_IRQHandler                  0x0800029f   Thumb Code     0  startup_stm32f429_439xx.o(.text)
    DMA1_Stream1_IRQHandler                  0x0800029f   Thumb Code     0  startup_stm32f429_439xx.o(.text)
    DMA1_Stream2_IRQHandler                  0x0800029f   Thumb Code     0  startup_stm32f429_439xx.o(.text)
    DMA1_Stream3_IRQHandler                  0x0800029f   Thumb Code     0  startup_stm32f429_439xx.o(.text)
    DMA1_Stream4_IRQHandler                  0x0800029f   Thumb Code     0  startup_stm32f429_439xx.o(.text)
    DMA1_Stream5_IRQHandler                  0x0800029f   Thumb Code     0  startup_stm32f429_439xx.o(.text)
    DMA1_Stream6_IRQHandler                  0x0800029f   Thumb Code     0  startup_stm32f429_439xx.o(.text)
    DMA1_Stream7_IRQHandler                  0x0800029f   Thumb Code     0  startup_stm32f429_439xx.o(.text)
    DMA2D_IRQHandler                         0x0800029f   Thumb Code     0  startup_stm32f429_439xx.o(.text)
    DMA2_Stream0_IRQHandler                  0x0800029f   Thumb Code     0  startup_stm32f429_439xx.o(.text)
    DMA2_Stream1_IRQHandler                  0x0800029f   Thumb Code     0  startup_stm32f429_439xx.o(.text)
    DMA2_Stream2_IRQHandler                  0x0800029f   Thumb Code     0  startup_stm32f429_439xx.o(.text)
    DMA2_Stream3_IRQHandler                  0x0800029f   Thumb Code     0  startup_stm32f429_439xx.o(.text)
    DMA2_Stream4_IRQHandler                  0x0800029f   Thumb Code     0  startup_stm32f429_439xx.o(.text)
    DMA2_Stream5_IRQHandler                  0x0800029f   Thumb Code     0  startup_stm32f429_439xx.o(.text)
    DMA2_Stream6_IRQHandler                  0x0800029f   Thumb Code     0  startup_stm32f429_439xx.o(.text)
    DMA2_Stream7_IRQHandler                  0x0800029f   Thumb Code     0  startup_stm32f429_439xx.o(.text)
    ETH_IRQHandler                           0x0800029f   Thumb Code     0  startup_stm32f429_439xx.o(.text)
    ETH_WKUP_IRQHandler                      0x0800029f   Thumb Code     0  startup_stm32f429_439xx.o(.text)
    EXTI1_IRQHandler                         0x0800029f   Thumb Code     0  startup_stm32f429_439xx.o(.text)
    EXTI4_IRQHandler                         0x0800029f   Thumb Code     0  startup_stm32f429_439xx.o(.text)
    EXTI9_5_IRQHandler                       0x0800029f   Thumb Code     0  startup_stm32f429_439xx.o(.text)
    FLASH_IRQHandler                         0x0800029f   Thumb Code     0  startup_stm32f429_439xx.o(.text)
    FMC_IRQHandler                           0x0800029f   Thumb Code     0  startup_stm32f429_439xx.o(.text)
    FPU_IRQHandler                           0x0800029f   Thumb Code     0  startup_stm32f429_439xx.o(.text)
    HASH_RNG_IRQHandler                      0x0800029f   Thumb Code     0  startup_stm32f429_439xx.o(.text)
    I2C1_ER_IRQHandler                       0x0800029f   Thumb Code     0  startup_stm32f429_439xx.o(.text)
    I2C1_EV_IRQHandler                       0x0800029f   Thumb Code     0  startup_stm32f429_439xx.o(.text)
    I2C2_ER_IRQHandler                       0x0800029f   Thumb Code     0  startup_stm32f429_439xx.o(.text)
    I2C2_EV_IRQHandler                       0x0800029f   Thumb Code     0  startup_stm32f429_439xx.o(.text)
    I2C3_ER_IRQHandler                       0x0800029f   Thumb Code     0  startup_stm32f429_439xx.o(.text)
    I2C3_EV_IRQHandler                       0x0800029f   Thumb Code     0  startup_stm32f429_439xx.o(.text)
    LTDC_ER_IRQHandler                       0x0800029f   Thumb Code     0  startup_stm32f429_439xx.o(.text)
    LTDC_IRQHandler                          0x0800029f   Thumb Code     0  startup_stm32f429_439xx.o(.text)
    OTG_FS_IRQHandler                        0x0800029f   Thumb Code     0  startup_stm32f429_439xx.o(.text)
    OTG_FS_WKUP_IRQHandler                   0x0800029f   Thumb Code     0  startup_stm32f429_439xx.o(.text)
    OTG_HS_EP1_IN_IRQHandler                 0x0800029f   Thumb Code     0  startup_stm32f429_439xx.o(.text)
    OTG_HS_EP1_OUT_IRQHandler                0x0800029f   Thumb Code     0  startup_stm32f429_439xx.o(.text)
    OTG_HS_IRQHandler                        0x0800029f   Thumb Code     0  startup_stm32f429_439xx.o(.text)
    OTG_HS_WKUP_IRQHandler                   0x0800029f   Thumb Code     0  startup_stm32f429_439xx.o(.text)
    PVD_IRQHandler                           0x0800029f   Thumb Code     0  startup_stm32f429_439xx.o(.text)
    RCC_IRQHandler                           0x0800029f   Thumb Code     0  startup_stm32f429_439xx.o(.text)
    RTC_Alarm_IRQHandler                     0x0800029f   Thumb Code     0  startup_stm32f429_439xx.o(.text)
    RTC_WKUP_IRQHandler                      0x0800029f   Thumb Code     0  startup_stm32f429_439xx.o(.text)
    SAI1_IRQHandler                          0x0800029f   Thumb Code     0  startup_stm32f429_439xx.o(.text)
    SDIO_IRQHandler                          0x0800029f   Thumb Code     0  startup_stm32f429_439xx.o(.text)
    SPI1_IRQHandler                          0x0800029f   Thumb Code     0  startup_stm32f429_439xx.o(.text)
    SPI2_IRQHandler                          0x0800029f   Thumb Code     0  startup_stm32f429_439xx.o(.text)
    SPI3_IRQHandler                          0x0800029f   Thumb Code     0  startup_stm32f429_439xx.o(.text)
    SPI4_IRQHandler                          0x0800029f   Thumb Code     0  startup_stm32f429_439xx.o(.text)
    SPI5_IRQHandler                          0x0800029f   Thumb Code     0  startup_stm32f429_439xx.o(.text)
    SPI6_IRQHandler                          0x0800029f   Thumb Code     0  startup_stm32f429_439xx.o(.text)
    TAMP_STAMP_IRQHandler                    0x0800029f   Thumb Code     0  startup_stm32f429_439xx.o(.text)
    TIM1_BRK_TIM9_IRQHandler                 0x0800029f   Thumb Code     0  startup_stm32f429_439xx.o(.text)
    TIM1_CC_IRQHandler                       0x0800029f   Thumb Code     0  startup_stm32f429_439xx.o(.text)
    TIM1_TRG_COM_TIM11_IRQHandler            0x0800029f   Thumb Code     0  startup_stm32f429_439xx.o(.text)
    TIM1_UP_TIM10_IRQHandler                 0x0800029f   Thumb Code     0  startup_stm32f429_439xx.o(.text)
    TIM2_IRQHandler                          0x0800029f   Thumb Code     0  startup_stm32f429_439xx.o(.text)
    TIM3_IRQHandler                          0x0800029f   Thumb Code     0  startup_stm32f429_439xx.o(.text)
    TIM4_IRQHandler                          0x0800029f   Thumb Code     0  startup_stm32f429_439xx.o(.text)
    TIM5_IRQHandler                          0x0800029f   Thumb Code     0  startup_stm32f429_439xx.o(.text)
    TIM7_IRQHandler                          0x0800029f   Thumb Code     0  startup_stm32f429_439xx.o(.text)
    TIM8_BRK_TIM12_IRQHandler                0x0800029f   Thumb Code     0  startup_stm32f429_439xx.o(.text)
    TIM8_CC_IRQHandler                       0x0800029f   Thumb Code     0  startup_stm32f429_439xx.o(.text)
    TIM8_TRG_COM_TIM14_IRQHandler            0x0800029f   Thumb Code     0  startup_stm32f429_439xx.o(.text)
    TIM8_UP_TIM13_IRQHandler                 0x0800029f   Thumb Code     0  startup_stm32f429_439xx.o(.text)
    UART4_IRQHandler                         0x0800029f   Thumb Code     0  startup_stm32f429_439xx.o(.text)
    UART5_IRQHandler                         0x0800029f   Thumb Code     0  startup_stm32f429_439xx.o(.text)
    UART7_IRQHandler                         0x0800029f   Thumb Code     0  startup_stm32f429_439xx.o(.text)
    UART8_IRQHandler                         0x0800029f   Thumb Code     0  startup_stm32f429_439xx.o(.text)
    USART6_IRQHandler                        0x0800029f   Thumb Code     0  startup_stm32f429_439xx.o(.text)
    WWDG_IRQHandler                          0x0800029f   Thumb Code     0  startup_stm32f429_439xx.o(.text)
    __aeabi_memcpy                           0x080002a9   Thumb Code    36  memcpya.o(.text)
    __aeabi_memcpy4                          0x080002a9   Thumb Code     0  memcpya.o(.text)
    __aeabi_memcpy8                          0x080002a9   Thumb Code     0  memcpya.o(.text)
    __aeabi_memset                           0x080002cd   Thumb Code    14  memseta.o(.text)
    __aeabi_memset4                          0x080002cd   Thumb Code     0  memseta.o(.text)
    __aeabi_memset8                          0x080002cd   Thumb Code     0  memseta.o(.text)
    __aeabi_memclr                           0x080002db   Thumb Code     4  memseta.o(.text)
    __aeabi_memclr4                          0x080002db   Thumb Code     0  memseta.o(.text)
    __aeabi_memclr8                          0x080002db   Thumb Code     0  memseta.o(.text)
    memset                                   0x080002df   Thumb Code    18  memseta.o(.text)
    strstr                                   0x080002f1   Thumb Code    36  strstr.o(.text)
    strncpy                                  0x08000315   Thumb Code    24  strncpy.o(.text)
    strlen                                   0x0800032d   Thumb Code    14  strlen.o(.text)
    memcmp                                   0x0800033b   Thumb Code    26  memcmp.o(.text)
    __0sscanf                                0x08000355   Thumb Code    48  __0sscanf.o(.text)
    _scanf_int                               0x0800038d   Thumb Code   332  _scanf_int.o(.text)
    __aeabi_uidiv                            0x080004d9   Thumb Code     0  uidiv.o(.text)
    __aeabi_uidivmod                         0x080004d9   Thumb Code    44  uidiv.o(.text)
    __aeabi_uldivmod                         0x08000505   Thumb Code    98  uldiv.o(.text)
    _chval                                   0x08000567   Thumb Code    28  _chval.o(.text)
    __vfscanf_char                           0x08000591   Thumb Code    20  scanf_char.o(.text)
    _sgetc                                   0x080005ad   Thumb Code    30  _sgetc.o(.text)
    _sbackspace                              0x080005cb   Thumb Code    34  _sgetc.o(.text)
    __I$use$fp                               0x080005ed   Thumb Code     0  iusefp.o(.text)
    __aeabi_dadd                             0x080005ed   Thumb Code   322  dadd.o(.text)
    __aeabi_dsub                             0x0800072f   Thumb Code     6  dadd.o(.text)
    __aeabi_drsub                            0x08000735   Thumb Code     6  dadd.o(.text)
    __aeabi_dmul                             0x0800073b   Thumb Code   228  dmul.o(.text)
    __aeabi_ddiv                             0x0800081f   Thumb Code   222  ddiv.o(.text)
    __aeabi_d2ulz                            0x080008fd   Thumb Code    48  dfixul.o(.text)
    __aeabi_cdrcmple                         0x0800092d   Thumb Code    48  cdrcmple.o(.text)
    __scatterload                            0x0800095d   Thumb Code    28  init.o(.text)
    __scatterload_rt2                        0x0800095d   Thumb Code     0  init.o(.text)
    __aeabi_llsl                             0x08000981   Thumb Code    30  llshl.o(.text)
    _ll_shift_l                              0x08000981   Thumb Code     0  llshl.o(.text)
    __aeabi_llsr                             0x0800099f   Thumb Code    32  llushr.o(.text)
    _ll_ushift_r                             0x0800099f   Thumb Code     0  llushr.o(.text)
    __aeabi_lasr                             0x080009bf   Thumb Code    36  llsshr.o(.text)
    _ll_sshift_r                             0x080009bf   Thumb Code     0  llsshr.o(.text)
    isspace                                  0x080009e3   Thumb Code    10  isspace_c.o(.text)
    __vfscanf                                0x080009ed   Thumb Code   810  _scanf.o(.text)
    _double_round                            0x08000d1d   Thumb Code    30  depilogue.o(.text)
    _double_epilogue                         0x08000d3b   Thumb Code   156  depilogue.o(.text)
    __ctype_lookup                           0x08000dd9   Thumb Code    34  ctype_c.o(.text)
    __decompress                             0x08000e01   Thumb Code     0  __dczerorl2.o(.text)
    __decompress1                            0x08000e01   Thumb Code    86  __dczerorl2.o(.text)
    App_CANTask                              0x08000e59   Thumb Code   118  app_tasks.o(i.App_CANTask)
    App_ErrorLogTask                         0x08000f61   Thumb Code    38  app_tasks.o(i.App_ErrorLogTask)
    App_Init                                 0x08000fbd   Thumb Code   542  app_tasks.o(i.App_Init)
    App_RS485_PollTask                       0x08001375   Thumb Code    32  app_tasks.o(i.App_RS485_PollTask)
    App_SPIFlashTask                         0x08001399   Thumb Code   138  app_tasks.o(i.App_SPIFlashTask)
    App_SerialRxTask                         0x080014b5   Thumb Code    64  app_tasks.o(i.App_SerialRxTask)
    App_WifiTask                             0x08001559   Thumb Code   260  app_tasks.o(i.App_WifiTask)
    BusFault_Handler                         0x080017f1   Thumb Code     4  stm32f4xx_it.o(i.BusFault_Handler)
    CAN1_RX0_IRQHandler                      0x080017f5   Thumb Code    10  app_tasks.o(i.CAN1_RX0_IRQHandler)
    CAN_CancelTransmit                       0x08001805   Thumb Code    40  stm32f4xx_can.o(i.CAN_CancelTransmit)
    CAN_ClearITPendingBit                    0x0800182d   Thumb Code   162  stm32f4xx_can.o(i.CAN_ClearITPendingBit)
    CAN_DeInit                               0x080018d5   Thumb Code    50  stm32f4xx_can.o(i.CAN_DeInit)
    CAN_Deinit                               0x0800190d   Thumb Code   150  can_driver.o(i.CAN_Deinit)
    CAN_FilterInit                           0x08001a2d   Thumb Code   258  stm32f4xx_can.o(i.CAN_FilterInit)
    CAN_GetITStatus                          0x08001b35   Thumb Code   284  stm32f4xx_can.o(i.CAN_GetITStatus)
    CAN_IRQHandler                           0x08001c55   Thumb Code   114  can_driver.o(i.CAN_IRQHandler)
    CAN_ITConfig                             0x08001cc7   Thumb Code    18  stm32f4xx_can.o(i.CAN_ITConfig)
    CAN_Init                                 0x08001cd9   Thumb Code   276  stm32f4xx_can.o(i.CAN_Init)
    CAN_Receive                              0x08001ded   Thumb Code   232  stm32f4xx_can.o(i.CAN_Receive)
    CAN_ReceiveMessage                       0x08001ed5   Thumb Code   132  can_driver.o(i.CAN_ReceiveMessage)
    CAN_SendMessage                          0x08001ff9   Thumb Code   156  can_driver.o(i.CAN_SendMessage)
    CAN_Transmit                             0x0800210d   Thumb Code   294  stm32f4xx_can.o(i.CAN_Transmit)
    CAN_TransmitStatus                       0x08002235   Thumb Code   138  stm32f4xx_can.o(i.CAN_TransmitStatus)
    CANx_Init                                0x080022d5   Thumb Code   380  can_driver.o(i.CANx_Init)
    Common_GPIO_Init                         0x0800253d   Thumb Code   108  common_driver.o(i.Common_GPIO_Init)
    Common_USART_Init                        0x080025cd   Thumb Code   196  common_driver.o(i.Common_USART_Init)
    DebugMon_Handler                         0x080026f1   Thumb Code     2  stm32f4xx_it.o(i.DebugMon_Handler)
    DeviceManager_Find                       0x080026f5   Thumb Code   140  device_manager.o(i.DeviceManager_Find)
    DeviceManager_Init                       0x080027f1   Thumb Code   124  device_manager.o(i.DeviceManager_Init)
    DeviceManager_Register                   0x080028e1   Thumb Code   178  device_manager.o(i.DeviceManager_Register)
    EEPROMReadByteFromReg                    0x08002a41   Thumb Code   334  api_eeprom.o(i.EEPROMReadByteFromReg)
    EEPROMWriteByteToReg                     0x08002d2d   Thumb Code   286  api_eeprom.o(i.EEPROMWriteByteToReg)
    EXTI0_IRQHandler                         0x08002fa9   Thumb Code    16  exti.o(i.EXTI0_IRQHandler)
    EXTI15_10_IRQHandler                     0x08002fbd   Thumb Code    20  exti.o(i.EXTI15_10_IRQHandler)
    EXTI2_IRQHandler                         0x08002fd5   Thumb Code    16  exti.o(i.EXTI2_IRQHandler)
    EXTI3_IRQHandler                         0x08002fe9   Thumb Code    16  exti.o(i.EXTI3_IRQHandler)
    FLASH_PrefetchBufferCmd                  0x08002ffd   Thumb Code    30  stm32f4xx_flash.o(i.FLASH_PrefetchBufferCmd)
    FLASH_SetLatency                         0x08003021   Thumb Code     6  stm32f4xx_flash.o(i.FLASH_SetLatency)
    Flash_Read_Id                            0x0800302d   Thumb Code    90  spi_flash.o(i.Flash_Read_Id)
    GPIO_IRQHandler                          0x080032a5   Thumb Code   184  exti.o(i.GPIO_IRQHandler)
    GPIO_Init                                0x0800336d   Thumb Code   144  stm32f4xx_gpio.o(i.GPIO_Init)
    GPIO_PinAFConfig                         0x080033fd   Thumb Code    70  stm32f4xx_gpio.o(i.GPIO_PinAFConfig)
    GPIO_ReadInputDataBit                    0x08003443   Thumb Code    18  stm32f4xx_gpio.o(i.GPIO_ReadInputDataBit)
    GPIO_ResetBits                           0x08003455   Thumb Code     6  stm32f4xx_gpio.o(i.GPIO_ResetBits)
    GPIO_SetBits                             0x0800345b   Thumb Code     4  stm32f4xx_gpio.o(i.GPIO_SetBits)
    GPIO_ToggleBits                          0x0800345f   Thumb Code     8  stm32f4xx_gpio.o(i.GPIO_ToggleBits)
    HardFault_Handler                        0x0800399b   Thumb Code     4  stm32f4xx_it.o(i.HardFault_Handler)
    IIC_AttachDevice                         0x080039a1   Thumb Code    64  iic_driver.o(i.IIC_AttachDevice)
    IIC_Check                                0x08003a3d   Thumb Code   270  iic_driver.o(i.IIC_Check)
    IIC_INIT                                 0x08003c79   Thumb Code    42  iic_driver.o(i.IIC_INIT)
    IIC_ReadByte                             0x08003cd5   Thumb Code   310  iic_driver.o(i.IIC_ReadByte)
    IIC_Start                                0x08003e35   Thumb Code   132  iic_driver.o(i.IIC_Start)
    IIC_Stop                                 0x08003ec1   Thumb Code   132  iic_driver.o(i.IIC_Stop)
    IIC_WaitWriteComplete                    0x08003f4d   Thumb Code   102  iic_driver.o(i.IIC_WaitWriteComplete)
    IIC_WriteByte                            0x08003ff1   Thumb Code   288  iic_driver.o(i.IIC_WriteByte)
    IICx_Init                                0x08004119   Thumb Code   144  iic_driver.o(i.IICx_Init)
    Log_Message                              0x080041f1   Thumb Code    56  log_system.o(i.Log_Message)
    Log_ToBuffer                             0x0800422d   Thumb Code    78  log_system.o(i.Log_ToBuffer)
    MemManage_Handler                        0x0800428d   Thumb Code     4  stm32f4xx_it.o(i.MemManage_Handler)
    NMI_Handler                              0x08004301   Thumb Code     2  stm32f4xx_it.o(i.NMI_Handler)
    NVIC_Init                                0x08004305   Thumb Code   106  misc.o(i.NVIC_Init)
    NVIC_PriorityGroupConfig                 0x0800437d   Thumb Code    10  misc.o(i.NVIC_PriorityGroupConfig)
    PCF8574_ReadBit                          0x08004391   Thumb Code    70  pcf8574.o(i.PCF8574_ReadBit)
    PCF8574_ReadByte                         0x08004429   Thumb Code   188  pcf8574.o(i.PCF8574_ReadByte)
    PCF8574_WriteBit                         0x080045c9   Thumb Code    88  pcf8574.o(i.PCF8574_WriteBit)
    PCF8574_WriteByte                        0x0800466d   Thumb Code   218  pcf8574.o(i.PCF8574_WriteByte)
    Protocol_Init                            0x08004849   Thumb Code    20  protocol_handler.o(i.Protocol_Init)
    Protocol_ProcessByte                     0x0800485d   Thumb Code    96  protocol_handler.o(i.Protocol_ProcessByte)
    Protocol_RegisterHandler                 0x080048c5   Thumb Code    86  protocol_handler.o(i.Protocol_RegisterHandler)
    RCC_AHB1PeriphClockCmd                   0x08004925   Thumb Code    26  stm32f4xx_rcc.o(i.RCC_AHB1PeriphClockCmd)
    RCC_APB1PeriphClockCmd                   0x08004945   Thumb Code    26  stm32f4xx_rcc.o(i.RCC_APB1PeriphClockCmd)
    RCC_APB1PeriphResetCmd                   0x08004965   Thumb Code    26  stm32f4xx_rcc.o(i.RCC_APB1PeriphResetCmd)
    RCC_APB2PeriphClockCmd                   0x08004985   Thumb Code    26  stm32f4xx_rcc.o(i.RCC_APB2PeriphClockCmd)
    RCC_DeInit                               0x080049a5   Thumb Code    82  stm32f4xx_rcc.o(i.RCC_DeInit)
    RCC_GetClocksFreq                        0x08004a09   Thumb Code   214  stm32f4xx_rcc.o(i.RCC_GetClocksFreq)
    RCC_GetFlagStatus                        0x08004af1   Thumb Code    60  stm32f4xx_rcc.o(i.RCC_GetFlagStatus)
    RCC_GetSYSCLKSource                      0x08004b31   Thumb Code    10  stm32f4xx_rcc.o(i.RCC_GetSYSCLKSource)
    RCC_HCLKConfig                           0x08004b41   Thumb Code    18  stm32f4xx_rcc.o(i.RCC_HCLKConfig)
    RCC_HSEConfig                            0x08004b59   Thumb Code    12  stm32f4xx_rcc.o(i.RCC_HSEConfig)
    RCC_PCLK1Config                          0x08004b69   Thumb Code    18  stm32f4xx_rcc.o(i.RCC_PCLK1Config)
    RCC_PCLK2Config                          0x08004b81   Thumb Code    20  stm32f4xx_rcc.o(i.RCC_PCLK2Config)
    RCC_PLLCmd                               0x08004b99   Thumb Code     6  stm32f4xx_rcc.o(i.RCC_PLLCmd)
    RCC_PLLConfig                            0x08004ba5   Thumb Code    30  stm32f4xx_rcc.o(i.RCC_PLLConfig)
    RCC_SYSCLKConfig                         0x08004bc9   Thumb Code    18  stm32f4xx_rcc.o(i.RCC_SYSCLKConfig)
    RCC_WaitForHSEStartUp                    0x08004be1   Thumb Code    56  stm32f4xx_rcc.o(i.RCC_WaitForHSEStartUp)
    RTOS_GetOps                              0x08004c91   Thumb Code     6  rtos_abstraction.o(i.RTOS_GetOps)
    RTOS_SetOps                              0x08004c9d   Thumb Code    18  rtos_abstraction.o(i.RTOS_SetOps)
    RingBuffer_Deinit                        0x08004cb5   Thumb Code    64  ring_buffer.o(i.RingBuffer_Deinit)
    RingBuffer_Init                          0x08004cf5   Thumb Code    88  ring_buffer.o(i.RingBuffer_Init)
    RingBuffer_IsAvailable                   0x08004d4d   Thumb Code    22  ring_buffer.o(i.RingBuffer_IsAvailable)
    RingBuffer_IsEmpty                       0x08004d63   Thumb Code    20  ring_buffer.o(i.RingBuffer_IsEmpty)
    RingBuffer_Read                          0x08004d77   Thumb Code    86  ring_buffer.o(i.RingBuffer_Read)
    RingBuffer_Write                         0x08004dcd   Thumb Code    90  ring_buffer.o(i.RingBuffer_Write)
    RingBuffer_WriteFromISR                  0x08004e27   Thumb Code   104  ring_buffer.o(i.RingBuffer_WriteFromISR)
    SPI_Cmd                                  0x08004e8f   Thumb Code    24  stm32f4xx_spi.o(i.SPI_Cmd)
    SPI_Flash_EraseSector                    0x08004ea9   Thumb Code   164  spi_flash.o(i.SPI_Flash_EraseSector)
    SPI_Flash_Init                           0x08004fd9   Thumb Code   278  spi_flash.o(i.SPI_Flash_Init)
    SPI_Flash_ReadData                       0x08005145   Thumb Code   142  spi_flash.o(i.SPI_Flash_ReadData)
    SPI_Flash_ReadStatusReg                  0x08005235   Thumb Code    64  spi_flash.o(i.SPI_Flash_ReadStatusReg)
    SPI_Flash_Transfer                       0x0800529d   Thumb Code    36  spi_flash.o(i.SPI_Flash_Transfer)
    SPI_Flash_WritePage                      0x080052e5   Thumb Code   212  spi_flash.o(i.SPI_Flash_WritePage)
    SPI_Flash_WriteStatusReg                 0x0800544d   Thumb Code    96  spi_flash.o(i.SPI_Flash_WriteStatusReg)
    SPI_Flash_Write_With_Erase               0x080054f5   Thumb Code   434  spi_flash.o(i.SPI_Flash_Write_With_Erase)
    SPI_I2S_GetFlagStatus                    0x080057a9   Thumb Code    18  stm32f4xx_spi.o(i.SPI_I2S_GetFlagStatus)
    SPI_I2S_ReceiveData                      0x080057bb   Thumb Code     6  stm32f4xx_spi.o(i.SPI_I2S_ReceiveData)
    SPI_I2S_SendData                         0x080057c1   Thumb Code     4  stm32f4xx_spi.o(i.SPI_I2S_SendData)
    SPI_Init                                 0x080057c5   Thumb Code    60  stm32f4xx_spi.o(i.SPI_Init)
    Serial_Driver_Deinit                     0x08005885   Thumb Code   124  serial_driver.o(i.Serial_Driver_Deinit)
    Serial_Driver_IRQHandler                 0x08005909   Thumb Code    46  serial_driver.o(i.Serial_Driver_IRQHandler)
    Serial_Driver_Init                       0x08005939   Thumb Code   154  serial_driver.o(i.Serial_Driver_Init)
    Serial_Driver_ReceiveByte                0x080059e1   Thumb Code    54  serial_driver.o(i.Serial_Driver_ReceiveByte)
    Serial_Driver_SendData                   0x08005a19   Thumb Code   154  serial_driver.o(i.Serial_Driver_SendData)
    Serial_GetErrorLog                       0x08005b69   Thumb Code    76  serial_interface.o(i.Serial_GetErrorLog)
    StateMachine_Init                        0x08005f35   Thumb Code    12  state_machine.o(i.StateMachine_Init)
    StateMachine_Process                     0x08005f41   Thumb Code    60  state_machine.o(i.StateMachine_Process)
    SysTick_CLKSourceConfig                  0x08005f7d   Thumb Code    40  misc.o(i.SysTick_CLKSourceConfig)
    SysTick_Handler                          0x08005fa5   Thumb Code    16  stm32f4xx_it.o(i.SysTick_Handler)
    SystemClock_Config                       0x08005fb5   Thumb Code   438  sys.o(i.SystemClock_Config)
    SystemCoreClockUpdate                    0x08006191   Thumb Code   170  system_stm32f4xx.o(i.SystemCoreClockUpdate)
    SystemInit                               0x08006251   Thumb Code    88  system_stm32f4xx.o(i.SystemInit)
    TIM6_DAC_IRQHandler                      0x080062b9   Thumb Code    34  btim.o(i.TIM6_DAC_IRQHandler)
    TIM6_Init                                0x080062e5   Thumb Code    90  btim.o(i.TIM6_Init)
    TIM_ClearITPendingBit                    0x08006345   Thumb Code     6  stm32f4xx_tim.o(i.TIM_ClearITPendingBit)
    TIM_Cmd                                  0x0800634b   Thumb Code    24  stm32f4xx_tim.o(i.TIM_Cmd)
    TIM_GetITStatus                          0x08006363   Thumb Code    34  stm32f4xx_tim.o(i.TIM_GetITStatus)
    TIM_ITConfig                             0x08006385   Thumb Code    18  stm32f4xx_tim.o(i.TIM_ITConfig)
    TIM_TimeBaseInit                         0x08006399   Thumb Code   104  stm32f4xx_tim.o(i.TIM_TimeBaseInit)
    USART1_IRQHandler                        0x0800641d   Thumb Code    10  app_tasks.o(i.USART1_IRQHandler)
    USART2_IRQHandler                        0x0800642d   Thumb Code    10  app_tasks.o(i.USART2_IRQHandler)
    USART3_IRQHandler                        0x0800643d   Thumb Code    10  app_tasks.o(i.USART3_IRQHandler)
    USART_ClearITPendingBit                  0x0800644d   Thumb Code    30  stm32f4xx_usart.o(i.USART_ClearITPendingBit)
    USART_Cmd                                0x0800646b   Thumb Code    24  stm32f4xx_usart.o(i.USART_Cmd)
    USART_GetFlagStatus                      0x08006483   Thumb Code    26  stm32f4xx_usart.o(i.USART_GetFlagStatus)
    USART_GetITStatus                        0x0800649d   Thumb Code    84  stm32f4xx_usart.o(i.USART_GetITStatus)
    USART_ITConfig                           0x080064f1   Thumb Code    74  stm32f4xx_usart.o(i.USART_ITConfig)
    USART_Init                               0x0800653d   Thumb Code   204  stm32f4xx_usart.o(i.USART_Init)
    USART_ReceiveData                        0x08006611   Thumb Code    10  stm32f4xx_usart.o(i.USART_ReceiveData)
    USART_SendData                           0x0800661b   Thumb Code     8  stm32f4xx_usart.o(i.USART_SendData)
    UsageFault_Handler                       0x08006623   Thumb Code     4  stm32f4xx_it.o(i.UsageFault_Handler)
    W25Qxx_Init                              0x08006629   Thumb Code   314  spi_flash.o(i.W25Qxx_Init)
    WiFi_ConnectTCPServer                    0x08006895   Thumb Code   148  api_wifi.o(i.WiFi_ConnectTCPServer)
    WiFi_DisconnectTCPServer                 0x080069e5   Thumb Code   110  api_wifi.o(i.WiFi_DisconnectTCPServer)
    WiFi_Init                                0x08006af1   Thumb Code    78  api_wifi.o(i.WiFi_Init)
    WiFi_QuerySignalStrength                 0x08006b81   Thumb Code   238  api_wifi.o(i.WiFi_QuerySignalStrength)
    WiFi_QueryStatus                         0x08006d09   Thumb Code   532  api_wifi.o(i.WiFi_QueryStatus)
    WiFi_ReceiveTCPData                      0x08006fed   Thumb Code   260  api_wifi.o(i.WiFi_ReceiveTCPData)
    WiFi_SendATCommand                       0x08007189   Thumb Code   282  api_wifi.o(i.WiFi_SendATCommand)
    WiFi_SendTCPData                         0x08007375   Thumb Code   224  api_wifi.o(i.WiFi_SendTCPData)
    WiFi_SetOps                              0x08007539   Thumb Code    94  api_wifi.o(i.WiFi_SetOps)
    WiFi_TaskInit                            0x080075f5   Thumb Code   172  tsk_wifi.o(i.WiFi_TaskInit)
    __0printf                                0x080077a9   Thumb Code    22  printfa.o(i.__0printf)
    __1printf                                0x080077a9   Thumb Code     0  printfa.o(i.__0printf)
    __2printf                                0x080077a9   Thumb Code     0  printfa.o(i.__0printf)
    __c89printf                              0x080077a9   Thumb Code     0  printfa.o(i.__0printf)
    printf                                   0x080077a9   Thumb Code     0  printfa.o(i.__0printf)
    __0snprintf                              0x080077c9   Thumb Code    48  printfa.o(i.__0snprintf)
    __1snprintf                              0x080077c9   Thumb Code     0  printfa.o(i.__0snprintf)
    __2snprintf                              0x080077c9   Thumb Code     0  printfa.o(i.__0snprintf)
    __c89snprintf                            0x080077c9   Thumb Code     0  printfa.o(i.__0snprintf)
    snprintf                                 0x080077c9   Thumb Code     0  printfa.o(i.__0snprintf)
    __0vsnprintf                             0x080077fd   Thumb Code    46  printfa.o(i.__0vsnprintf)
    __1vsnprintf                             0x080077fd   Thumb Code     0  printfa.o(i.__0vsnprintf)
    __2vsnprintf                             0x080077fd   Thumb Code     0  printfa.o(i.__0vsnprintf)
    __c89vsnprintf                           0x080077fd   Thumb Code     0  printfa.o(i.__0vsnprintf)
    vsnprintf                                0x080077fd   Thumb Code     0  printfa.o(i.__0vsnprintf)
    __scatterload_copy                       0x08007831   Thumb Code    14  handlers.o(i.__scatterload_copy)
    __scatterload_null                       0x0800783f   Thumb Code     2  handlers.o(i.__scatterload_null)
    __scatterload_zeroinit                   0x08007841   Thumb Code    14  handlers.o(i.__scatterload_zeroinit)
    delay_init                               0x080085c9   Thumb Code    22  delay.o(i.delay_init)
    delay_ms                                 0x080085e9   Thumb Code    24  delay.o(i.delay_ms)
    delay_us                                 0x08008619   Thumb Code   130  delay.o(i.delay_us)
    fputc                                    0x080086a5   Thumb Code    22  usart.o(i.fputc)
    key_init                                 0x080086c1   Thumb Code   174  key.o(i.key_init)
    led_init                                 0x0800877d   Thumb Code   100  led.o(i.led_init)
    main                                     0x080087e5   Thumb Code    14  main.o(i.main)
    pcf8574_init                             0x080087f5   Thumb Code    82  pcf8574.o(i.pcf8574_init)
    pvPortMalloc                             0x08009451   Thumb Code   304  heap_4.o(i.pvPortMalloc)
    pvTaskIncrementMutexHeldCount            0x080095dd   Thumb Code    26  tasks.o(i.pvTaskIncrementMutexHeldCount)
    pxPortInitialiseStack                    0x080095fd   Thumb Code    38  port.o(i.pxPortInitialiseStack)
    uxListRemove                             0x0800967d   Thumb Code    40  list.o(i.uxListRemove)
    vListInitialise                          0x080096a5   Thumb Code    26  list.o(i.vListInitialise)
    vListInitialiseItem                      0x080096bf   Thumb Code     6  list.o(i.vListInitialiseItem)
    vListInsert                              0x080096c5   Thumb Code    52  list.o(i.vListInsert)
    vListInsertEnd                           0x080096f9   Thumb Code    24  list.o(i.vListInsertEnd)
    vPortEnterCritical                       0x08009711   Thumb Code    68  port.o(i.vPortEnterCritical)
    vPortExitCritical                        0x080097a5   Thumb Code    48  port.o(i.vPortExitCritical)
    vPortFree                                0x08009821   Thumb Code   130  heap_4.o(i.vPortFree)
    vPortSetupTimerInterrupt                 0x080098f5   Thumb Code    36  port.o(i.vPortSetupTimerInterrupt)
    vPortValidateInterruptPriority           0x0800991d   Thumb Code    86  port.o(i.vPortValidateInterruptPriority)
    vQueueAddToRegistry                      0x080099c9   Thumb Code    84  queue.o(i.vQueueAddToRegistry)
    vQueueDelete                             0x08009a51   Thumb Code    34  queue.o(i.vQueueDelete)
    vQueueUnregisterQueue                    0x08009aa5   Thumb Code    60  queue.o(i.vQueueUnregisterQueue)
    vQueueWaitForMessageRestricted           0x08009b15   Thumb Code    74  queue.o(i.vQueueWaitForMessageRestricted)
    vTaskDelay                               0x08009b61   Thumb Code    72  tasks.o(i.vTaskDelay)
    vTaskDelete                              0x08009be1   Thumb Code   200  tasks.o(i.vTaskDelete)
    vTaskInternalSetTimeOutState             0x08009d01   Thumb Code    14  tasks.o(i.vTaskInternalSetTimeOutState)
    vTaskMissedYield                         0x08009d19   Thumb Code     8  tasks.o(i.vTaskMissedYield)
    vTaskPlaceOnEventList                    0x08009d25   Thumb Code    42  tasks.o(i.vTaskPlaceOnEventList)
    vTaskPlaceOnEventListRestricted          0x08009d85   Thumb Code    84  tasks.o(i.vTaskPlaceOnEventListRestricted)
    vTaskPriorityDisinheritAfterTimeout      0x08009e0d   Thumb Code   248  tasks.o(i.vTaskPriorityDisinheritAfterTimeout)
    vTaskStartScheduler                      0x08009f41   Thumb Code   112  tasks.o(i.vTaskStartScheduler)
    vTaskSuspendAll                          0x0800a001   Thumb Code    12  tasks.o(i.vTaskSuspendAll)
    vTaskSwitchContext                       0x0800a011   Thumb Code   110  tasks.o(i.vTaskSwitchContext)
    vWifiTask                                0x0800a0c5   Thumb Code   330  tsk_wifi.o(i.vWifiTask)
    xPortStartScheduler                      0x0800a3f9   Thumb Code   322  port.o(i.xPortStartScheduler)
    xPortSysTickHandler                      0x0800a5a1   Thumb Code    46  port.o(i.xPortSysTickHandler)
    xQueueCreateMutex                        0x0800a5d5   Thumb Code    34  queue.o(i.xQueueCreateMutex)
    xQueueGenericCreate                      0x0800a5f9   Thumb Code    92  queue.o(i.xQueueGenericCreate)
    xQueueGenericReset                       0x0800a685   Thumb Code   194  queue.o(i.xQueueGenericReset)
    xQueueGenericSend                        0x0800a77d   Thumb Code   426  queue.o(i.xQueueGenericSend)
    xQueueGenericSendFromISR                 0x0800a95d   Thumb Code   270  queue.o(i.xQueueGenericSendFromISR)
    xQueueGiveFromISR                        0x0800aa9d   Thumb Code   240  queue.o(i.xQueueGiveFromISR)
    xQueueReceive                            0x0800abbd   Thumb Code   326  queue.o(i.xQueueReceive)
    xQueueReceiveFromISR                     0x0800ad39   Thumb Code   208  queue.o(i.xQueueReceiveFromISR)
    xQueueSemaphoreTake                      0x0800ae39   Thumb Code   394  queue.o(i.xQueueSemaphoreTake)
    xTaskCheckForTimeOut                     0x0800aff9   Thumb Code   140  tasks.o(i.xTaskCheckForTimeOut)
    xTaskCreate                              0x0800b0c1   Thumb Code    96  tasks.o(i.xTaskCreate)
    xTaskGetSchedulerState                   0x0800b121   Thumb Code    24  tasks.o(i.xTaskGetSchedulerState)
    xTaskGetTickCount                        0x0800b141   Thumb Code     6  tasks.o(i.xTaskGetTickCount)
    xTaskIncrementTick                       0x0800b14d   Thumb Code   390  tasks.o(i.xTaskIncrementTick)
    xTaskPriorityDisinherit                  0x0800b331   Thumb Code   206  tasks.o(i.xTaskPriorityDisinherit)
    xTaskPriorityInherit                     0x0800b43d   Thumb Code   224  tasks.o(i.xTaskPriorityInherit)
    xTaskRemoveFromEventList                 0x0800b529   Thumb Code   254  tasks.o(i.xTaskRemoveFromEventList)
    xTaskResumeAll                           0x0800b671   Thumb Code   328  tasks.o(i.xTaskResumeAll)
    xTimerCreateTimerTask                    0x0800b80d   Thumb Code    56  timers.o(i.xTimerCreateTimerTask)
    IIC1_EEPROM                              0x0800b88c   Data          12  api_eeprom.o(.constdata)
    CAN_Operations                           0x0800ba74   Data          16  can_driver.o(.constdata)
    IIC1_PCF8574                             0x0800ba9c   Data          12  pcf8574.o(.constdata)
    g_flash_write_reg_cmd                    0x0800baac   Data           3  spi_flash.o(.constdata)
    g_flash_read_reg_cmd                     0x0800baaf   Data           3  spi_flash.o(.constdata)
    FreeRTOS_Ops                             0x0800bab4   Data          92  rtos_freertos_impl.o(.constdata)
    Serial_Operations                        0x0800bb10   Data          32  serial_interface.o(.constdata)
    __ctype_categories                       0x0800bb30   Data          64  ctype_c.o(.constdata)
    Region$$Table$$Base                      0x0800beb0   Number         0  anon$$obj.o(Region$$Table)
    Region$$Table$$Limit                     0x0800bed0   Number         0  anon$$obj.o(Region$$Table)
    default_wifi_ops                         0x200000a0   Data          24  api_wifi.o(.data)
    RS485_Device                             0x200000b8   Data          68  app_tasks.o(.data)
    UART_Device                              0x200000fc   Data          68  app_tasks.o(.data)
    WiFi_Serial                              0x20000140   Data          68  app_tasks.o(.data)
    CAN1_Device                              0x20000184   Data          56  app_tasks.o(.data)
    SPIFlash_Device                          0x200001bc   Data           8  app_tasks.o(.data)
    cmdQueue                                 0x200001c4   Data           4  tsk_wifi.o(.data)
    IIC1_config                              0x200001d4   Data          40  iic_driver.o(.data)
    g_norflash_type                          0x20000200   Data           2  spi_flash.o(.data)
    flash_config                             0x20000204   Data          40  spi_flash.o(.data)
    SystemCoreClock                          0x20000278   Data           4  system_stm32f4xx.o(.data)
    AHBPrescTable                            0x2000027c   Data          16  system_stm32f4xx.o(.data)
    pxCurrentTCB                             0x2000029c   Data           4  tasks.o(.data)
    uxTopUsedPriority                        0x200002d4   Data           4  tasks.o(.data)
    __stdout                                 0x2000031c   Data           4  stdout.o(.data)
    WiFi_Device                              0x20000320   Data          12  app_tasks.o(.bss)
    xQueueRegistry                           0x200026e4   Data          64  queue.o(.bss)
    __initial_sp                             0x2000a630   Data           0  startup_stm32f429_439xx.o(STACK)



==============================================================================

Memory Map of the image

  Image Entry point : 0x080001ad

  Load Region LR_IROM1 (Base: 0x08000000, Size: 0x0000c1f0, Max: 0x00100000, ABSOLUTE, COMPRESSED[0x0000bfe4])

    Execution Region ER_IROM1 (Exec base: 0x08000000, Load base: 0x08000000, Size: 0x0000bed0, Max: 0x00100000, ABSOLUTE)

    Exec Addr    Load Addr    Size         Type   Attr      Idx    E Section Name        Object

    0x08000000   0x08000000   0x000001ac   Data   RO         2379    RESET               startup_stm32f429_439xx.o
    0x080001ac   0x080001ac   0x00000000   Code   RO         8906  * .ARM.Collect$$$$00000000  mc_w.l(entry.o)
    0x080001ac   0x080001ac   0x00000004   Code   RO         9194    .ARM.Collect$$$$00000001  mc_w.l(entry2.o)
    0x080001b0   0x080001b0   0x00000004   Code   RO         9197    .ARM.Collect$$$$00000004  mc_w.l(entry5.o)
    0x080001b4   0x080001b4   0x00000000   Code   RO         9199    .ARM.Collect$$$$00000008  mc_w.l(entry7b.o)
    0x080001b4   0x080001b4   0x00000000   Code   RO         9201    .ARM.Collect$$$$0000000A  mc_w.l(entry8b.o)
    0x080001b4   0x080001b4   0x00000008   Code   RO         9202    .ARM.Collect$$$$0000000B  mc_w.l(entry9a.o)
    0x080001bc   0x080001bc   0x00000004   Code   RO         9209    .ARM.Collect$$$$0000000E  mc_w.l(entry12b.o)
    0x080001c0   0x080001c0   0x00000000   Code   RO         9204    .ARM.Collect$$$$0000000F  mc_w.l(entry10a.o)
    0x080001c0   0x080001c0   0x00000000   Code   RO         9206    .ARM.Collect$$$$00000011  mc_w.l(entry11a.o)
    0x080001c0   0x080001c0   0x00000004   Code   RO         9195    .ARM.Collect$$$$00002712  mc_w.l(entry2.o)
    0x080001c4   0x080001c4   0x000000be   Code   RO         8745    .emb_text           port.o
    0x08000282   0x08000282   0x00000002   PAD
    0x08000284   0x08000284   0x00000024   Code   RO         2380    .text               startup_stm32f429_439xx.o
    0x080002a8   0x080002a8   0x00000024   Code   RO         8909    .text               mc_w.l(memcpya.o)
    0x080002cc   0x080002cc   0x00000024   Code   RO         8913    .text               mc_w.l(memseta.o)
    0x080002f0   0x080002f0   0x00000024   Code   RO         8915    .text               mc_w.l(strstr.o)
    0x08000314   0x08000314   0x00000018   Code   RO         8917    .text               mc_w.l(strncpy.o)
    0x0800032c   0x0800032c   0x0000000e   Code   RO         8919    .text               mc_w.l(strlen.o)
    0x0800033a   0x0800033a   0x0000001a   Code   RO         8921    .text               mc_w.l(memcmp.o)
    0x08000354   0x08000354   0x00000038   Code   RO         9188    .text               mc_w.l(__0sscanf.o)
    0x0800038c   0x0800038c   0x0000014c   Code   RO         9190    .text               mc_w.l(_scanf_int.o)
    0x080004d8   0x080004d8   0x0000002c   Code   RO         9211    .text               mc_w.l(uidiv.o)
    0x08000504   0x08000504   0x00000062   Code   RO         9213    .text               mc_w.l(uldiv.o)
    0x08000566   0x08000566   0x0000001c   Code   RO         9215    .text               mc_w.l(_chval.o)
    0x08000582   0x08000582   0x00000002   PAD
    0x08000584   0x08000584   0x00000028   Code   RO         9217    .text               mc_w.l(scanf_char.o)
    0x080005ac   0x080005ac   0x00000040   Code   RO         9219    .text               mc_w.l(_sgetc.o)
    0x080005ec   0x080005ec   0x00000000   Code   RO         9221    .text               mc_w.l(iusefp.o)
    0x080005ec   0x080005ec   0x0000014e   Code   RO         9222    .text               mf_w.l(dadd.o)
    0x0800073a   0x0800073a   0x000000e4   Code   RO         9224    .text               mf_w.l(dmul.o)
    0x0800081e   0x0800081e   0x000000de   Code   RO         9226    .text               mf_w.l(ddiv.o)
    0x080008fc   0x080008fc   0x00000030   Code   RO         9228    .text               mf_w.l(dfixul.o)
    0x0800092c   0x0800092c   0x00000030   Code   RO         9230    .text               mf_w.l(cdrcmple.o)
    0x0800095c   0x0800095c   0x00000024   Code   RO         9232    .text               mc_w.l(init.o)
    0x08000980   0x08000980   0x0000001e   Code   RO         9234    .text               mc_w.l(llshl.o)
    0x0800099e   0x0800099e   0x00000020   Code   RO         9236    .text               mc_w.l(llushr.o)
    0x080009be   0x080009be   0x00000024   Code   RO         9238    .text               mc_w.l(llsshr.o)
    0x080009e2   0x080009e2   0x0000000a   Code   RO         9240    .text               mc_w.l(isspace_c.o)
    0x080009ec   0x080009ec   0x00000330   Code   RO         9242    .text               mc_w.l(_scanf.o)
    0x08000d1c   0x08000d1c   0x000000ba   Code   RO         9244    .text               mf_w.l(depilogue.o)
    0x08000dd6   0x08000dd6   0x00000002   PAD
    0x08000dd8   0x08000dd8   0x00000028   Code   RO         9246    .text               mc_w.l(ctype_c.o)
    0x08000e00   0x08000e00   0x00000056   Code   RO         9257    .text               mc_w.l(__dczerorl2.o)
    0x08000e56   0x08000e56   0x00000002   PAD
    0x08000e58   0x08000e58   0x00000108   Code   RO          487    i.App_CANTask       app_tasks.o
    0x08000f60   0x08000f60   0x0000005c   Code   RO          489    i.App_ErrorLogTask  app_tasks.o
    0x08000fbc   0x08000fbc   0x000003b8   Code   RO          490    i.App_Init          app_tasks.o
    0x08001374   0x08001374   0x00000024   Code   RO          491    i.App_RS485_PollTask  app_tasks.o
    0x08001398   0x08001398   0x0000011c   Code   RO          492    i.App_SPIFlashTask  app_tasks.o
    0x080014b4   0x080014b4   0x000000a4   Code   RO          493    i.App_SerialRxTask  app_tasks.o
    0x08001558   0x08001558   0x00000264   Code   RO          494    i.App_WifiTask      app_tasks.o
    0x080017bc   0x080017bc   0x00000034   Code   RO          733    i.BSP_Init          main.o
    0x080017f0   0x080017f0   0x00000004   Code   RO          770    i.BusFault_Handler  stm32f4xx_it.o
    0x080017f4   0x080017f4   0x00000010   Code   RO          495    i.CAN1_RX0_IRQHandler  app_tasks.o
    0x08001804   0x08001804   0x00000028   Code   RO         2722    i.CAN_CancelTransmit  stm32f4xx_can.o
    0x0800182c   0x0800182c   0x000000a8   Code   RO         2724    i.CAN_ClearITPendingBit  stm32f4xx_can.o
    0x080018d4   0x080018d4   0x00000038   Code   RO         2726    i.CAN_DeInit        stm32f4xx_can.o
    0x0800190c   0x0800190c   0x00000120   Code   RO          917    i.CAN_Deinit        can_driver.o
    0x08001a2c   0x08001a2c   0x00000108   Code   RO         2728    i.CAN_FilterInit    stm32f4xx_can.o
    0x08001b34   0x08001b34   0x00000120   Code   RO         2730    i.CAN_GetITStatus   stm32f4xx_can.o
    0x08001c54   0x08001c54   0x00000072   Code   RO          918    i.CAN_IRQHandler    can_driver.o
    0x08001cc6   0x08001cc6   0x00000012   Code   RO         2734    i.CAN_ITConfig      stm32f4xx_can.o
    0x08001cd8   0x08001cd8   0x00000114   Code   RO         2735    i.CAN_Init          stm32f4xx_can.o
    0x08001dec   0x08001dec   0x000000e8   Code   RO         2738    i.CAN_Receive       stm32f4xx_can.o
    0x08001ed4   0x08001ed4   0x00000124   Code   RO          919    i.CAN_ReceiveMessage  can_driver.o
    0x08001ff8   0x08001ff8   0x00000114   Code   RO          920    i.CAN_SendMessage   can_driver.o
    0x0800210c   0x0800210c   0x00000126   Code   RO         2743    i.CAN_Transmit      stm32f4xx_can.o
    0x08002232   0x08002232   0x00000002   PAD
    0x08002234   0x08002234   0x000000a0   Code   RO         2744    i.CAN_TransmitStatus  stm32f4xx_can.o
    0x080022d4   0x080022d4   0x00000254   Code   RO          921    i.CANx_Init         can_driver.o
    0x08002528   0x08002528   0x00000012   Code   RO         2746    i.CheckITStatus     stm32f4xx_can.o
    0x0800253a   0x0800253a   0x00000002   PAD
    0x0800253c   0x0800253c   0x00000090   Code   RO          979    i.Common_GPIO_Init  common_driver.o
    0x080025cc   0x080025cc   0x00000124   Code   RO          981    i.Common_USART_Init  common_driver.o
    0x080026f0   0x080026f0   0x00000002   Code   RO          771    i.DebugMon_Handler  stm32f4xx_it.o
    0x080026f2   0x080026f2   0x00000002   PAD
    0x080026f4   0x080026f4   0x000000fc   Code   RO         1847    i.DeviceManager_Find  device_manager.o
    0x080027f0   0x080027f0   0x000000f0   Code   RO         1848    i.DeviceManager_Init  device_manager.o
    0x080028e0   0x080028e0   0x00000160   Code   RO         1849    i.DeviceManager_Register  device_manager.o
    0x08002a40   0x08002a40   0x000002ec   Code   RO            4    i.EEPROMReadByteFromReg  api_eeprom.o
    0x08002d2c   0x08002d2c   0x0000027c   Code   RO            6    i.EEPROMWriteByteToReg  api_eeprom.o
    0x08002fa8   0x08002fa8   0x00000014   Code   RO         1041    i.EXTI0_IRQHandler  exti.o
    0x08002fbc   0x08002fbc   0x00000018   Code   RO         1042    i.EXTI15_10_IRQHandler  exti.o
    0x08002fd4   0x08002fd4   0x00000014   Code   RO         1043    i.EXTI2_IRQHandler  exti.o
    0x08002fe8   0x08002fe8   0x00000014   Code   RO         1044    i.EXTI3_IRQHandler  exti.o
    0x08002ffc   0x08002ffc   0x00000024   Code   RO         3884    i.FLASH_PrefetchBufferCmd  stm32f4xx_flash.o
    0x08003020   0x08003020   0x0000000c   Code   RO         3889    i.FLASH_SetLatency  stm32f4xx_flash.o
    0x0800302c   0x0800302c   0x00000074   Code   RO         1496    i.Flash_Read_Id     spi_flash.o
    0x080030a0   0x080030a0   0x00000012   Code   RO         2111    i.FreeRTOS_CreateQueue  rtos_freertos_impl.o
    0x080030b2   0x080030b2   0x0000000c   Code   RO         2112    i.FreeRTOS_Delay    rtos_freertos_impl.o
    0x080030be   0x080030be   0x0000000e   Code   RO         2113    i.FreeRTOS_DeleteQueue  rtos_freertos_impl.o
    0x080030cc   0x080030cc   0x0000000e   Code   RO         2114    i.FreeRTOS_Free     rtos_freertos_impl.o
    0x080030da   0x080030da   0x00000008   Code   RO         2115    i.FreeRTOS_GetTickCount  rtos_freertos_impl.o
    0x080030e2   0x080030e2   0x0000000c   Code   RO         2116    i.FreeRTOS_Malloc   rtos_freertos_impl.o
    0x080030ee   0x080030ee   0x0000000a   Code   RO         2117    i.FreeRTOS_QueueCreateMutex  rtos_freertos_impl.o
    0x080030f8   0x080030f8   0x00000002   Code   RO         2118    i.FreeRTOS_QueueGive  rtos_freertos_impl.o
    0x080030fa   0x080030fa   0x0000001e   Code   RO         2119    i.FreeRTOS_QueueTake  rtos_freertos_impl.o
    0x08003118   0x08003118   0x00000022   Code   RO         2120    i.FreeRTOS_ReceiveQueue  rtos_freertos_impl.o
    0x0800313a   0x0800313a   0x00000030   Code   RO         2121    i.FreeRTOS_ReceiveQueueFromISR  rtos_freertos_impl.o
    0x0800316a   0x0800316a   0x0000000a   Code   RO         2122    i.FreeRTOS_SemaphoreCreate  rtos_freertos_impl.o
    0x08003174   0x08003174   0x0000000e   Code   RO         2123    i.FreeRTOS_SemaphoreDelete  rtos_freertos_impl.o
    0x08003182   0x08003182   0x00000014   Code   RO         2124    i.FreeRTOS_SemaphoreGive  rtos_freertos_impl.o
    0x08003196   0x08003196   0x0000002c   Code   RO         2125    i.FreeRTOS_SemaphoreGiveFromISR  rtos_freertos_impl.o
    0x080031c2   0x080031c2   0x0000001e   Code   RO         2126    i.FreeRTOS_SemaphoreTake  rtos_freertos_impl.o
    0x080031e0   0x080031e0   0x00000024   Code   RO         2127    i.FreeRTOS_SendQueue  rtos_freertos_impl.o
    0x08003204   0x08003204   0x00000032   Code   RO         2128    i.FreeRTOS_SendQueueFromISR  rtos_freertos_impl.o
    0x08003236   0x08003236   0x00000034   Code   RO         2129    i.FreeRTOS_TaskCreate  rtos_freertos_impl.o
    0x0800326a   0x0800326a   0x0000000e   Code   RO         2130    i.FreeRTOS_TaskDelete  rtos_freertos_impl.o
    0x08003278   0x08003278   0x00000008   Code   RO         2131    i.FreeRTOS_TaskStartScheduler  rtos_freertos_impl.o
    0x08003280   0x08003280   0x00000024   Code   RO         2132    i.FreeRTOS_YieldFromISR  rtos_freertos_impl.o
    0x080032a4   0x080032a4   0x000000c8   Code   RO         1045    i.GPIO_IRQHandler   exti.o
    0x0800336c   0x0800336c   0x00000090   Code   RO         4348    i.GPIO_Init         stm32f4xx_gpio.o
    0x080033fc   0x080033fc   0x00000046   Code   RO         4349    i.GPIO_PinAFConfig  stm32f4xx_gpio.o
    0x08003442   0x08003442   0x00000012   Code   RO         4352    i.GPIO_ReadInputDataBit  stm32f4xx_gpio.o
    0x08003454   0x08003454   0x00000006   Code   RO         4355    i.GPIO_ResetBits    stm32f4xx_gpio.o
    0x0800345a   0x0800345a   0x00000004   Code   RO         4356    i.GPIO_SetBits      stm32f4xx_gpio.o
    0x0800345e   0x0800345e   0x00000008   Code   RO         4358    i.GPIO_ToggleBits   stm32f4xx_gpio.o
    0x08003466   0x08003466   0x00000016   Code   RO          982    i.GetPinSource      common_driver.o
    0x0800347c   0x0800347c   0x00000052   Code   RO          185    i.HandleATState_Data  api_wifi.o
    0x080034ce   0x080034ce   0x00000002   PAD
    0x080034d0   0x080034d0   0x00000050   Code   RO          186    i.HandleATState_End  api_wifi.o
    0x08003520   0x08003520   0x00000016   Code   RO          187    i.HandleATState_Init  api_wifi.o
    0x08003536   0x08003536   0x00000036   Code   RO          188    i.HandleATState_Start  api_wifi.o
    0x0800356c   0x0800356c   0x000000d0   Code   RO          189    i.HandleSignalState_Data  api_wifi.o
    0x0800363c   0x0800363c   0x0000000a   Code   RO          190    i.HandleSignalState_End  api_wifi.o
    0x08003646   0x08003646   0x0000001c   Code   RO          191    i.HandleSignalState_Init  api_wifi.o
    0x08003662   0x08003662   0x00000036   Code   RO          192    i.HandleSignalState_Start  api_wifi.o
    0x08003698   0x08003698   0x00000016   Code   RO         1943    i.HandleState_Data  protocol_handler.o
    0x080036ae   0x080036ae   0x00000002   PAD
    0x080036b0   0x080036b0   0x000000b8   Code   RO         1944    i.HandleState_End   protocol_handler.o
    0x08003768   0x08003768   0x0000003c   Code   RO         1945    i.HandleState_Init  protocol_handler.o
    0x080037a4   0x080037a4   0x00000028   Code   RO         1946    i.HandleState_Start  protocol_handler.o
    0x080037cc   0x080037cc   0x000000c4   Code   RO          193    i.HandleStatusState_Data  api_wifi.o
    0x08003890   0x08003890   0x0000000a   Code   RO          194    i.HandleStatusState_End  api_wifi.o
    0x0800389a   0x0800389a   0x00000028   Code   RO          195    i.HandleStatusState_Init  api_wifi.o
    0x080038c2   0x080038c2   0x00000036   Code   RO          196    i.HandleStatusState_Start  api_wifi.o
    0x080038f8   0x080038f8   0x00000034   Code   RO          197    i.HandleTCPState_Data  api_wifi.o
    0x0800392c   0x0800392c   0x0000004c   Code   RO          198    i.HandleTCPState_End  api_wifi.o
    0x08003978   0x08003978   0x00000014   Code   RO          199    i.HandleTCPState_Init  api_wifi.o
    0x0800398c   0x0800398c   0x0000000e   Code   RO          200    i.HandleTCPState_Start  api_wifi.o
    0x0800399a   0x0800399a   0x00000004   Code   RO          772    i.HardFault_Handler  stm32f4xx_it.o
    0x0800399e   0x0800399e   0x00000002   PAD
    0x080039a0   0x080039a0   0x0000009c   Code   RO         1114    i.IIC_AttachDevice  iic_driver.o
    0x08003a3c   0x08003a3c   0x0000023c   Code   RO         1115    i.IIC_Check         iic_driver.o
    0x08003c78   0x08003c78   0x0000005c   Code   RO         1116    i.IIC_INIT          iic_driver.o
    0x08003cd4   0x08003cd4   0x00000160   Code   RO         1117    i.IIC_ReadByte      iic_driver.o
    0x08003e34   0x08003e34   0x0000008c   Code   RO         1119    i.IIC_Start         iic_driver.o
    0x08003ec0   0x08003ec0   0x0000008c   Code   RO         1120    i.IIC_Stop          iic_driver.o
    0x08003f4c   0x08003f4c   0x000000a4   Code   RO         1121    i.IIC_WaitWriteComplete  iic_driver.o
    0x08003ff0   0x08003ff0   0x00000128   Code   RO         1122    i.IIC_WriteByte     iic_driver.o
    0x08004118   0x08004118   0x000000d8   Code   RO         1125    i.IICx_Init         iic_driver.o
    0x080041f0   0x080041f0   0x0000003c   Code   RO         1899    i.Log_Message       log_system.o
    0x0800422c   0x0800422c   0x00000060   Code   RO         1900    i.Log_ToBuffer      log_system.o
    0x0800428c   0x0800428c   0x00000004   Code   RO          773    i.MemManage_Handler  stm32f4xx_it.o
    0x08004290   0x08004290   0x00000038   Code   RO         1947    i.Modbus_CRC16      protocol_handler.o
    0x080042c8   0x080042c8   0x00000038   Code   RO         2255    i.Modbus_CRC16      serial_interface.o
    0x08004300   0x08004300   0x00000002   Code   RO          774    i.NMI_Handler       stm32f4xx_it.o
    0x08004302   0x08004302   0x00000002   PAD
    0x08004304   0x08004304   0x00000078   Code   RO         2428    i.NVIC_Init         misc.o
    0x0800437c   0x0800437c   0x00000014   Code   RO         2429    i.NVIC_PriorityGroupConfig  misc.o
    0x08004390   0x08004390   0x00000098   Code   RO         1356    i.PCF8574_ReadBit   pcf8574.o
    0x08004428   0x08004428   0x000001a0   Code   RO         1357    i.PCF8574_ReadByte  pcf8574.o
    0x080045c8   0x080045c8   0x000000a4   Code   RO         1358    i.PCF8574_WriteBit  pcf8574.o
    0x0800466c   0x0800466c   0x000001dc   Code   RO         1359    i.PCF8574_WriteByte  pcf8574.o
    0x08004848   0x08004848   0x00000014   Code   RO         1948    i.Protocol_Init     protocol_handler.o
    0x0800485c   0x0800485c   0x00000068   Code   RO         1949    i.Protocol_ProcessByte  protocol_handler.o
    0x080048c4   0x080048c4   0x00000060   Code   RO         1950    i.Protocol_RegisterHandler  protocol_handler.o
    0x08004924   0x08004924   0x00000020   Code   RO         5280    i.RCC_AHB1PeriphClockCmd  stm32f4xx_rcc.o
    0x08004944   0x08004944   0x00000020   Code   RO         5289    i.RCC_APB1PeriphClockCmd  stm32f4xx_rcc.o
    0x08004964   0x08004964   0x00000020   Code   RO         5291    i.RCC_APB1PeriphResetCmd  stm32f4xx_rcc.o
    0x08004984   0x08004984   0x00000020   Code   RO         5292    i.RCC_APB2PeriphClockCmd  stm32f4xx_rcc.o
    0x080049a4   0x080049a4   0x00000064   Code   RO         5300    i.RCC_DeInit        stm32f4xx_rcc.o
    0x08004a08   0x08004a08   0x000000e8   Code   RO         5301    i.RCC_GetClocksFreq  stm32f4xx_rcc.o
    0x08004af0   0x08004af0   0x00000040   Code   RO         5302    i.RCC_GetFlagStatus  stm32f4xx_rcc.o
    0x08004b30   0x08004b30   0x00000010   Code   RO         5304    i.RCC_GetSYSCLKSource  stm32f4xx_rcc.o
    0x08004b40   0x08004b40   0x00000018   Code   RO         5305    i.RCC_HCLKConfig    stm32f4xx_rcc.o
    0x08004b58   0x08004b58   0x00000010   Code   RO         5306    i.RCC_HSEConfig     stm32f4xx_rcc.o
    0x08004b68   0x08004b68   0x00000018   Code   RO         5316    i.RCC_PCLK1Config   stm32f4xx_rcc.o
    0x08004b80   0x08004b80   0x00000018   Code   RO         5317    i.RCC_PCLK2Config   stm32f4xx_rcc.o
    0x08004b98   0x08004b98   0x0000000c   Code   RO         5318    i.RCC_PLLCmd        stm32f4xx_rcc.o
    0x08004ba4   0x08004ba4   0x00000024   Code   RO         5319    i.RCC_PLLConfig     stm32f4xx_rcc.o
    0x08004bc8   0x08004bc8   0x00000018   Code   RO         5330    i.RCC_SYSCLKConfig  stm32f4xx_rcc.o
    0x08004be0   0x08004be0   0x00000038   Code   RO         5332    i.RCC_WaitForHSEStartUp  stm32f4xx_rcc.o
    0x08004c18   0x08004c18   0x00000076   Code   RO         2256    i.RS485_FrameToBytes  serial_interface.o
    0x08004c8e   0x08004c8e   0x00000002   PAD
    0x08004c90   0x08004c90   0x0000000c   Code   RO         2078    i.RTOS_GetOps       rtos_abstraction.o
    0x08004c9c   0x08004c9c   0x00000018   Code   RO         2079    i.RTOS_SetOps       rtos_abstraction.o
    0x08004cb4   0x08004cb4   0x00000040   Code   RO         2011    i.RingBuffer_Deinit  ring_buffer.o
    0x08004cf4   0x08004cf4   0x00000058   Code   RO         2012    i.RingBuffer_Init   ring_buffer.o
    0x08004d4c   0x08004d4c   0x00000016   Code   RO         2013    i.RingBuffer_IsAvailable  ring_buffer.o
    0x08004d62   0x08004d62   0x00000014   Code   RO         2014    i.RingBuffer_IsEmpty  ring_buffer.o
    0x08004d76   0x08004d76   0x00000056   Code   RO         2016    i.RingBuffer_Read   ring_buffer.o
    0x08004dcc   0x08004dcc   0x0000005a   Code   RO         2017    i.RingBuffer_Write  ring_buffer.o
    0x08004e26   0x08004e26   0x00000068   Code   RO         2018    i.RingBuffer_WriteFromISR  ring_buffer.o
    0x08004e8e   0x08004e8e   0x00000018   Code   RO         6441    i.SPI_Cmd           stm32f4xx_spi.o
    0x08004ea6   0x08004ea6   0x00000002   PAD
    0x08004ea8   0x08004ea8   0x00000130   Code   RO         1498    i.SPI_Flash_EraseSector  spi_flash.o
    0x08004fd8   0x08004fd8   0x0000016c   Code   RO         1500    i.SPI_Flash_Init    spi_flash.o
    0x08005144   0x08005144   0x000000f0   Code   RO         1501    i.SPI_Flash_ReadData  spi_flash.o
    0x08005234   0x08005234   0x00000068   Code   RO         1502    i.SPI_Flash_ReadStatusReg  spi_flash.o
    0x0800529c   0x0800529c   0x00000048   Code   RO         1503    i.SPI_Flash_Transfer  spi_flash.o
    0x080052e4   0x080052e4   0x00000168   Code   RO         1504    i.SPI_Flash_WritePage  spi_flash.o
    0x0800544c   0x0800544c   0x000000a8   Code   RO         1505    i.SPI_Flash_WriteStatusReg  spi_flash.o
    0x080054f4   0x080054f4   0x000002b4   Code   RO         1506    i.SPI_Flash_Write_With_Erase  spi_flash.o
    0x080057a8   0x080057a8   0x00000012   Code   RO         6449    i.SPI_I2S_GetFlagStatus  stm32f4xx_spi.o
    0x080057ba   0x080057ba   0x00000006   Code   RO         6452    i.SPI_I2S_ReceiveData  stm32f4xx_spi.o
    0x080057c0   0x080057c0   0x00000004   Code   RO         6453    i.SPI_I2S_SendData  stm32f4xx_spi.o
    0x080057c4   0x080057c4   0x0000003c   Code   RO         6454    i.SPI_Init          stm32f4xx_spi.o
    0x08005800   0x08005800   0x00000078   Code   RO         2257    i.Serial_AddFrameToQueue  serial_interface.o
    0x08005878   0x08005878   0x0000000c   Code   RO         2258    i.Serial_Deinit     serial_interface.o
    0x08005884   0x08005884   0x00000084   Code   RO         1420    i.Serial_Driver_Deinit  serial_driver.o
    0x08005908   0x08005908   0x0000002e   Code   RO         1421    i.Serial_Driver_IRQHandler  serial_driver.o
    0x08005936   0x08005936   0x00000002   PAD
    0x08005938   0x08005938   0x000000a8   Code   RO         1422    i.Serial_Driver_Init  serial_driver.o
    0x080059e0   0x080059e0   0x00000036   Code   RO         1423    i.Serial_Driver_ReceiveByte  serial_driver.o
    0x08005a16   0x08005a16   0x00000002   PAD
    0x08005a18   0x08005a18   0x000000a0   Code   RO         1424    i.Serial_Driver_SendData  serial_driver.o
    0x08005ab8   0x08005ab8   0x00000028   Code   RO         2259    i.Serial_ErrorLog_Init  serial_interface.o
    0x08005ae0   0x08005ae0   0x00000088   Code   RO         1425    i.Serial_GPIO_Init  serial_driver.o
    0x08005b68   0x08005b68   0x00000050   Code   RO         2260    i.Serial_GetErrorLog  serial_interface.o
    0x08005bb8   0x08005bb8   0x00000038   Code   RO         2261    i.Serial_Init       serial_interface.o
    0x08005bf0   0x08005bf0   0x0000002c   Code   RO         2262    i.Serial_LogError   serial_interface.o
    0x08005c1c   0x08005c1c   0x00000034   Code   RO         1426    i.Serial_NVIC_Init  serial_driver.o
    0x08005c50   0x08005c50   0x00000064   Code   RO         2263    i.Serial_PollSendRS485  serial_interface.o
    0x08005cb4   0x08005cb4   0x000000b4   Code   RO         2264    i.Serial_ReceiveFromBuffer  serial_interface.o
    0x08005d68   0x08005d68   0x00000026   Code   RO         1427    i.Serial_RingBuffer_Init  serial_driver.o
    0x08005d8e   0x08005d8e   0x00000026   Code   RO         2265    i.Serial_SendData   serial_interface.o
    0x08005db4   0x08005db4   0x00000038   Code   RO         2266    i.Serial_SendFrame  serial_interface.o
    0x08005dec   0x08005dec   0x00000026   Code   RO         1428    i.Serial_USART_Init  serial_driver.o
    0x08005e12   0x08005e12   0x00000002   PAD
    0x08005e14   0x08005e14   0x00000120   Code   RO         2387    i.SetSysClock       system_stm32f4xx.o
    0x08005f34   0x08005f34   0x0000000c   Code   RO         2346    i.StateMachine_Init  state_machine.o
    0x08005f40   0x08005f40   0x0000003c   Code   RO         2347    i.StateMachine_Process  state_machine.o
    0x08005f7c   0x08005f7c   0x00000028   Code   RO         2432    i.SysTick_CLKSourceConfig  misc.o
    0x08005fa4   0x08005fa4   0x00000010   Code   RO          775    i.SysTick_Handler   stm32f4xx_it.o
    0x08005fb4   0x08005fb4   0x000001dc   Code   RO         1710    i.SystemClock_Config  sys.o
    0x08006190   0x08006190   0x000000c0   Code   RO         2388    i.SystemCoreClockUpdate  system_stm32f4xx.o
    0x08006250   0x08006250   0x00000068   Code   RO         2389    i.SystemInit        system_stm32f4xx.o
    0x080062b8   0x080062b8   0x0000002c   Code   RO          883    i.TIM6_DAC_IRQHandler  btim.o
    0x080062e4   0x080062e4   0x00000060   Code   RO          884    i.TIM6_Init         btim.o
    0x08006344   0x08006344   0x00000006   Code   RO         6674    i.TIM_ClearITPendingBit  stm32f4xx_tim.o
    0x0800634a   0x0800634a   0x00000018   Code   RO         6679    i.TIM_Cmd           stm32f4xx_tim.o
    0x08006362   0x08006362   0x00000022   Code   RO         6700    i.TIM_GetITStatus   stm32f4xx_tim.o
    0x08006384   0x08006384   0x00000012   Code   RO         6704    i.TIM_ITConfig      stm32f4xx_tim.o
    0x08006396   0x08006396   0x00000002   PAD
    0x08006398   0x08006398   0x00000084   Code   RO         6751    i.TIM_TimeBaseInit  stm32f4xx_tim.o
    0x0800641c   0x0800641c   0x00000010   Code   RO          496    i.USART1_IRQHandler  app_tasks.o
    0x0800642c   0x0800642c   0x00000010   Code   RO          497    i.USART2_IRQHandler  app_tasks.o
    0x0800643c   0x0800643c   0x00000010   Code   RO          498    i.USART3_IRQHandler  app_tasks.o
    0x0800644c   0x0800644c   0x0000001e   Code   RO         7230    i.USART_ClearITPendingBit  stm32f4xx_usart.o
    0x0800646a   0x0800646a   0x00000018   Code   RO         7233    i.USART_Cmd         stm32f4xx_usart.o
    0x08006482   0x08006482   0x0000001a   Code   RO         7236    i.USART_GetFlagStatus  stm32f4xx_usart.o
    0x0800649c   0x0800649c   0x00000054   Code   RO         7237    i.USART_GetITStatus  stm32f4xx_usart.o
    0x080064f0   0x080064f0   0x0000004a   Code   RO         7239    i.USART_ITConfig    stm32f4xx_usart.o
    0x0800653a   0x0800653a   0x00000002   PAD
    0x0800653c   0x0800653c   0x000000d4   Code   RO         7240    i.USART_Init        stm32f4xx_usart.o
    0x08006610   0x08006610   0x0000000a   Code   RO         7247    i.USART_ReceiveData  stm32f4xx_usart.o
    0x0800661a   0x0800661a   0x00000008   Code   RO         7250    i.USART_SendData    stm32f4xx_usart.o
    0x08006622   0x08006622   0x00000004   Code   RO          776    i.UsageFault_Handler  stm32f4xx_it.o
    0x08006626   0x08006626   0x00000002   PAD
    0x08006628   0x08006628   0x0000026c   Code   RO         1507    i.W25Qxx_Init       spi_flash.o
    0x08006894   0x08006894   0x00000150   Code   RO          201    i.WiFi_ConnectTCPServer  api_wifi.o
    0x080069e4   0x080069e4   0x0000010c   Code   RO          202    i.WiFi_DisconnectTCPServer  api_wifi.o
    0x08006af0   0x08006af0   0x00000090   Code   RO          203    i.WiFi_Init         api_wifi.o
    0x08006b80   0x08006b80   0x00000188   Code   RO          204    i.WiFi_QuerySignalStrength  api_wifi.o
    0x08006d08   0x08006d08   0x000002e4   Code   RO          205    i.WiFi_QueryStatus  api_wifi.o
    0x08006fec   0x08006fec   0x0000019c   Code   RO          206    i.WiFi_ReceiveTCPData  api_wifi.o
    0x08007188   0x08007188   0x000001ec   Code   RO          207    i.WiFi_SendATCommand  api_wifi.o
    0x08007374   0x08007374   0x000001c4   Code   RO          208    i.WiFi_SendTCPData  api_wifi.o
    0x08007538   0x08007538   0x000000bc   Code   RO          209    i.WiFi_SetOps       api_wifi.o
    0x080075f4   0x080075f4   0x000001b4   Code   RO          687    i.WiFi_TaskInit     tsk_wifi.o
    0x080077a8   0x080077a8   0x00000020   Code   RO         9160    i.__0printf         mc_w.l(printfa.o)
    0x080077c8   0x080077c8   0x00000034   Code   RO         9161    i.__0snprintf       mc_w.l(printfa.o)
    0x080077fc   0x080077fc   0x00000034   Code   RO         9165    i.__0vsnprintf      mc_w.l(printfa.o)
    0x08007830   0x08007830   0x0000000e   Code   RO         9251    i.__scatterload_copy  mc_w.l(handlers.o)
    0x0800783e   0x0800783e   0x00000002   Code   RO         9252    i.__scatterload_null  mc_w.l(handlers.o)
    0x08007840   0x08007840   0x0000000e   Code   RO         9253    i.__scatterload_zeroinit  mc_w.l(handlers.o)
    0x0800784e   0x0800784e   0x00000002   PAD
    0x08007850   0x08007850   0x00000184   Code   RO         9167    i._fp_digits        mc_w.l(printfa.o)
    0x080079d4   0x080079d4   0x000006b4   Code   RO         9168    i._printf_core      mc_w.l(printfa.o)
    0x08008088   0x08008088   0x00000024   Code   RO         9169    i._printf_post_padding  mc_w.l(printfa.o)
    0x080080ac   0x080080ac   0x0000002e   Code   RO         9170    i._printf_pre_padding  mc_w.l(printfa.o)
    0x080080da   0x080080da   0x0000001c   Code   RO         1126    i._scl_config       iic_driver.o
    0x080080f6   0x080080f6   0x0000001c   Code   RO         1127    i._sda_config       iic_driver.o
    0x08008112   0x08008112   0x00000016   Code   RO         9171    i._snputc           mc_w.l(printfa.o)
    0x08008128   0x08008128   0x000000ac   Code   RO         1508    i.check_busy        spi_flash.o
    0x080081d4   0x080081d4   0x00000010   Code   RO         1509    i.default_cs_high   spi_flash.o
    0x080081e4   0x080081e4   0x00000010   Code   RO         1510    i.default_cs_low    spi_flash.o
    0x080081f4   0x080081f4   0x00000038   Code   RO         1511    i.default_dma_transfer  spi_flash.o
    0x0800822c   0x0800822c   0x00000036   Code   RO         1512    i.default_transfer  spi_flash.o
    0x08008262   0x08008262   0x00000002   PAD
    0x08008264   0x08008264   0x00000098   Code   RO          210    i.default_wifi_disconnect_tcp  api_wifi.o
    0x080082fc   0x080082fc   0x000000a0   Code   RO          211    i.default_wifi_init  api_wifi.o
    0x0800839c   0x0800839c   0x000000a0   Code   RO          212    i.default_wifi_query_signal  api_wifi.o
    0x0800843c   0x0800843c   0x000000a4   Code   RO          213    i.default_wifi_query_status  api_wifi.o
    0x080084e0   0x080084e0   0x0000006c   Code   RO          214    i.default_wifi_read_data  api_wifi.o
    0x0800854c   0x0800854c   0x0000007c   Code   RO          215    i.default_wifi_send_data  api_wifi.o
    0x080085c8   0x080085c8   0x00000020   Code   RO         1667    i.delay_init        delay.o
    0x080085e8   0x080085e8   0x00000018   Code   RO         1668    i.delay_ms          delay.o
    0x08008600   0x08008600   0x00000018   Code   RO         1128    i.delay_us          iic_driver.o
    0x08008618   0x08008618   0x0000008c   Code   RO         1669    i.delay_us          delay.o
    0x080086a4   0x080086a4   0x0000001c   Code   RO         1795    i.fputc             usart.o
    0x080086c0   0x080086c0   0x000000bc   Code   RO         1238    i.key_init          key.o
    0x0800877c   0x0800877c   0x00000068   Code   RO         1273    i.led_init          led.o
    0x080087e4   0x080087e4   0x0000000e   Code   RO          734    i.main              main.o
    0x080087f2   0x080087f2   0x00000002   PAD
    0x080087f4   0x080087f4   0x000000dc   Code   RO         1360    i.pcf8574_init      pcf8574.o
    0x080088d0   0x080088d0   0x000000cc   Code   RO         8138    i.prvAddCurrentTaskToDelayedList  tasks.o
    0x0800899c   0x0800899c   0x000000ec   Code   RO         8139    i.prvAddNewTaskToReadyList  tasks.o
    0x08008a88   0x08008a88   0x00000064   Code   RO         8567    i.prvCheckForValidListAndQueue  timers.o
    0x08008aec   0x08008aec   0x00000048   Code   RO         8140    i.prvCheckTasksWaitingTermination  tasks.o
    0x08008b34   0x08008b34   0x0000002a   Code   RO         7694    i.prvCopyDataFromQueue  queue.o
    0x08008b5e   0x08008b5e   0x0000007e   Code   RO         7695    i.prvCopyDataToQueue  queue.o
    0x08008bdc   0x08008bdc   0x00000012   Code   RO         8141    i.prvDeleteTCB      tasks.o
    0x08008bee   0x08008bee   0x00000014   Code   RO         7696    i.prvGetDisinheritPriorityAfterTimeout  queue.o
    0x08008c02   0x08008c02   0x00000002   PAD
    0x08008c04   0x08008c04   0x00000028   Code   RO         8568    i.prvGetNextExpireTime  timers.o
    0x08008c2c   0x08008c2c   0x0000007c   Code   RO         8838    i.prvHeapInit       heap_4.o
    0x08008ca8   0x08008ca8   0x00000028   Code   RO         8142    i.prvIdleTask       tasks.o
    0x08008cd0   0x08008cd0   0x0000001e   Code   RO         7697    i.prvInitialiseMutex  queue.o
    0x08008cee   0x08008cee   0x0000002e   Code   RO         7698    i.prvInitialiseNewQueue  queue.o
    0x08008d1c   0x08008d1c   0x00000100   Code   RO         8143    i.prvInitialiseNewTask  tasks.o
    0x08008e1c   0x08008e1c   0x00000068   Code   RO         8144    i.prvInitialiseTaskLists  tasks.o
    0x08008e84   0x08008e84   0x00000068   Code   RO         8839    i.prvInsertBlockIntoFreeList  heap_4.o
    0x08008eec   0x08008eec   0x00000058   Code   RO         8570    i.prvInsertTimerInActiveList  timers.o
    0x08008f44   0x08008f44   0x0000001a   Code   RO         7699    i.prvIsQueueEmpty   queue.o
    0x08008f5e   0x08008f5e   0x0000001e   Code   RO         7700    i.prvIsQueueFull    queue.o
    0x08008f7c   0x08008f7c   0x000000c0   Code   RO         7701    i.prvNotifyQueueSetContainer  queue.o
    0x0800903c   0x0800903c   0x00000044   Code   RO         8571    i.prvProcessExpiredTimer  timers.o
    0x08009080   0x08009080   0x0000016c   Code   RO         8572    i.prvProcessReceivedCommands  timers.o
    0x080091ec   0x080091ec   0x00000074   Code   RO         8573    i.prvProcessTimerOrBlockTask  timers.o
    0x08009260   0x08009260   0x00000028   Code   RO         8574    i.prvReloadTimer    timers.o
    0x08009288   0x08009288   0x00000030   Code   RO         8146    i.prvResetNextTaskUnblockTime  tasks.o
    0x080092b8   0x080092b8   0x0000002c   Code   RO         8575    i.prvSampleTimeNow  timers.o
    0x080092e4   0x080092e4   0x00000044   Code   RO         8576    i.prvSwitchTimerLists  timers.o
    0x08009328   0x08009328   0x0000007c   Code   RO         8746    i.prvTaskExitError  port.o
    0x080093a4   0x080093a4   0x0000001a   Code   RO         8577    i.prvTimerTask      timers.o
    0x080093be   0x080093be   0x00000090   Code   RO         7702    i.prvUnlockQueue    queue.o
    0x0800944e   0x0800944e   0x00000002   PAD
    0x08009450   0x08009450   0x0000018c   Code   RO         8840    i.pvPortMalloc      heap_4.o
    0x080095dc   0x080095dc   0x00000020   Code   RO         8151    i.pvTaskIncrementMutexHeldCount  tasks.o
    0x080095fc   0x080095fc   0x0000002c   Code   RO         8747    i.pxPortInitialiseStack  port.o
    0x08009628   0x08009628   0x00000054   Code   RO         1513    i.send_address      spi_flash.o
    0x0800967c   0x0800967c   0x00000028   Code   RO         7638    i.uxListRemove      list.o
    0x080096a4   0x080096a4   0x0000001a   Code   RO         7639    i.vListInitialise   list.o
    0x080096be   0x080096be   0x00000006   Code   RO         7640    i.vListInitialiseItem  list.o
    0x080096c4   0x080096c4   0x00000034   Code   RO         7641    i.vListInsert       list.o
    0x080096f8   0x080096f8   0x00000018   Code   RO         7642    i.vListInsertEnd    list.o
    0x08009710   0x08009710   0x00000094   Code   RO         8749    i.vPortEnterCritical  port.o
    0x080097a4   0x080097a4   0x0000007c   Code   RO         8750    i.vPortExitCritical  port.o
    0x08009820   0x08009820   0x000000d4   Code   RO         8841    i.vPortFree         heap_4.o
    0x080098f4   0x080098f4   0x00000028   Code   RO         8751    i.vPortSetupTimerInterrupt  port.o
    0x0800991c   0x0800991c   0x000000ac   Code   RO         8752    i.vPortValidateInterruptPriority  port.o
    0x080099c8   0x080099c8   0x00000088   Code   RO         7708    i.vQueueAddToRegistry  queue.o
    0x08009a50   0x08009a50   0x00000054   Code   RO         7709    i.vQueueDelete      queue.o
    0x08009aa4   0x08009aa4   0x00000070   Code   RO         7711    i.vQueueUnregisterQueue  queue.o
    0x08009b14   0x08009b14   0x0000004a   Code   RO         7712    i.vQueueWaitForMessageRestricted  queue.o
    0x08009b5e   0x08009b5e   0x00000002   PAD
    0x08009b60   0x08009b60   0x00000080   Code   RO         8161    i.vTaskDelay        tasks.o
    0x08009be0   0x08009be0   0x00000120   Code   RO         8162    i.vTaskDelete       tasks.o
    0x08009d00   0x08009d00   0x00000018   Code   RO         8166    i.vTaskInternalSetTimeOutState  tasks.o
    0x08009d18   0x08009d18   0x0000000c   Code   RO         8168    i.vTaskMissedYield  tasks.o
    0x08009d24   0x08009d24   0x00000060   Code   RO         8169    i.vTaskPlaceOnEventList  tasks.o
    0x08009d84   0x08009d84   0x00000088   Code   RO         8170    i.vTaskPlaceOnEventListRestricted  tasks.o
    0x08009e0c   0x08009e0c   0x00000134   Code   RO         8172    i.vTaskPriorityDisinheritAfterTimeout  tasks.o
    0x08009f40   0x08009f40   0x000000c0   Code   RO         8178    i.vTaskStartScheduler  tasks.o
    0x0800a000   0x0800a000   0x00000010   Code   RO         8180    i.vTaskSuspendAll   tasks.o
    0x0800a010   0x0800a010   0x000000b4   Code   RO         8181    i.vTaskSwitchContext  tasks.o
    0x0800a0c4   0x0800a0c4   0x0000029c   Code   RO          688    i.vWifiTask         tsk_wifi.o
    0x0800a360   0x0800a360   0x00000098   Code   RO         1514    i.write_enable      spi_flash.o
    0x0800a3f8   0x0800a3f8   0x000001a8   Code   RO         8753    i.xPortStartScheduler  port.o
    0x0800a5a0   0x0800a5a0   0x00000034   Code   RO         8754    i.xPortSysTickHandler  port.o
    0x0800a5d4   0x0800a5d4   0x00000022   Code   RO         7715    i.xQueueCreateMutex  queue.o
    0x0800a5f6   0x0800a5f6   0x00000002   PAD
    0x0800a5f8   0x0800a5f8   0x0000008c   Code   RO         7717    i.xQueueGenericCreate  queue.o
    0x0800a684   0x0800a684   0x000000f8   Code   RO         7718    i.xQueueGenericReset  queue.o
    0x0800a77c   0x0800a77c   0x000001e0   Code   RO         7719    i.xQueueGenericSend  queue.o
    0x0800a95c   0x0800a95c   0x00000140   Code   RO         7720    i.xQueueGenericSendFromISR  queue.o
    0x0800aa9c   0x0800aa9c   0x00000120   Code   RO         7721    i.xQueueGiveFromISR  queue.o
    0x0800abbc   0x0800abbc   0x0000017c   Code   RO         7727    i.xQueueReceive     queue.o
    0x0800ad38   0x0800ad38   0x00000100   Code   RO         7728    i.xQueueReceiveFromISR  queue.o
    0x0800ae38   0x0800ae38   0x000001c0   Code   RO         7732    i.xQueueSemaphoreTake  queue.o
    0x0800aff8   0x0800aff8   0x000000c8   Code   RO         8184    i.xTaskCheckForTimeOut  tasks.o
    0x0800b0c0   0x0800b0c0   0x00000060   Code   RO         8185    i.xTaskCreate       tasks.o
    0x0800b120   0x0800b120   0x00000020   Code   RO         8194    i.xTaskGetSchedulerState  tasks.o
    0x0800b140   0x0800b140   0x0000000c   Code   RO         8195    i.xTaskGetTickCount  tasks.o
    0x0800b14c   0x0800b14c   0x000001e4   Code   RO         8197    i.xTaskIncrementTick  tasks.o
    0x0800b330   0x0800b330   0x0000010c   Code   RO         8198    i.xTaskPriorityDisinherit  tasks.o
    0x0800b43c   0x0800b43c   0x000000ec   Code   RO         8199    i.xTaskPriorityInherit  tasks.o
    0x0800b528   0x0800b528   0x00000148   Code   RO         8200    i.xTaskRemoveFromEventList  tasks.o
    0x0800b670   0x0800b670   0x0000019c   Code   RO         8201    i.xTaskResumeAll    tasks.o
    0x0800b80c   0x0800b80c   0x00000080   Code   RO         8585    i.xTimerCreateTimerTask  timers.o
    0x0800b88c   0x0800b88c   0x0000000c   Data   RO            8    .constdata          api_eeprom.o
    0x0800b898   0x0800b898   0x0000008c   Data   RO          216    .constdata          api_wifi.o
    0x0800b924   0x0800b924   0x00000010   Data   RO          500    .constdata          app_tasks.o
    0x0800b934   0x0800b934   0x00000140   Data   RO          689    .constdata          tsk_wifi.o
    0x0800ba74   0x0800ba74   0x00000014   Data   RO          922    .constdata          can_driver.o
    0x0800ba88   0x0800ba88   0x00000014   Data   RO          983    .constdata          common_driver.o
    0x0800ba9c   0x0800ba9c   0x0000000c   Data   RO         1362    .constdata          pcf8574.o
    0x0800baa8   0x0800baa8   0x00000004   Data   RO         1430    .constdata          serial_driver.o
    0x0800baac   0x0800baac   0x00000006   Data   RO         1516    .constdata          spi_flash.o
    0x0800bab2   0x0800bab2   0x00000002   PAD
    0x0800bab4   0x0800bab4   0x0000005c   Data   RO         2133    .constdata          rtos_freertos_impl.o
    0x0800bb10   0x0800bb10   0x00000020   Data   RO         2268    .constdata          serial_interface.o
    0x0800bb30   0x0800bb30   0x00000040   Data   RO         9247    .constdata          mc_w.l(ctype_c.o)
    0x0800bb70   0x0800bb70   0x000000f9   Data   RO          217    .conststring        api_wifi.o
    0x0800bc69   0x0800bc69   0x00000003   PAD
    0x0800bc6c   0x0800bc6c   0x00000244   Data   RO          690    .conststring        tsk_wifi.o
    0x0800beb0   0x0800beb0   0x00000020   Data   RO         9249    Region$$Table       anon$$obj.o


    Execution Region RW_IRAM1 (Exec base: 0x20000000, Load base: 0x0800bed0, Size: 0x0000a630, Max: 0x00030000, ABSOLUTE, COMPRESSED[0x00000114])

    Exec Addr    Load Addr    Size         Type   Attr      Idx    E Section Name        Object

    0x20000000   COMPRESSED   0x000000b8   Data   RW          218    .data               api_wifi.o
    0x200000b8   COMPRESSED   0x0000010c   Data   RW          501    .data               app_tasks.o
    0x200001c4   COMPRESSED   0x00000004   Data   RW          691    .data               tsk_wifi.o
    0x200001c8   COMPRESSED   0x00000009   Data   RW          923    .data               can_driver.o
    0x200001d1   COMPRESSED   0x00000003   PAD
    0x200001d4   COMPRESSED   0x00000028   Data   RW         1129    .data               iic_driver.o
    0x200001fc   COMPRESSED   0x00000001   Data   RW         1431    .data               serial_driver.o
    0x200001fd   COMPRESSED   0x00000003   PAD
    0x20000200   COMPRESSED   0x0000003c   Data   RW         1517    .data               spi_flash.o
    0x2000023c   COMPRESSED   0x00000004   Data   RW         1670    .data               delay.o
    0x20000240   COMPRESSED   0x0000002c   Data   RW         1952    .data               protocol_handler.o
    0x2000026c   COMPRESSED   0x00000004   Data   RW         2080    .data               rtos_abstraction.o
    0x20000270   COMPRESSED   0x00000007   Data   RW         2269    .data               serial_interface.o
    0x20000277   COMPRESSED   0x00000001   PAD
    0x20000278   COMPRESSED   0x00000014   Data   RW         2390    .data               system_stm32f4xx.o
    0x2000028c   COMPRESSED   0x00000010   Data   RW         5333    .data               stm32f4xx_rcc.o
    0x2000029c   COMPRESSED   0x00000040   Data   RW         8204    .data               tasks.o
    0x200002dc   COMPRESSED   0x00000014   Data   RW         8594    .data               timers.o
    0x200002f0   COMPRESSED   0x0000000c   Data   RW         8755    .data               port.o
    0x200002fc   COMPRESSED   0x00000020   Data   RW         8847    .data               heap_4.o
    0x2000031c   COMPRESSED   0x00000004   Data   RW         9210    .data               mc_w.l(stdout.o)
    0x20000320        -       0x00000068   Zero   RW          499    .bss                app_tasks.o
    0x20000388        -       0x00000010   Zero   RW         1429    .bss                serial_driver.o
    0x20000398        -       0x00001000   Zero   RW         1515    .bss                spi_flash.o
    0x20001398        -       0x0000081c   Zero   RW         1901    .bss                log_system.o
    0x20001bb4        -       0x000001c8   Zero   RW         1951    .bss                protocol_handler.o
    0x20001d7c        -       0x00000968   Zero   RW         2267    .bss                serial_interface.o
    0x200026e4        -       0x00000040   Zero   RW         7734    .bss                queue.o
    0x20002724        -       0x000002e4   Zero   RW         8203    .bss                tasks.o
    0x20002a08        -       0x00000028   Zero   RW         8593    .bss                timers.o
    0x20002a30        -       0x00007800   Zero   RW         8846    .bss                heap_4.o
    0x2000a230        -       0x00000400   Zero   RW         2377    STACK               startup_stm32f429_439xx.o


==============================================================================

Image component sizes


      Code (inc. data)   RO Data    RW Data    ZI Data      Debug   Object Name

      1384        764         12          0          0     321615   api_eeprom.o
      5292       2088        389        184          0      49247   api_wifi.o
      2468       1236         16        268        104      13190   app_tasks.o
       140         16          0          0          0       1138   btim.o
      1566        634         20          9          0       7758   can_driver.o
       458        132         20          0          0      16647   common_driver.o
       196         20          0          4          0       2283   delay.o
       844        402          0          0          0       3283   device_manager.o
         0          0          0          0          0      13020   event_groups.o
       284         32          0          0          0       2506   exti.o
       836        208          0         32      30720       4151   heap_4.o
      2208        644          0         40          0      10757   iic_driver.o
       188         14          0          0          0        567   key.o
       104          4          0          0          0        519   led.o
       148          0          0          0          0       3374   list.o
       156         22          0          0       2076       2825   log_system.o
        66          0          0          0          0        867   main.o
       180         24          0          0          0       2321   misc.o
      1428        782         12          0          0       4274   pcf8574.o
      1318        452          0         12          0      10877   port.o
       582         38          0         44        456       6622   protocol_handler.o
      3656        614          0          0         64      22490   queue.o
       474          0          0          0          0       5367   ring_buffer.o
        36         12          0          4          0       4499   rtos_abstraction.o
       516          4         92          0          0      14955   rtos_freertos_impl.o
       824         32          4          1         16       7012   serial_driver.o
       900         46         32          7       2408      10201   serial_interface.o
      3590       1358          6         60       4096      16543   spi_flash.o
        36          8        428          0       1024        904   startup_stm32f429_439xx.o
        72          0          0          0          0       1699   state_machine.o
      1814         44          0          0          0       8749   stm32f4xx_can.o
        48         12          0          0          0       1129   stm32f4xx_flash.o
       250          0          0          0          0       4385   stm32f4xx_gpio.o
        36          0          0          0          0       3075   stm32f4xx_it.o
       756        108          0         16          0      12140   stm32f4xx_rcc.o
       112          0          0          0          0       3778   stm32f4xx_spi.o
       214         28          0          0          0       3958   stm32f4xx_tim.o
       468          8          0          0          0       6483   stm32f4xx_usart.o
       476         38          0          0          0       1269   sys.o
       584         54          0         20          0       2929   system_stm32f4xx.o
      4458       1054          0         64        740      35583   tasks.o
      1082        214          0         20         40      11108   timers.o
      1104        602        900          4          0       4506   tsk_wifi.o
        28          6          0          0          0       4241   usart.o

    ----------------------------------------------------------------------
     41424      11754       1968        796      41744     664844   Object Totals
         0          0         32          0          0          0   (incl. Generated)
        44          0          5          7          0          0   (incl. Padding)

    ----------------------------------------------------------------------

      Code (inc. data)   RO Data    RW Data    ZI Data      Debug   Library Member Name

        56          8          0          0          0         84   __0sscanf.o
        86          0          0          0          0          0   __dczerorl2.o
        28          0          0          0          0         68   _chval.o
       816          6          0          0          0        112   _scanf.o
       332          0          0          0          0         96   _scanf_int.o
        64          0          0          0          0         84   _sgetc.o
        40          6         64          0          0         68   ctype_c.o
         0          0          0          0          0          0   entry.o
         0          0          0          0          0          0   entry10a.o
         0          0          0          0          0          0   entry11a.o
         4          0          0          0          0          0   entry12b.o
         8          4          0          0          0          0   entry2.o
         4          0          0          0          0          0   entry5.o
         0          0          0          0          0          0   entry7b.o
         0          0          0          0          0          0   entry8b.o
         8          4          0          0          0          0   entry9a.o
        30          0          0          0          0          0   handlers.o
        36          8          0          0          0         68   init.o
        10          0          0          0          0         68   isspace_c.o
         0          0          0          0          0          0   iusefp.o
        30          0          0          0          0         68   llshl.o
        36          0          0          0          0         68   llsshr.o
        32          0          0          0          0         68   llushr.o
        26          0          0          0          0         80   memcmp.o
        36          0          0          0          0         68   memcpya.o
        36          0          0          0          0        108   memseta.o
      2344        100          0          0          0        700   printfa.o
        40          8          0          0          0         84   scanf_char.o
         0          0          0          4          0          0   stdout.o
        14          0          0          0          0         68   strlen.o
        24          0          0          0          0         76   strncpy.o
        36          0          0          0          0         80   strstr.o
        44          0          0          0          0         80   uidiv.o
        98          0          0          0          0         92   uldiv.o
        48          0          0          0          0         68   cdrcmple.o
       334          0          0          0          0        148   dadd.o
       222          0          0          0          0        100   ddiv.o
       186          0          0          0          0        176   depilogue.o
        48          0          0          0          0         68   dfixul.o
       228          0          0          0          0         96   dmul.o

    ----------------------------------------------------------------------
      5392        144         64          4          0       2944   Library Totals
         8          0          0          0          0          0   (incl. Padding)

    ----------------------------------------------------------------------

      Code (inc. data)   RO Data    RW Data    ZI Data      Debug   Library Name

      4318        144         64          4          0       2288   mc_w.l
      1066          0          0          0          0        656   mf_w.l

    ----------------------------------------------------------------------
      5392        144         64          4          0       2944   Library Totals

    ----------------------------------------------------------------------

==============================================================================


      Code (inc. data)   RO Data    RW Data    ZI Data      Debug   

     46816      11898       2032        800      41744     635460   Grand Totals
     46816      11898       2032        276      41744     635460   ELF Image Totals (compressed)
     46816      11898       2032        276          0          0   ROM Totals

==============================================================================

    Total RO  Size (Code + RO Data)                48848 (  47.70kB)
    Total RW  Size (RW Data + ZI Data)             42544 (  41.55kB)
    Total ROM Size (Code + RO Data + RW Data)      49124 (  47.97kB)

==============================================================================

